Component: ARM Compiler 5.06 update 5 (build 528) Tool: armlink [4d35e2]

==============================================================================

Section Cross References

    startup_stm32f10x_md.o(RESET) refers to startup_stm32f10x_md.o(STACK) for __initial_sp
    startup_stm32f10x_md.o(RESET) refers to startup_stm32f10x_md.o(.text) for Reset_Handler
    startup_stm32f10x_md.o(RESET) refers to stm32f10x_it.o(i.NMI_Handler) for NMI_Handler
    startup_stm32f10x_md.o(RESET) refers to stm32f10x_it.o(i.HardFault_Handler) for HardFault_Handler
    startup_stm32f10x_md.o(RESET) refers to stm32f10x_it.o(i.MemManage_Handler) for MemManage_Handler
    startup_stm32f10x_md.o(RESET) refers to stm32f10x_it.o(i.BusFault_Handler) for BusFault_Handler
    startup_stm32f10x_md.o(RESET) refers to stm32f10x_it.o(i.UsageFault_Handler) for UsageFault_Handler
    startup_stm32f10x_md.o(RESET) refers to stm32f10x_it.o(i.SVC_Handler) for SVC_Handler
    startup_stm32f10x_md.o(RESET) refers to stm32f10x_it.o(i.DebugMon_Handler) for DebugMon_Handler
    startup_stm32f10x_md.o(RESET) refers to stm32f10x_it.o(i.PendSV_Handler) for PendSV_Handler
    startup_stm32f10x_md.o(RESET) refers to stm32f10x_it.o(i.SysTick_Handler) for SysTick_Handler
    startup_stm32f10x_md.o(RESET) refers to dfoc.o(i.TIM4_IRQHandler) for TIM4_IRQHandler
    startup_stm32f10x_md.o(RESET) refers to serial.o(i.USART1_IRQHandler) for USART1_IRQHandler
    startup_stm32f10x_md.o(.text) refers to system_stm32f10x.o(i.SystemInit) for SystemInit
    startup_stm32f10x_md.o(.text) refers to entry.o(.ARM.Collect$$$$00000000) for __main
    system_stm32f10x.o(i.SetSysClock) refers to system_stm32f10x.o(i.SetSysClockTo72) for SetSysClockTo72
    system_stm32f10x.o(i.SystemCoreClockUpdate) refers to system_stm32f10x.o(.data) for SystemCoreClock
    system_stm32f10x.o(i.SystemInit) refers to system_stm32f10x.o(i.SetSysClock) for SetSysClock
    stm32f10x_adc.o(i.ADC_DeInit) refers to stm32f10x_rcc.o(i.RCC_APB2PeriphResetCmd) for RCC_APB2PeriphResetCmd
    stm32f10x_bkp.o(i.BKP_DeInit) refers to stm32f10x_rcc.o(i.RCC_BackupResetCmd) for RCC_BackupResetCmd
    stm32f10x_can.o(i.CAN_DeInit) refers to stm32f10x_rcc.o(i.RCC_APB1PeriphResetCmd) for RCC_APB1PeriphResetCmd
    stm32f10x_can.o(i.CAN_GetITStatus) refers to stm32f10x_can.o(i.CheckITStatus) for CheckITStatus
    stm32f10x_cec.o(i.CEC_DeInit) refers to stm32f10x_rcc.o(i.RCC_APB1PeriphResetCmd) for RCC_APB1PeriphResetCmd
    stm32f10x_dac.o(i.DAC_DeInit) refers to stm32f10x_rcc.o(i.RCC_APB1PeriphResetCmd) for RCC_APB1PeriphResetCmd
    stm32f10x_flash.o(i.FLASH_EnableWriteProtection) refers to stm32f10x_flash.o(i.FLASH_WaitForLastOperation) for FLASH_WaitForLastOperation
    stm32f10x_flash.o(i.FLASH_EraseAllBank1Pages) refers to stm32f10x_flash.o(i.FLASH_WaitForLastBank1Operation) for FLASH_WaitForLastBank1Operation
    stm32f10x_flash.o(i.FLASH_EraseAllPages) refers to stm32f10x_flash.o(i.FLASH_WaitForLastOperation) for FLASH_WaitForLastOperation
    stm32f10x_flash.o(i.FLASH_EraseOptionBytes) refers to stm32f10x_flash.o(i.FLASH_GetReadOutProtectionStatus) for FLASH_GetReadOutProtectionStatus
    stm32f10x_flash.o(i.FLASH_EraseOptionBytes) refers to stm32f10x_flash.o(i.FLASH_WaitForLastOperation) for FLASH_WaitForLastOperation
    stm32f10x_flash.o(i.FLASH_ErasePage) refers to stm32f10x_flash.o(i.FLASH_WaitForLastOperation) for FLASH_WaitForLastOperation
    stm32f10x_flash.o(i.FLASH_ProgramHalfWord) refers to stm32f10x_flash.o(i.FLASH_WaitForLastOperation) for FLASH_WaitForLastOperation
    stm32f10x_flash.o(i.FLASH_ProgramOptionByteData) refers to stm32f10x_flash.o(i.FLASH_WaitForLastOperation) for FLASH_WaitForLastOperation
    stm32f10x_flash.o(i.FLASH_ProgramWord) refers to stm32f10x_flash.o(i.FLASH_WaitForLastOperation) for FLASH_WaitForLastOperation
    stm32f10x_flash.o(i.FLASH_ReadOutProtection) refers to stm32f10x_flash.o(i.FLASH_WaitForLastOperation) for FLASH_WaitForLastOperation
    stm32f10x_flash.o(i.FLASH_UserOptionByteConfig) refers to stm32f10x_flash.o(i.FLASH_WaitForLastOperation) for FLASH_WaitForLastOperation
    stm32f10x_flash.o(i.FLASH_WaitForLastBank1Operation) refers to stm32f10x_flash.o(i.FLASH_GetBank1Status) for FLASH_GetBank1Status
    stm32f10x_flash.o(i.FLASH_WaitForLastOperation) refers to stm32f10x_flash.o(i.FLASH_GetBank1Status) for FLASH_GetBank1Status
    stm32f10x_gpio.o(i.GPIO_AFIODeInit) refers to stm32f10x_rcc.o(i.RCC_APB2PeriphResetCmd) for RCC_APB2PeriphResetCmd
    stm32f10x_gpio.o(i.GPIO_DeInit) refers to stm32f10x_rcc.o(i.RCC_APB2PeriphResetCmd) for RCC_APB2PeriphResetCmd
    stm32f10x_i2c.o(i.I2C_DeInit) refers to stm32f10x_rcc.o(i.RCC_APB1PeriphResetCmd) for RCC_APB1PeriphResetCmd
    stm32f10x_i2c.o(i.I2C_Init) refers to stm32f10x_rcc.o(i.RCC_GetClocksFreq) for RCC_GetClocksFreq
    stm32f10x_pwr.o(i.PWR_DeInit) refers to stm32f10x_rcc.o(i.RCC_APB1PeriphResetCmd) for RCC_APB1PeriphResetCmd
[...]
    ../clib/microlib/errno.c                 0x00000000   Number         0  errno.o ABSOLUTE
    ../clib/microlib/init/entry.s            0x00000000   Number         0  entry10b.o ABSOLUTE
    ../clib/microlib/init/entry.s            0x00000000   Number         0  entry9a.o ABSOLUTE
    ../clib/microlib/init/entry.s            0x00000000   Number         0  entry10a.o ABSOLUTE
    ../clib/microlib/init/entry.s            0x00000000   Number         0  entry9b.o ABSOLUTE
    ../clib/microlib/init/entry.s            0x00000000   Number         0  entry2.o ABSOLUTE
    ../clib/microlib/init/entry.s            0x00000000   Number         0  entry5.o ABSOLUTE
    ../clib/microlib/init/entry.s            0x00000000   Number         0  entry7a.o ABSOLUTE
    ../clib/microlib/init/entry.s            0x00000000   Number         0  entry7b.o ABSOLUTE
    ../clib/microlib/init/entry.s            0x00000000   Number         0  entry.o ABSOLUTE
    ../clib/microlib/init/entry.s            0x00000000   Number         0  entry8a.o ABSOLUTE
    ../clib/microlib/init/entry.s            0x00000000   Number         0  entry11a.o ABSOLUTE
    ../clib/microlib/init/entry.s            0x00000000   Number         0  entry8b.o ABSOLUTE
    ../clib/microlib/init/entry.s            0x00000000   Number         0  entry11b.o ABSOLUTE
    ../clib/microlib/longlong.c              0x00000000   Number         0  llsshr.o ABSOLUTE
    ../clib/microlib/longlong.c              0x00000000   Number         0  llshl.o ABSOLUTE
    ../clib/microlib/longlong.c              0x00000000   Number         0  llushr.o ABSOLUTE
    ../clib/microlib/printf/printf.c         0x00000000   Number         0  printfa.o ABSOLUTE
    ../clib/microlib/stdio/streams.c         0x00000000   Number         0  stdout.o ABSOLUTE
    ../clib/microlib/stubs.s                 0x00000000   Number         0  iusefp.o ABSOLUTE
    ../clib/scanf.c                          0x00000000   Number         0  __0sscanf.o ABSOLUTE
    ../clib/scanf.c                          0x00000000   Number         0  _scanf.o ABSOLUTE
    ../clib/scanf.c                          0x00000000   Number         0  _sgetc.o ABSOLUTE
    ../clib/scanf.c                          0x00000000   Number         0  scanf_char.o ABSOLUTE
    ../clib/scanf.c                          0x00000000   Number         0  _chval.o ABSOLUTE
    ../clib/scanf.c                          0x00000000   Number         0  _scanf_int.o ABSOLUTE
    ../fplib/microlib/d2f.c                  0x00000000   Number         0  d2f.o ABSOLUTE
    ../fplib/microlib/f2d.c                  0x00000000   Number         0  f2d.o ABSOLUTE
    ../fplib/microlib/fpadd.c                0x00000000   Number         0  fadd.o ABSOLUTE
    ../fplib/microlib/fpadd.c                0x00000000   Number         0  dadd.o ABSOLUTE
    ../fplib/microlib/fpdiv.c                0x00000000   Number         0  fdiv.o ABSOLUTE
    ../fplib/microlib/fpdiv.c                0x00000000   Number         0  ddiv.o ABSOLUTE
    ../fplib/microlib/fpepilogue.c           0x00000000   Number         0  fepilogue.o ABSOLUTE
    ../fplib/microlib/fpepilogue.c           0x00000000   Number         0  depilogue.o ABSOLUTE
    ../fplib/microlib/fpfix.c                0x00000000   Number         0  dfixul.o ABSOLUTE
    ../fplib/microlib/fpfix.c                0x00000000   Number         0  dfixi.o ABSOLUTE
    ../fplib/microlib/fpfix.c                0x00000000   Number         0  ffixui.o ABSOLUTE
    ../fplib/microlib/fpflt.c                0x00000000   Number         0  dfltui.o ABSOLUTE
    ../fplib/microlib/fpflt.c                0x00000000   Number         0  dflti.o ABSOLUTE
    ../fplib/microlib/fpflt.c                0x00000000   Number         0  fflti.o ABSOLUTE
    ../fplib/microlib/fpflt.c                0x00000000   Number         0  ffltui.o ABSOLUTE
    ../fplib/microlib/fpmul.c                0x00000000   Number         0  dmul.o ABSOLUTE
    ../fplib/microlib/fpmul.c                0x00000000   Number         0  fmul.o ABSOLUTE
    ../fplib/microlib/fprem.c                0x00000000   Number         0  drem.o ABSOLUTE
    ../fplib/microlib/fpscalb.c              0x00000000   Number         0  dscalb.o ABSOLUTE
    ../mathlib/cos.c                         0x00000000   Number         0  cos.o ABSOLUTE
    ../mathlib/cos.c                         0x00000000   Number         0  cos_x.o ABSOLUTE
    ../mathlib/cos_i.c                       0x00000000   Number         0  cos_i.o ABSOLUTE
    ../mathlib/dunder.c                      0x00000000   Number         0  dunder.o ABSOLUTE
    ../mathlib/fmod.c                        0x00000000   Number         0  fmod_x.o ABSOLUTE
    ../mathlib/fmod.c                        0x00000000   Number         0  fmod.o ABSOLUTE
    ../mathlib/fpclassify.c                  0x00000000   Number         0  fpclassify.o ABSOLUTE
    ../mathlib/poly.c                        0x00000000   Number         0  poly.o ABSOLUTE
    ../mathlib/rred.c                        0x00000000   Number         0  rred.o ABSOLUTE
    ../mathlib/sin.c                         0x00000000   Number         0  sin_x.o ABSOLUTE
    ../mathlib/sin.c                         0x00000000   Number         0  sin.o ABSOLUTE
    ../mathlib/sin_i.c                       0x00000000   Number         0  sin_i_x.o ABSOLUTE
    ../mathlib/sin_i.c                       0x00000000   Number         0  sin_i.o ABSOLUTE
    Foc\AS5600.c                             0x00000000   Number         0  as5600.o ABSOLUTE
    Foc\DFOC.c                               0x00000000   Number         0  dfoc.o ABSOLUTE
    Foc\Inlinecurrent.c                      0x00000000   Number         0  inlinecurrent.o ABSOLUTE
    Foc\Lowpass_Filter.c                     0x00000000   Number         0  lowpass_filter.o ABSOLUTE
    Foc\PID_Control.c                        0x00000000   Number         0  pid_control.o ABSOLUTE
    Foc\pwm.c                                0x00000000   Number         0  pwm.o ABSOLUTE
    Hardware\Key.c                           0x00000000   Number         0  key.o ABSOLUTE
    Hardware\LED.c                           0x00000000   Number         0  led.o ABSOLUTE
    Hardware\OLED.c                          0x00000000   Number         0  oled.o ABSOLUTE
    Hardware\Serial.c                        0x00000000   Number         0  serial.o ABSOLUTE
    Library\misc.c                           0x00000000   Number         0  misc.o ABSOLUTE
    Library\stm32f10x_adc.c                  0x00000000   Number         0  stm32f10x_adc.o ABSOLUTE
    Library\stm32f10x_bkp.c                  0x00000000   Number         0  stm32f10x_bkp.o ABSOLUTE
    Library\stm32f10x_can.c                  0x00000000   Number         0  stm32f10x_can.o ABSOLUTE
    Library\stm32f10x_cec.c                  0x00000000   Number         0  stm32f10x_cec.o ABSOLUTE
    Library\stm32f10x_crc.c                  0x00000000   Number         0  stm32f10x_crc.o ABSOLUTE
    Library\stm32f10x_dac.c                  0x00000000   Number         0  stm32f10x_dac.o ABSOLUTE
    Library\stm32f10x_dbgmcu.c               0x00000000   Number         0  stm32f10x_dbgmcu.o ABSOLUTE
    Library\stm32f10x_dma.c                  0x00000000   Number         0  stm32f10x_dma.o ABSOLUTE
    Library\stm32f10x_exti.c                 0x00000000   Number         0  stm32f10x_exti.o ABSOLUTE
    Library\stm32f10x_flash.c                0x00000000   Number         0  stm32f10x_flash.o ABSOLUTE
    Library\stm32f10x_fsmc.c                 0x00000000   Number         0  stm32f10x_fsmc.o ABSOLUTE
    Library\stm32f10x_gpio.c                 0x00000000   Number         0  stm32f10x_gpio.o ABSOLUTE
    Library\stm32f10x_i2c.c                  0x00000000   Number         0  stm32f10x_i2c.o ABSOLUTE
    Library\stm32f10x_iwdg.c                 0x00000000   Number         0  stm32f10x_iwdg.o ABSOLUTE
    Library\stm32f10x_pwr.c                  0x00000000   Number         0  stm32f10x_pwr.o ABSOLUTE
    Library\stm32f10x_rcc.c                  0x00000000   Number         0  stm32f10x_rcc.o ABSOLUTE
    Library\stm32f10x_rtc.c                  0x00000000   Number         0  stm32f10x_rtc.o ABSOLUTE
    Library\stm32f10x_sdio.c                 0x00000000   Number         0  stm32f10x_sdio.o ABSOLUTE
    Library\stm32f10x_spi.c                  0x00000000   Number         0  stm32f10x_spi.o ABSOLUTE
    Library\stm32f10x_tim.c                  0x00000000   Number         0  stm32f10x_tim.o ABSOLUTE
    Library\stm32f10x_usart.c                0x00000000   Number         0  stm32f10x_usart.o ABSOLUTE
    Library\stm32f10x_wwdg.c                 0x00000000   Number         0  stm32f10x_wwdg.o ABSOLUTE
    Start\\core_cm3.c                        0x00000000   Number         0  core_cm3.o ABSOLUTE
    Start\core_cm3.c                         0x00000000   Number         0  core_cm3.o ABSOLUTE
    Start\startup_stm32f10x_md.s             0x00000000   Number         0  startup_stm32f10x_md.o ABSOLUTE
    Start\system_stm32f10x.c                 0x00000000   Number         0  system_stm32f10x.o ABSOLUTE
    System\Delay.c                           0x00000000   Number         0  delay.o ABSOLUTE
    User\main.c                              0x00000000   Number         0  main.o ABSOLUTE
    User\stm32f10x_it.c                      0x00000000   Number         0  stm32f10x_it.o ABSOLUTE
    cdrcmple.s                               0x00000000   Number         0  cdrcmple.o ABSOLUTE
    cfcmple.s                                0x00000000   Number         0  cfcmple.o ABSOLUTE
    cfrcmple.s                               0x00000000   Number         0  cfrcmple.o ABSOLUTE
    dc.s                                     0x00000000   Number         0  dc.o ABSOLUTE
    handlers.s                               0x00000000   Number         0  handlers.o ABSOLUTE
    init.s                                   0x00000000   Number         0  init.o ABSOLUTE
    RESET                                    0x08000000   Section      236  startup_stm32f10x_md.o(RESET)
    .ARM.Collect$$$$00000000                 0x080000ec   Section        0  entry.o(.ARM.Collect$$$$00000000)
    .ARM.Collect$$$$00000001                 0x080000ec   Section        4  entry2.o(.ARM.Collect$$$$00000001)
    .ARM.Collect$$$$00000004                 0x080000f0   Section        4  entry5.o(.ARM.Collect$$$$00000004)
    .ARM.Collect$$$$00000008                 0x080000f4   Section        0  entry7b.o(.ARM.Collect$$$$00000008)
    .ARM.Collect$$$$0000000A                 0x080000f4   Section        0  entry8b.o(.ARM.Collect$$$$0000000A)
    .ARM.Collect$$$$0000000B                 0x080000f4   Section        8  entry9a.o(.ARM.Collect$$$$0000000B)
    .ARM.Collect$$$$0000000D                 0x080000fc   Section        0  entry10a.o(.ARM.Collect$$$$0000000D)
    .ARM.Collect$$$$0000000F                 0x080000fc   Section        0  entry11a.o(.ARM.Collect$$$$0000000F)
    .ARM.Collect$$$$00002712                 0x080000fc   Section        4  entry2.o(.ARM.Collect$$$$00002712)
    __lit__00000000                          0x080000fc   Data           4  entry2.o(.ARM.Collect$$$$00002712)
    .text                                    0x08000100   Section       36  startup_stm32f10x_md.o(.text)
    .text                                    0x08000124   Section        0  __0sscanf.o(.text)
    .text                                    0x0800015c   Section        0  _scanf_int.o(.text)
    .text                                    0x080002a8   Section        0  fadd.o(.text)
    .text                                    0x08000358   Section        0  fmul.o(.text)
    .text                                    0x080003bc   Section        0  fdiv.o(.text)
    .text                                    0x08000438   Section        0  dmul.o(.text)
    .text                                    0x0800051c   Section        0  fflti.o(.text)
    .text                                    0x0800052e   Section        0  ffltui.o(.text)
    .text                                    0x08000538   Section        0  ffixui.o(.text)
    .text                                    0x08000560   Section        0  f2d.o(.text)
    .text                                    0x08000588   Section       48  cdrcmple.o(.text)
    .text                                    0x080005b8   Section        0  d2f.o(.text)
    .text                                    0x080005f0   Section       20  cfcmple.o(.text)
    .text                                    0x08000604   Section       20  cfrcmple.o(.text)
    .text                                    0x08000618   Section        0  uidiv.o(.text)
    .text                                    0x08000644   Section        0  uldiv.o(.text)
    .text                                    0x080006a6   Section        0  _chval.o(.text)
    .text                                    0x080006c4   Section        0  scanf_char.o(.text)
    _scanf_char_input                        0x080006c5   Thumb Code    12  scanf_char.o(.text)
    .text                                    0x080006ec   Section        0  _sgetc.o(.text)
    .text                                    0x0800072c   Section        0  fepilogue.o(.text)
    .text                                    0x0800072c   Section        0  iusefp.o(.text)
    .text                                    0x0800079a   Section        0  depilogue.o(.text)
    .text                                    0x08000854   Section        0  dadd.o(.text)
    .text                                    0x080009a2   Section        0  ddiv.o(.text)
    .text                                    0x08000a80   Section        0  drem.o(.text)
    .text                                    0x08000b06   Section        0  dfixul.o(.text)
    .text                                    0x08000b38   Section       36  init.o(.text)
    .text                                    0x08000b5c   Section        0  llshl.o(.text)
    .text                                    0x08000b7a   Section        0  llushr.o(.text)
    .text                                    0x08000b9a   Section        0  llsshr.o(.text)
    .text                                    0x08000bbe   Section        0  isspace_c.o(.text)
    .text                                    0x08000bc8   Section        0  _scanf.o(.text)
    .text                                    0x08000ef4   Section        0  dscalb.o(.text)
    .text                                    0x08000f22   Section        0  dflti.o(.text)
    .text                                    0x08000f44   Section        0  dfltui.o(.text)
    .text                                    0x08000f5e   Section        0  dfixi.o(.text)
    .text                                    0x08000f9c   Section        0  ctype_c.o(.text)
    .text                                    0x08000fc4   Section        0  __dczerorl2.o(.text)
    i.ADC_Cmd                                0x0800101a   Section        0  stm32f10x_adc.o(i.ADC_Cmd)
    i.ADC_DMACmd                             0x08001030   Section        0  stm32f10x_adc.o(i.ADC_DMACmd)
    i.ADC_GetCalibrationStatus               0x08001046   Section        0  stm32f10x_adc.o(i.ADC_GetCalibrationStatus)
    i.ADC_GetResetCalibrationStatus          0x0800105a   Section        0  stm32f10x_adc.o(i.ADC_GetResetCalibrationStatus)
    i.ADC_Init                               0x08001070   Section        0  stm32f10x_adc.o(i.ADC_Init)
    i.ADC_RegularChannelConfig               0x080010c0   Section        0  stm32f10x_adc.o(i.ADC_RegularChannelConfig)
    i.ADC_ResetCalibration                   0x08001178   Section        0  stm32f10x_adc.o(i.ADC_ResetCalibration)
    i.ADC_SoftwareStartConvCmd               0x08001182   Section        0  stm32f10x_adc.o(i.ADC_SoftwareStartConvCmd)
    i.ADC_StartCalibration                   0x08001198   Section        0  stm32f10x_adc.o(i.ADC_StartCalibration)
    i.AD_Init                                0x080011a4   Section        0  inlinecurrent.o(i.AD_Init)
    i.AS5600_GetRawData                      0x080012f0   Section        0  as5600.o(i.AS5600_GetRawData)
    i.AS5600_Init                            0x08001340   Section        0  as5600.o(i.AS5600_Init)
    i.AS5600_Sensor_Init                     0x08001348   Section        0  as5600.o(i.AS5600_Sensor_Init)
    i.BusFault_Handler                       0x0800136a   Section        0  stm32f10x_it.o(i.BusFault_Handler)
    i.Check_Sensor                           0x08001370   Section        0  dfoc.o(i.Check_Sensor)
    i.Check_Sensor_M1                        0x080013dc   Section        0  dfoc.o(i.Check_Sensor_M1)
    i.Ctrl_Timer_Init                        0x08001448   Section        0  dfoc.o(i.Ctrl_Timer_Init)
    i.CurrSense_Init                         0x080014b4   Section        0  inlinecurrent.o(i.CurrSense_Init)
    i.DMA_Cmd                                0x08001538   Section        0  stm32f10x_dma.o(i.DMA_Cmd)
    i.DMA_Init                               0x08001550   Section        0  stm32f10x_dma.o(i.DMA_Init)
    i.DebugMon_Handler                       0x0800158c   Section        0  stm32f10x_it.o(i.DebugMon_Handler)
    i.Delay_ms                               0x0800158e   Section        0  delay.o(i.Delay_ms)
    i.Delay_us                               0x080015a6   Section        0  delay.o(i.Delay_us)
    i.DriftOffsets                           0x080015d4   Section        0  inlinecurrent.o(i.DriftOffsets)
    i.FOC_Init                               0x08001660   Section        0  dfoc.o(i.FOC_Init)
    i.GPIO_Init                              0x080016b8   Section        0  stm32f10x_gpio.o(i.GPIO_Init)
    i.GPIO_ReadInputDataBit                  0x080017ce   Section        0  stm32f10x_gpio.o(i.GPIO_ReadInputDataBit)
    i.GPIO_SetBits                           0x080017e0   Section        0  stm32f10x_gpio.o(i.GPIO_SetBits)
    i.GPIO_WriteBit                          0x080017e4   Section        0  stm32f10x_gpio.o(i.GPIO_WriteBit)
    i.GetAngle                               0x080017f0   Section        0  as5600.o(i.GetAngle)
    i.GetAngle_NoTrack                       0x08001868   Section        0  as5600.o(i.GetAngle_NoTrack)
    i.GetPhaseCurrent                        0x080018a0   Section        0  inlinecurrent.o(i.GetPhaseCurrent)
    i.GetVelocity                            0x08001924   Section        0  as5600.o(i.GetVelocity)
    i.HardFault_Handler                      0x080019ec   Section        0  stm32f10x_it.o(i.HardFault_Handler)
    i.I2C_R_SDA                              0x080019f0   Section        0  as5600.o(i.I2C_R_SDA)
    i.I2C_RecviveAck                         0x08001a0c   Section        0  as5600.o(i.I2C_RecviveAck)
    i.I2C_RecviveData                        0x08001a2a   Section        0  as5600.o(i.I2C_RecviveData)
    i.I2C_SendAck                            0x08001a5e   Section        0  as5600.o(i.I2C_SendAck)
    i.I2C_SendByte                           0x08001a76   Section        0  as5600.o(i.I2C_SendByte)
    i.I2C_Start                              0x08001aa0   Section        0  as5600.o(i.I2C_Start)
    i.I2C_Stop                               0x08001abc   Section        0  as5600.o(i.I2C_Stop)
    i.I2C_W_SCL                              0x08001ad4   Section        0  as5600.o(i.I2C_W_SCL)
    i.I2C_W_SDA                              0x08001af0   Section        0  as5600.o(i.I2C_W_SDA)
    i.LED_Init                               0x08001b0c   Section        0  led.o(i.LED_Init)
    i.Lowpassfilter                          0x08001b40   Section        0  lowpass_filter.o(i.Lowpassfilter)
    i.M0_PWM_A                               0x08001c0c   Section        0  pwm.o(i.M0_PWM_A)
    i.M0_PWM_B                               0x08001c24   Section        0  pwm.o(i.M0_PWM_B)
    i.M0_PWM_C                               0x08001c3c   Section        0  pwm.o(i.M0_PWM_C)
    i.M0_Set_CurTorque                       0x08001c54   Section        0  dfoc.o(i.M0_Set_CurTorque)
    i.M0_Set_Velocity                        0x08001ca8   Section        0  dfoc.o(i.M0_Set_Velocity)
    i.M0_Set_Velocity_Angle                  0x08001d18   Section        0  dfoc.o(i.M0_Set_Velocity_Angle)
    i.M0_electricAngle                       0x08001d8c   Section        0  dfoc.o(i.M0_electricAngle)
    i.M0_rawElectricAngle                    0x08001dac   Section        0  dfoc.o(i.M0_rawElectricAngle)
    i.M1_PWM_A                               0x08001df0   Section        0  pwm.o(i.M1_PWM_A)
    i.M1_PWM_B                               0x08001e08   Section        0  pwm.o(i.M1_PWM_B)
    i.M1_PWM_C                               0x08001e24   Section        0  pwm.o(i.M1_PWM_C)
    i.M1_Set_CurTorque                       0x08001e40   Section        0  dfoc.o(i.M1_Set_CurTorque)
    i.M1_Set_Velocity                        0x08001e94   Section        0  dfoc.o(i.M1_Set_Velocity)
    i.M1_Set_Velocity_Angle                  0x08001f04   Section        0  dfoc.o(i.M1_Set_Velocity_Angle)
    i.M1_electricAngle                       0x08001f78   Section        0  dfoc.o(i.M1_electricAngle)
    i.M1_rawElectricAngle                    0x08001f98   Section        0  dfoc.o(i.M1_rawElectricAngle)
    i.MemManage_Handler                      0x08001fdc   Section        0  stm32f10x_it.o(i.MemManage_Handler)
    i.Motor_en                               0x08001fe0   Section        0  dfoc.o(i.Motor_en)
    i.MyI2C_Init                             0x08002014   Section        0  as5600.o(i.MyI2C_Init)
    i.NMI_Handler                            0x0800204c   Section        0  stm32f10x_it.o(i.NMI_Handler)
    i.NVIC_Init                              0x08002050   Section        0  misc.o(i.NVIC_Init)
    i.NVIC_PriorityGroupConfig               0x080020c0   Section        0  misc.o(i.NVIC_PriorityGroupConfig)
    i.PID_Controller                         0x080020d4   Section        0  pid_control.o(i.PID_Controller)
    i.PWM_Init                               0x08002224   Section        0  pwm.o(i.PWM_Init)
    i.PendSV_Handler                         0x08002344   Section        0  stm32f10x_it.o(i.PendSV_Handler)
    i.RCC_ADCCLKConfig                       0x08002348   Section        0  stm32f10x_rcc.o(i.RCC_ADCCLKConfig)
    i.RCC_AHBPeriphClockCmd                  0x08002360   Section        0  stm32f10x_rcc.o(i.RCC_AHBPeriphClockCmd)
    i.RCC_APB1PeriphClockCmd                 0x08002380   Section        0  stm32f10x_rcc.o(i.RCC_APB1PeriphClockCmd)
    i.RCC_APB2PeriphClockCmd                 0x080023a0   Section        0  stm32f10x_rcc.o(i.RCC_APB2PeriphClockCmd)
    i.RCC_GetClocksFreq                      0x080023c0   Section        0  stm32f10x_rcc.o(i.RCC_GetClocksFreq)
    i.SVC_Handler                            0x08002494   Section        0  stm32f10x_it.o(i.SVC_Handler)
    i.Serial_Init                            0x08002498   Section        0  serial.o(i.Serial_Init)
    i.Serial_Printf                          0x08002550   Section        0  serial.o(i.Serial_Printf)
    i.Serial_SendByte                        0x08002574   Section        0  serial.o(i.Serial_SendByte)
    i.Serial_SendString                      0x08002594   Section        0  serial.o(i.Serial_SendString)
    i.SetPhaseVoltage                        0x080025b0   Section        0  dfoc.o(i.SetPhaseVoltage)
    i.SetPwm                                 0x080026a4   Section        0  dfoc.o(i.SetPwm)
    i.SetSysClock                            0x08002804   Section        0  system_stm32f10x.o(i.SetSysClock)
    SetSysClock                              0x08002805   Thumb Code     8  system_stm32f10x.o(i.SetSysClock)
    i.SetSysClockTo72                        0x0800280c   Section        0  system_stm32f10x.o(i.SetSysClockTo72)
    SetSysClockTo72                          0x0800280d   Thumb Code   214  system_stm32f10x.o(i.SetSysClockTo72)
    i.Set_Ang_Sensor                         0x080028ec   Section        0  as5600.o(i.Set_Ang_Sensor)
    i.Set_Cur_Sensor                         0x08002918   Section        0  inlinecurrent.o(i.Set_Cur_Sensor)
    i.SysTick_Handler                        0x08002944   Section        0  stm32f10x_it.o(i.SysTick_Handler)
    i.SystemInit                             0x08002948   Section        0  system_stm32f10x.o(i.SystemInit)
    i.Systick_CountMode                      0x080029a8   Section        0  delay.o(i.Systick_CountMode)
    i.TIM4_IRQHandler                        0x080029bc   Section        0  dfoc.o(i.TIM4_IRQHandler)
    i.TIM_ClearITPendingBit                  0x080029e0   Section        0  stm32f10x_tim.o(i.TIM_ClearITPendingBit)
    i.TIM_Cmd                                0x080029e6   Section        0  stm32f10x_tim.o(i.TIM_Cmd)
    i.TIM_GetITStatus                        0x080029fe   Section        0  stm32f10x_tim.o(i.TIM_GetITStatus)
    i.TIM_ITConfig                           0x08002a20   Section        0  stm32f10x_tim.o(i.TIM_ITConfig)
    i.TIM_InternalClockConfig                0x08002a32   Section        0  stm32f10x_tim.o(i.TIM_InternalClockConfig)
    i.TIM_OC1Init                            0x08002a40   Section        0  stm32f10x_tim.o(i.TIM_OC1Init)
    i.TIM_OC2Init                            0x08002ad8   Section        0  stm32f10x_tim.o(i.TIM_OC2Init)
    i.TIM_OC3Init                            0x08002b7c   Section        0  stm32f10x_tim.o(i.TIM_OC3Init)
    i.TIM_OC4Init                            0x08002c1c   Section        0  stm32f10x_tim.o(i.TIM_OC4Init)
    i.TIM_OCStructInit                       0x08002c98   Section        0  stm32f10x_tim.o(i.TIM_OCStructInit)
    i.TIM_SetCompare1                        0x08002cac   Section        0  stm32f10x_tim.o(i.TIM_SetCompare1)
    i.TIM_SetCompare2                        0x08002cb0   Section        0  stm32f10x_tim.o(i.TIM_SetCompare2)
    i.TIM_SetCompare3                        0x08002cb4   Section        0  stm32f10x_tim.o(i.TIM_SetCompare3)
    i.TIM_SetCompare4                        0x08002cb8   Section        0  stm32f10x_tim.o(i.TIM_SetCompare4)
    i.TIM_TimeBaseInit                       0x08002cc0   Section        0  stm32f10x_tim.o(i.TIM_TimeBaseInit)
    i.USART1_IRQHandler                      0x08002d64   Section        0  serial.o(i.USART1_IRQHandler)
    i.USART_ClearITPendingBit                0x08002e04   Section        0  stm32f10x_usart.o(i.USART_ClearITPendingBit)
    i.USART_Cmd                              0x08002e22   Section        0  stm32f10x_usart.o(i.USART_Cmd)
    i.USART_GetFlagStatus                    0x08002e3a   Section        0  stm32f10x_usart.o(i.USART_GetFlagStatus)
    i.USART_GetITStatus                      0x08002e54   Section        0  stm32f10x_usart.o(i.USART_GetITStatus)
    i.USART_ITConfig                         0x08002ea8   Section        0  stm32f10x_usart.o(i.USART_ITConfig)
    i.USART_Init                             0x08002ef4   Section        0  stm32f10x_usart.o(i.USART_Init)
    i.USART_ReceiveData                      0x08002fcc   Section        0  stm32f10x_usart.o(i.USART_ReceiveData)
    i.USART_SendData                         0x08002fd6   Section        0  stm32f10x_usart.o(i.USART_SendData)
    i.UsageFault_Handler                     0x08002fde   Section        0  stm32f10x_it.o(i.UsageFault_Handler)
    i.__0vsprintf                            0x08002fe4   Section        0  printfa.o(i.__0vsprintf)
    i.__ARM_fpclassify                       0x08003008   Section        0  fpclassify.o(i.__ARM_fpclassify)
    i.__ieee754_rem_pio2                     0x08003030   Section        0  rred.o(i.__ieee754_rem_pio2)
    i.__kernel_cos                           0x080033b8   Section        0  cos_i.o(i.__kernel_cos)
    i.__kernel_poly                          0x080034b4   Section        0  poly.o(i.__kernel_poly)
    i.__kernel_sin                           0x08003560   Section        0  sin_i.o(i.__kernel_sin)
    i.__mathlib_dbl_infnan                   0x0800364c   Section        0  dunder.o(i.__mathlib_dbl_infnan)
    i.__mathlib_dbl_invalid                  0x08003652   Section        0  dunder.o(i.__mathlib_dbl_invalid)
    i.__mathlib_dbl_underflow                0x08003660   Section        0  dunder.o(i.__mathlib_dbl_underflow)
    i.__scatterload_copy                     0x08003670   Section       14  handlers.o(i.__scatterload_copy)
    i.__scatterload_null                     0x0800367e   Section        2  handlers.o(i.__scatterload_null)
    i.__scatterload_zeroinit                 0x08003680   Section       14  handlers.o(i.__scatterload_zeroinit)
    i.__set_errno                            0x08003690   Section        0  errno.o(i.__set_errno)
    i._fp_digits                             0x0800369c   Section        0  printfa.o(i._fp_digits)
    _fp_digits                               0x0800369d   Thumb Code   366  printfa.o(i._fp_digits)
    i._printf_core                           0x08003820   Section        0  printfa.o(i._printf_core)
    _printf_core                             0x08003821   Thumb Code  1744  printfa.o(i._printf_core)
    i._printf_post_padding                   0x08003efc   Section        0  printfa.o(i._printf_post_padding)
    _printf_post_padding                     0x08003efd   Thumb Code    36  printfa.o(i._printf_post_padding)
    i._printf_pre_padding                    0x08003f20   Section        0  printfa.o(i._printf_pre_padding)
    _printf_pre_padding                      0x08003f21   Thumb Code    46  printfa.o(i._printf_pre_padding)
    i._sputc                                 0x08003f4e   Section        0  printfa.o(i._sputc)
    _sputc                                   0x08003f4f   Thumb Code    10  printfa.o(i._sputc)
    i.cal_Iq_Id                              0x08003f58   Section        0  dfoc.o(i.cal_Iq_Id)
    i.constrain                              0x08003fd4   Section        0  dfoc.o(i.constrain)
    i.cos                                    0x08003ffc   Section        0  cos.o(i.cos)
    i.fmod                                   0x08004098   Section        0  fmod.o(i.fmod)
    i.main                                   0x0800412c   Section        0  main.o(i.main)
    i.normalizeAngle                         0x08004288   Section        0  dfoc.o(i.normalizeAngle)
    i.sin                                    0x080042cc   Section        0  sin.o(i.sin)
    .constdata                               0x08004370   Section       48  cos_i.o(.constdata)
    C                                        0x08004370   Data          48  cos_i.o(.constdata)
    .constdata                               0x080043a0   Section      200  rred.o(.constdata)
    pio2s                                    0x080043a0   Data          48  rred.o(.constdata)
    twooverpi                                0x080043d0   Data         152  rred.o(.constdata)
    .constdata                               0x08004468   Section       40  sin_i.o(.constdata)
    S                                        0x08004468   Data          40  sin_i.o(.constdata)
    .constdata                               0x08004490   Section       64  ctype_c.o(.constdata)
    .data                                    0x20000000   Section       20  stm32f10x_rcc.o(.data)
    APBAHBPrescTable                         0x20000000   Data          16  stm32f10x_rcc.o(.data)
    ADCPrescTable                            0x20000010   Data           4  stm32f10x_rcc.o(.data)
    .data                                    0x20000014   Section        3  serial.o(.data)
    RxState                                  0x20000015   Data           1  serial.o(.data)
    pRxPacket                                0x20000016   Data           1  serial.o(.data)
    .data                                    0x20000018   Section       48  main.o(.data)
    target_m1                                0x20000038   Data           4  main.o(.data)
    target_m0                                0x2000003c   Data           4  main.o(.data)
    M0_home_angle                            0x20000040   Data           4  main.o(.data)
    M1_home_angle                            0x20000044   Data           4  main.o(.data)
    .data                                    0x20000048   Section        4  as5600.o(.data)
    .data                                    0x2000004c   Section      554  dfoc.o(.data)
    .data                                    0x20000278   Section       40  inlinecurrent.o(.data)
    .data                                    0x200002a0   Section        4  errno.o(.data)
    _errno                                   0x200002a0   Data           4  errno.o(.data)
    .bss                                     0x200002a4   Section      100  serial.o(.bss)
    .bss                                     0x20000308   Section       96  dfoc.o(.bss)
    STACK                                    0x20000368   Section     1024  startup_stm32f10x_md.o(STACK)

    Global Symbols

    Symbol Name                              Value     Ov Type        Size  Object(Section)

    BuildAttributes$$THM_ISAv4$P$D$K$B$S$PE$A:L22UL41UL21$X:L11$S22US41US21$IEEE1$IW$USESV6$~STKCKD$USESV7$~SHL$OTIME$ROPI$IEEEX$EBA8$MICROLIB$REQ8$PRES8$EABIv2 0x00000000   Number         0  anon$$obj.o ABSOLUTE
    __ARM_use_no_argv                        0x00000000   Number         0  main.o ABSOLUTE
    __cpp_initialize__aeabi_                  - Undefined Weak Reference
    __cxa_finalize                            - Undefined Weak Reference
    _clock_init                               - Undefined Weak Reference
    _microlib_exit                            - Undefined Weak Reference
    _scanf_longlong                           - Undefined Weak Reference
    _scanf_real                               - Undefined Weak Reference
    _scanf_string                             - Undefined Weak Reference
    __Vectors_Size                           0x000000ec   Number         0  startup_stm32f10x_md.o ABSOLUTE
    __Vectors                                0x08000000   Data           4  startup_stm32f10x_md.o(RESET)
    __Vectors_End                            0x080000ec   Data           0  startup_stm32f10x_md.o(RESET)
    __main                                   0x080000ed   Thumb Code     0  entry.o(.ARM.Collect$$$$00000000)
    _main_stk                                0x080000ed   Thumb Code     0  entry2.o(.ARM.Collect$$$$00000001)
    _main_scatterload                        0x080000f1   Thumb Code     0  entry5.o(.ARM.Collect$$$$00000004)
    __main_after_scatterload                 0x080000f5   Thumb Code     0  entry5.o(.ARM.Collect$$$$00000004)
    _main_clock                              0x080000f5   Thumb Code     0  entry7b.o(.ARM.Collect$$$$00000008)
    _main_cpp_init                           0x080000f5   Thumb Code     0  entry8b.o(.ARM.Collect$$$$0000000A)
    _main_init                               0x080000f5   Thumb Code     0  entry9a.o(.ARM.Collect$$$$0000000B)
    __rt_final_cpp                           0x080000fd   Thumb Code     0  entry10a.o(.ARM.Collect$$$$0000000D)
    __rt_final_exit                          0x080000fd   Thumb Code     0  entry11a.o(.ARM.Collect$$$$0000000F)
    Reset_Handler                            0x08000101   Thumb Code     8  startup_stm32f10x_md.o(.text)
    ADC1_2_IRQHandler                        0x0800011b   Thumb Code     0  startup_stm32f10x_md.o(.text)
    CAN1_RX1_IRQHandler                      0x0800011b   Thumb Code     0  startup_stm32f10x_md.o(.text)
    CAN1_SCE_IRQHandler                      0x0800011b   Thumb Code     0  startup_stm32f10x_md.o(.text)
    DMA1_Channel1_IRQHandler                 0x0800011b   Thumb Code     0  startup_stm32f10x_md.o(.text)
    DMA1_Channel2_IRQHandler                 0x0800011b   Thumb Code     0  startup_stm32f10x_md.o(.text)
    DMA1_Channel3_IRQHandler                 0x0800011b   Thumb Code     0  startup_stm32f10x_md.o(.text)
    DMA1_Channel4_IRQHandler                 0x0800011b   Thumb Code     0  startup_stm32f10x_md.o(.text)
    DMA1_Channel5_IRQHandler                 0x0800011b   Thumb Code     0  startup_stm32f10x_md.o(.text)
    DMA1_Channel6_IRQHandler                 0x0800011b   Thumb Code     0  startup_stm32f10x_md.o(.text)
    DMA1_Channel7_IRQHandler                 0x0800011b   Thumb Code     0  startup_stm32f10x_md.o(.text)
    EXTI0_IRQHandler                         0x0800011b   Thumb Code     0  startup_stm32f10x_md.o(.text)
    EXTI15_10_IRQHandler                     0x0800011b   Thumb Code     0  startup_stm32f10x_md.o(.text)
    EXTI1_IRQHandler                         0x0800011b   Thumb Code     0  startup_stm32f10x_md.o(.text)
    EXTI2_IRQHandler                         0x0800011b   Thumb Code     0  startup_stm32f10x_md.o(.text)
    EXTI3_IRQHandler                         0x0800011b   Thumb Code     0  startup_stm32f10x_md.o(.text)
    EXTI4_IRQHandler                         0x0800011b   Thumb Code     0  startup_stm32f10x_md.o(.text)
    EXTI9_5_IRQHandler                       0x0800011b   Thumb Code     0  startup_stm32f10x_md.o(.text)
    FLASH_IRQHandler                         0x0800011b   Thumb Code     0  startup_stm32f10x_md.o(.text)
    I2C1_ER_IRQHandler                       0x0800011b   Thumb Code     0  startup_stm32f10x_md.o(.text)
    I2C1_EV_IRQHandler                       0x0800011b   Thumb Code     0  startup_stm32f10x_md.o(.text)
    I2C2_ER_IRQHandler                       0x0800011b   Thumb Code     0  startup_stm32f10x_md.o(.text)
    I2C2_EV_IRQHandler                       0x0800011b   Thumb Code     0  startup_stm32f10x_md.o(.text)
    PVD_IRQHandler                           0x0800011b   Thumb Code     0  startup_stm32f10x_md.o(.text)
    RCC_IRQHandler                           0x0800011b   Thumb Code     0  startup_stm32f10x_md.o(.text)
    RTCAlarm_IRQHandler                      0x0800011b   Thumb Code     0  startup_stm32f10x_md.o(.text)
    RTC_IRQHandler                           0x0800011b   Thumb Code     0  startup_stm32f10x_md.o(.text)
    SPI1_IRQHandler                          0x0800011b   Thumb Code     0  startup_stm32f10x_md.o(.text)
    SPI2_IRQHandler                          0x0800011b   Thumb Code     0  startup_stm32f10x_md.o(.text)
    TAMPER_IRQHandler                        0x0800011b   Thumb Code     0  startup_stm32f10x_md.o(.text)
    TIM1_BRK_IRQHandler                      0x0800011b   Thumb Code     0  startup_stm32f10x_md.o(.text)
    TIM1_CC_IRQHandler                       0x0800011b   Thumb Code     0  startup_stm32f10x_md.o(.text)
    TIM1_TRG_COM_IRQHandler                  0x0800011b   Thumb Code     0  startup_stm32f10x_md.o(.text)
    TIM1_UP_IRQHandler                       0x0800011b   Thumb Code     0  startup_stm32f10x_md.o(.text)
    TIM2_IRQHandler                          0x0800011b   Thumb Code     0  startup_stm32f10x_md.o(.text)
    TIM3_IRQHandler                          0x0800011b   Thumb Code     0  startup_stm32f10x_md.o(.text)
    USART2_IRQHandler                        0x0800011b   Thumb Code     0  startup_stm32f10x_md.o(.text)
    USART3_IRQHandler                        0x0800011b   Thumb Code     0  startup_stm32f10x_md.o(.text)
    USBWakeUp_IRQHandler                     0x0800011b   Thumb Code     0  startup_stm32f10x_md.o(.text)
    USB_HP_CAN1_TX_IRQHandler                0x0800011b   Thumb Code     0  startup_stm32f10x_md.o(.text)
    USB_LP_CAN1_RX0_IRQHandler               0x0800011b   Thumb Code     0  startup_stm32f10x_md.o(.text)
    WWDG_IRQHandler                          0x0800011b   Thumb Code     0  startup_stm32f10x_md.o(.text)
    __0sscanf                                0x08000125   Thumb Code    48  __0sscanf.o(.text)
    _scanf_int                               0x0800015d   Thumb Code   332  _scanf_int.o(.text)
    __aeabi_fadd                             0x080002a9   Thumb Code   164  fadd.o(.text)
    __aeabi_fsub                             0x0800034d   Thumb Code     6  fadd.o(.text)
    __aeabi_frsub                            0x08000353   Thumb Code     6  fadd.o(.text)
    __aeabi_fmul                             0x08000359   Thumb Code   100  fmul.o(.text)
    __aeabi_fdiv                             0x080003bd   Thumb Code   124  fdiv.o(.text)
    __aeabi_dmul                             0x08000439   Thumb Code   228  dmul.o(.text)
    __aeabi_i2f                              0x0800051d   Thumb Code    18  fflti.o(.text)
    __aeabi_ui2f                             0x0800052f   Thumb Code    10  ffltui.o(.text)
    __aeabi_f2uiz                            0x08000539   Thumb Code    40  ffixui.o(.text)
    __aeabi_f2d                              0x08000561   Thumb Code    38  f2d.o(.text)
    __aeabi_cdrcmple                         0x08000589   Thumb Code    48  cdrcmple.o(.text)
    __aeabi_d2f                              0x080005b9   Thumb Code    56  d2f.o(.text)
    __aeabi_cfcmpeq                          0x080005f1   Thumb Code     0  cfcmple.o(.text)
    __aeabi_cfcmple                          0x080005f1   Thumb Code    20  cfcmple.o(.text)
    __aeabi_cfrcmple                         0x08000605   Thumb Code    20  cfrcmple.o(.text)
    __aeabi_uidiv                            0x08000619   Thumb Code     0  uidiv.o(.text)
    __aeabi_uidivmod                         0x08000619   Thumb Code    44  uidiv.o(.text)
    __aeabi_uldivmod                         0x08000645   Thumb Code    98  uldiv.o(.text)
    _chval                                   0x080006a7   Thumb Code    28  _chval.o(.text)
    __vfscanf_char                           0x080006d1   Thumb Code    20  scanf_char.o(.text)
    _sgetc                                   0x080006ed   Thumb Code    30  _sgetc.o(.text)
    _sbackspace                              0x0800070b   Thumb Code    34  _sgetc.o(.text)
    __I$use$fp                               0x0800072d   Thumb Code     0  iusefp.o(.text)
    _float_round                             0x0800072d   Thumb Code    18  fepilogue.o(.text)
    _float_epilogue                          0x0800073f   Thumb Code    92  fepilogue.o(.text)
    _double_round                            0x0800079b   Thumb Code    30  depilogue.o(.text)
    _double_epilogue                         0x080007b9   Thumb Code   156  depilogue.o(.text)
    __aeabi_dadd                             0x08000855   Thumb Code   322  dadd.o(.text)
    __aeabi_dsub                             0x08000997   Thumb Code     6  dadd.o(.text)
    __aeabi_drsub                            0x0800099d   Thumb Code     6  dadd.o(.text)
    __aeabi_ddiv                             0x080009a3   Thumb Code   222  ddiv.o(.text)
    _drem                                    0x08000a81   Thumb Code   134  drem.o(.text)
    __aeabi_d2ulz                            0x08000b07   Thumb Code    48  dfixul.o(.text)
    __scatterload                            0x08000b39   Thumb Code    28  init.o(.text)
    __scatterload_rt2                        0x08000b39   Thumb Code     0  init.o(.text)
    __aeabi_llsl                             0x08000b5d   Thumb Code    30  llshl.o(.text)
    _ll_shift_l                              0x08000b5d   Thumb Code     0  llshl.o(.text)
    __aeabi_llsr                             0x08000b7b   Thumb Code    32  llushr.o(.text)
    _ll_ushift_r                             0x08000b7b   Thumb Code     0  llushr.o(.text)
    __aeabi_lasr                             0x08000b9b   Thumb Code    36  llsshr.o(.text)
    _ll_sshift_r                             0x08000b9b   Thumb Code     0  llsshr.o(.text)
    isspace                                  0x08000bbf   Thumb Code    10  isspace_c.o(.text)
    __vfscanf                                0x08000bc9   Thumb Code   808  _scanf.o(.text)
    __ARM_scalbn                             0x08000ef5   Thumb Code    46  dscalb.o(.text)
    scalbn                                   0x08000ef5   Thumb Code     0  dscalb.o(.text)
    __aeabi_i2d                              0x08000f23   Thumb Code    34  dflti.o(.text)
    __aeabi_ui2d                             0x08000f45   Thumb Code    26  dfltui.o(.text)
    __aeabi_d2iz                             0x08000f5f   Thumb Code    62  dfixi.o(.text)
    __ctype_lookup                           0x08000f9d   Thumb Code    34  ctype_c.o(.text)
    __decompress                             0x08000fc5   Thumb Code     0  __dczerorl2.o(.text)
    __decompress1                            0x08000fc5   Thumb Code    86  __dczerorl2.o(.text)
    ADC_Cmd                                  0x0800101b   Thumb Code    22  stm32f10x_adc.o(i.ADC_Cmd)
    ADC_DMACmd                               0x08001031   Thumb Code    22  stm32f10x_adc.o(i.ADC_DMACmd)
    ADC_GetCalibrationStatus                 0x08001047   Thumb Code    20  stm32f10x_adc.o(i.ADC_GetCalibrationStatus)
    ADC_GetResetCalibrationStatus            0x0800105b   Thumb Code    20  stm32f10x_adc.o(i.ADC_GetResetCalibrationStatus)
    ADC_Init                                 0x08001071   Thumb Code    70  stm32f10x_adc.o(i.ADC_Init)
    ADC_RegularChannelConfig                 0x080010c1   Thumb Code   184  stm32f10x_adc.o(i.ADC_RegularChannelConfig)
    ADC_ResetCalibration                     0x08001179   Thumb Code    10  stm32f10x_adc.o(i.ADC_ResetCalibration)
    ADC_SoftwareStartConvCmd                 0x08001183   Thumb Code    22  stm32f10x_adc.o(i.ADC_SoftwareStartConvCmd)
    ADC_StartCalibration                     0x08001199   Thumb Code    10  stm32f10x_adc.o(i.ADC_StartCalibration)
    AD_Init                                  0x080011a5   Thumb Code   312  inlinecurrent.o(i.AD_Init)
    AS5600_GetRawData                        0x080012f1   Thumb Code    80  as5600.o(i.AS5600_GetRawData)
    AS5600_Init                              0x08001341   Thumb Code     8  as5600.o(i.AS5600_Init)
    AS5600_Sensor_Init                       0x08001349   Thumb Code    34  as5600.o(i.AS5600_Sensor_Init)
    BusFault_Handler                         0x0800136b   Thumb Code     4  stm32f10x_it.o(i.BusFault_Handler)
    Check_Sensor                             0x08001371   Thumb Code    74  dfoc.o(i.Check_Sensor)
    Check_Sensor_M1                          0x080013dd   Thumb Code    74  dfoc.o(i.Check_Sensor_M1)
    Ctrl_Timer_Init                          0x08001449   Thumb Code   104  dfoc.o(i.Ctrl_Timer_Init)
    CurrSense_Init                           0x080014b5   Thumb Code    94  inlinecurrent.o(i.CurrSense_Init)
    DMA_Cmd                                  0x08001539   Thumb Code    24  stm32f10x_dma.o(i.DMA_Cmd)
    DMA_Init                                 0x08001551   Thumb Code    60  stm32f10x_dma.o(i.DMA_Init)
    DebugMon_Handler                         0x0800158d   Thumb Code     2  stm32f10x_it.o(i.DebugMon_Handler)
    Delay_ms                                 0x0800158f   Thumb Code    24  delay.o(i.Delay_ms)
    Delay_us                                 0x080015a7   Thumb Code    46  delay.o(i.Delay_us)
    DriftOffsets                             0x080015d5   Thumb Code   124  inlinecurrent.o(i.DriftOffsets)
    FOC_Init                                 0x08001661   Thumb Code    66  dfoc.o(i.FOC_Init)
    GPIO_Init                                0x080016b9   Thumb Code   278  stm32f10x_gpio.o(i.GPIO_Init)
    GPIO_ReadInputDataBit                    0x080017cf   Thumb Code    18  stm32f10x_gpio.o(i.GPIO_ReadInputDataBit)
    GPIO_SetBits                             0x080017e1   Thumb Code     4  stm32f10x_gpio.o(i.GPIO_SetBits)
    GPIO_WriteBit                            0x080017e5   Thumb Code    10  stm32f10x_gpio.o(i.GPIO_WriteBit)
    GetAngle                                 0x080017f1   Thumb Code   110  as5600.o(i.GetAngle)
    GetAngle_NoTrack                         0x08001869   Thumb Code    50  as5600.o(i.GetAngle_NoTrack)
    GetPhaseCurrent                          0x080018a1   Thumb Code   108  inlinecurrent.o(i.GetPhaseCurrent)
    GetVelocity                              0x08001925   Thumb Code   176  as5600.o(i.GetVelocity)
    HardFault_Handler                        0x080019ed   Thumb Code     4  stm32f10x_it.o(i.HardFault_Handler)
    I2C_R_SDA                                0x080019f1   Thumb Code    18  as5600.o(i.I2C_R_SDA)
    I2C_RecviveAck                           0x08001a0d   Thumb Code    30  as5600.o(i.I2C_RecviveAck)
    I2C_RecviveData                          0x08001a2b   Thumb Code    52  as5600.o(i.I2C_RecviveData)
    I2C_SendAck                              0x08001a5f   Thumb Code    24  as5600.o(i.I2C_SendAck)
    I2C_SendByte                             0x08001a77   Thumb Code    42  as5600.o(i.I2C_SendByte)
    I2C_Start                                0x08001aa1   Thumb Code    28  as5600.o(i.I2C_Start)
    I2C_Stop                                 0x08001abd   Thumb Code    22  as5600.o(i.I2C_Stop)
    I2C_W_SCL                                0x08001ad5   Thumb Code    18  as5600.o(i.I2C_W_SCL)
    I2C_W_SDA                                0x08001af1   Thumb Code    18  as5600.o(i.I2C_W_SDA)
    LED_Init                                 0x08001b0d   Thumb Code    46  led.o(i.LED_Init)
    Lowpassfilter                            0x08001b41   Thumb Code   188  lowpass_filter.o(i.Lowpassfilter)
    M0_PWM_A                                 0x08001c0d   Thumb Code    24  pwm.o(i.M0_PWM_A)
    M0_PWM_B                                 0x08001c25   Thumb Code    24  pwm.o(i.M0_PWM_B)
    M0_PWM_C                                 0x08001c3d   Thumb Code    24  pwm.o(i.M0_PWM_C)
    M0_Set_CurTorque                         0x08001c55   Thumb Code    68  dfoc.o(i.M0_Set_CurTorque)
    M0_Set_Velocity                          0x08001ca9   Thumb Code    92  dfoc.o(i.M0_Set_Velocity)
    M0_Set_Velocity_Angle                    0x08001d19   Thumb Code    94  dfoc.o(i.M0_Set_Velocity_Angle)
    M0_electricAngle                         0x08001d8d   Thumb Code    26  dfoc.o(i.M0_electricAngle)
    M0_rawElectricAngle                      0x08001dad   Thumb Code    56  dfoc.o(i.M0_rawElectricAngle)
    M1_PWM_A                                 0x08001df1   Thumb Code    24  pwm.o(i.M1_PWM_A)
    M1_PWM_B                                 0x08001e09   Thumb Code    22  pwm.o(i.M1_PWM_B)
    M1_PWM_C                                 0x08001e25   Thumb Code    22  pwm.o(i.M1_PWM_C)
    M1_Set_CurTorque                         0x08001e41   Thumb Code    68  dfoc.o(i.M1_Set_CurTorque)
    M1_Set_Velocity                          0x08001e95   Thumb Code    92  dfoc.o(i.M1_Set_Velocity)
    M1_Set_Velocity_Angle                    0x08001f05   Thumb Code    94  dfoc.o(i.M1_Set_Velocity_Angle)
    M1_electricAngle                         0x08001f79   Thumb Code    26  dfoc.o(i.M1_electricAngle)
    M1_rawElectricAngle                      0x08001f99   Thumb Code    56  dfoc.o(i.M1_rawElectricAngle)
    MemManage_Handler                        0x08001fdd   Thumb Code     4  stm32f10x_it.o(i.MemManage_Handler)
    Motor_en                                 0x08001fe1   Thumb Code    48  dfoc.o(i.Motor_en)
    MyI2C_Init                               0x08002015   Thumb Code    50  as5600.o(i.MyI2C_Init)
    NMI_Handler                              0x0800204d   Thumb Code     2  stm32f10x_it.o(i.NMI_Handler)
    NVIC_Init                                0x08002051   Thumb Code   100  misc.o(i.NVIC_Init)
    NVIC_PriorityGroupConfig                 0x080020c1   Thumb Code    10  misc.o(i.NVIC_PriorityGroupConfig)
    PID_Controller                           0x080020d5   Thumb Code   318  pid_control.o(i.PID_Controller)
    PWM_Init                                 0x08002225   Thumb Code   278  pwm.o(i.PWM_Init)
    PendSV_Handler                           0x08002345   Thumb Code     2  stm32f10x_it.o(i.PendSV_Handler)
    RCC_ADCCLKConfig                         0x08002349   Thumb Code    18  stm32f10x_rcc.o(i.RCC_ADCCLKConfig)
    RCC_AHBPeriphClockCmd                    0x08002361   Thumb Code    26  stm32f10x_rcc.o(i.RCC_AHBPeriphClockCmd)
    RCC_APB1PeriphClockCmd                   0x08002381   Thumb Code    26  stm32f10x_rcc.o(i.RCC_APB1PeriphClockCmd)
    RCC_APB2PeriphClockCmd                   0x080023a1   Thumb Code    26  stm32f10x_rcc.o(i.RCC_APB2PeriphClockCmd)
    RCC_GetClocksFreq                        0x080023c1   Thumb Code   192  stm32f10x_rcc.o(i.RCC_GetClocksFreq)
    SVC_Handler                              0x08002495   Thumb Code     2  stm32f10x_it.o(i.SVC_Handler)
    Serial_Init                              0x08002499   Thumb Code   174  serial.o(i.Serial_Init)
    Serial_Printf                            0x08002551   Thumb Code    36  serial.o(i.Serial_Printf)
    Serial_SendByte                          0x08002575   Thumb Code    28  serial.o(i.Serial_SendByte)
    Serial_SendString                        0x08002595   Thumb Code    26  serial.o(i.Serial_SendString)
    SetPhaseVoltage                          0x080025b1   Thumb Code   236  dfoc.o(i.SetPhaseVoltage)
    SetPwm                                   0x080026a5   Thumb Code   326  dfoc.o(i.SetPwm)
    Set_Ang_Sensor                           0x080028ed   Thumb Code    36  as5600.o(i.Set_Ang_Sensor)
    Set_Cur_Sensor                           0x08002919   Thumb Code    34  inlinecurrent.o(i.Set_Cur_Sensor)
    SysTick_Handler                          0x08002945   Thumb Code     2  stm32f10x_it.o(i.SysTick_Handler)
    SystemInit                               0x08002949   Thumb Code    78  system_stm32f10x.o(i.SystemInit)
    Systick_CountMode                        0x080029a9   Thumb Code    20  delay.o(i.Systick_CountMode)
    TIM4_IRQHandler                          0x080029bd   Thumb Code    28  dfoc.o(i.TIM4_IRQHandler)
    TIM_ClearITPendingBit                    0x080029e1   Thumb Code     6  stm32f10x_tim.o(i.TIM_ClearITPendingBit)
    TIM_Cmd                                  0x080029e7   Thumb Code    24  stm32f10x_tim.o(i.TIM_Cmd)
    TIM_GetITStatus                          0x080029ff   Thumb Code    34  stm32f10x_tim.o(i.TIM_GetITStatus)
    TIM_ITConfig                             0x08002a21   Thumb Code    18  stm32f10x_tim.o(i.TIM_ITConfig)
    TIM_InternalClockConfig                  0x08002a33   Thumb Code    12  stm32f10x_tim.o(i.TIM_InternalClockConfig)
    TIM_OC1Init                              0x08002a41   Thumb Code   132  stm32f10x_tim.o(i.TIM_OC1Init)
    TIM_OC2Init                              0x08002ad9   Thumb Code   154  stm32f10x_tim.o(i.TIM_OC2Init)
    TIM_OC3Init                              0x08002b7d   Thumb Code   150  stm32f10x_tim.o(i.TIM_OC3Init)
    TIM_OC4Init                              0x08002c1d   Thumb Code   114  stm32f10x_tim.o(i.TIM_OC4Init)
    TIM_OCStructInit                         0x08002c99   Thumb Code    20  stm32f10x_tim.o(i.TIM_OCStructInit)
    TIM_SetCompare1                          0x08002cad   Thumb Code     4  stm32f10x_tim.o(i.TIM_SetCompare1)
    TIM_SetCompare2                          0x08002cb1   Thumb Code     4  stm32f10x_tim.o(i.TIM_SetCompare2)
    TIM_SetCompare3                          0x08002cb5   Thumb Code     4  stm32f10x_tim.o(i.TIM_SetCompare3)
    TIM_SetCompare4                          0x08002cb9   Thumb Code     6  stm32f10x_tim.o(i.TIM_SetCompare4)
    TIM_TimeBaseInit                         0x08002cc1   Thumb Code   122  stm32f10x_tim.o(i.TIM_TimeBaseInit)
    USART1_IRQHandler                        0x08002d65   Thumb Code   140  serial.o(i.USART1_IRQHandler)
    USART_ClearITPendingBit                  0x08002e05   Thumb Code    30  stm32f10x_usart.o(i.USART_ClearITPendingBit)
    USART_Cmd                                0x08002e23   Thumb Code    24  stm32f10x_usart.o(i.USART_Cmd)
    USART_GetFlagStatus                      0x08002e3b   Thumb Code    26  stm32f10x_usart.o(i.USART_GetFlagStatus)
    USART_GetITStatus                        0x08002e55   Thumb Code    84  stm32f10x_usart.o(i.USART_GetITStatus)
    USART_ITConfig                           0x08002ea9   Thumb Code    74  stm32f10x_usart.o(i.USART_ITConfig)
    USART_Init                               0x08002ef5   Thumb Code   210  stm32f10x_usart.o(i.USART_Init)
    USART_ReceiveData                        0x08002fcd   Thumb Code    10  stm32f10x_usart.o(i.USART_ReceiveData)
    USART_SendData                           0x08002fd7   Thumb Code     8  stm32f10x_usart.o(i.USART_SendData)
    UsageFault_Handler                       0x08002fdf   Thumb Code     4  stm32f10x_it.o(i.UsageFault_Handler)
    __0vsprintf                              0x08002fe5   Thumb Code    30  printfa.o(i.__0vsprintf)
    __1vsprintf                              0x08002fe5   Thumb Code     0  printfa.o(i.__0vsprintf)
    __2vsprintf                              0x08002fe5   Thumb Code     0  printfa.o(i.__0vsprintf)
    __c89vsprintf                            0x08002fe5   Thumb Code     0  printfa.o(i.__0vsprintf)
    vsprintf                                 0x08002fe5   Thumb Code     0  printfa.o(i.__0vsprintf)
    __ARM_fpclassify                         0x08003009   Thumb Code    40  fpclassify.o(i.__ARM_fpclassify)
    __ieee754_rem_pio2                       0x08003031   Thumb Code   828  rred.o(i.__ieee754_rem_pio2)
    __kernel_cos                             0x080033b9   Thumb Code   230  cos_i.o(i.__kernel_cos)
    __kernel_poly                            0x080034b5   Thumb Code   170  poly.o(i.__kernel_poly)
    __kernel_sin                             0x08003561   Thumb Code   224  sin_i.o(i.__kernel_sin)
    __mathlib_dbl_infnan                     0x0800364d   Thumb Code     6  dunder.o(i.__mathlib_dbl_infnan)
    __mathlib_dbl_invalid                    0x08003653   Thumb Code    12  dunder.o(i.__mathlib_dbl_invalid)
    __mathlib_dbl_underflow                  0x08003661   Thumb Code    10  dunder.o(i.__mathlib_dbl_underflow)
    __scatterload_copy                       0x08003671   Thumb Code    14  handlers.o(i.__scatterload_copy)
    __scatterload_null                       0x0800367f   Thumb Code     2  handlers.o(i.__scatterload_null)
    __scatterload_zeroinit                   0x08003681   Thumb Code    14  handlers.o(i.__scatterload_zeroinit)
    __set_errno                              0x08003691   Thumb Code     6  errno.o(i.__set_errno)
    cal_Iq_Id                                0x08003f59   Thumb Code   116  dfoc.o(i.cal_Iq_Id)
    constrain                                0x08003fd5   Thumb Code    40  dfoc.o(i.constrain)
    cos                                      0x08003ffd   Thumb Code   148  cos.o(i.cos)
    fmod                                     0x08004099   Thumb Code   144  fmod.o(i.fmod)
    main                                     0x0800412d   Thumb Code   278  main.o(i.main)
    normalizeAngle                           0x08004289   Thumb Code    58  dfoc.o(i.normalizeAngle)
    sin                                      0x080042cd   Thumb Code   150  sin.o(i.sin)
    __ctype_categories                       0x08004490   Data          64  ctype_c.o(.constdata)
    Region$$Table$$Base                      0x080044d0   Number         0  anon$$obj.o(Region$$Table)
    Region$$Table$$Limit                     0x080044f0   Number         0  anon$$obj.o(Region$$Table)
    Serial_RxFlag                            0x20000014   Data           1  serial.o(.data)
    M0_PP                                    0x20000018   Data           4  main.o(.data)
    M0_DIR                                   0x2000001c   Data           4  main.o(.data)
    M1_PP                                    0x20000020   Data           4  main.o(.data)
    M1_DIR                                   0x20000024   Data           4  main.o(.data)
    axis                                     0x20000028   Data           1  main.o(.data)
    angle                                    0x2000002c   Data           4  main.o(.data)
    dx                                       0x20000030   Data           4  main.o(.data)
    dy                                       0x20000034   Data           4  main.o(.data)
    SCL_PIN                                  0x20000048   Data           2  as5600.o(.data)
    SDA_PIN                                  0x2000004a   Data           2  as5600.o(.data)
    g_ctrl_tick                              0x2000004c   Data           1  dfoc.o(.data)
    M1                                       0x20000050   Data          36  dfoc.o(.data)
    M0_ANG_PID                               0x20000074   Data          64  dfoc.o(.data)
    M1_ANG_PID                               0x200000b4   Data          64  dfoc.o(.data)
    M0_VEL_PID                               0x200000f4   Data          64  dfoc.o(.data)
    M1_VEL_PID                               0x20000134   Data          64  dfoc.o(.data)
    M0_CUR_PID                               0x20000174   Data          64  dfoc.o(.data)
    M1_CUR_PID                               0x200001b4   Data          64  dfoc.o(.data)
    M0_CUR_Filter                            0x200001f4   Data          12  dfoc.o(.data)
    M0_VEL_Filter                            0x20000200   Data          12  dfoc.o(.data)
    M1_CUR_Filter                            0x2000020c   Data          12  dfoc.o(.data)
    M1_VEL_Filter                            0x20000218   Data          12  dfoc.o(.data)
    Angle_Sensor1                            0x20000224   Data          28  dfoc.o(.data)
    Current_Sensor1                          0x20000240   Data          32  dfoc.o(.data)
    voltage_limit                            0x20000260   Data           4  dfoc.o(.data)
    voltage_power_supply                     0x20000264   Data           4  dfoc.o(.data)
    M0_zero_elc_Angle                        0x20000268   Data           4  dfoc.o(.data)
    M1_zero_elc_Angle                        0x2000026c   Data           4  dfoc.o(.data)
    velocity_limit                           0x20000270   Data           4  dfoc.o(.data)
    print_cnt                                0x20000274   Data           2  dfoc.o(.data)
    Samp_volts                               0x20000278   Data           8  inlinecurrent.o(.data)
    _shunt_resistor                          0x20000280   Data           4  inlinecurrent.o(.data)
    amp_gain                                 0x20000284   Data           4  inlinecurrent.o(.data)
    vlots_to_amps                            0x20000288   Data           4  inlinecurrent.o(.data)
    gain_a                                   0x2000028c   Data           4  inlinecurrent.o(.data)
    gain_b                                   0x20000290   Data           4  inlinecurrent.o(.data)
    gain_c                                   0x20000294   Data           4  inlinecurrent.o(.data)
    A                                        0x20000298   Data           4  inlinecurrent.o(.data)
    B                                        0x2000029c   Data           4  inlinecurrent.o(.data)
    Serial_RxPacket                          0x200002a4   Data         100  serial.o(.bss)
    M0                                       0x20000308   Data          36  dfoc.o(.bss)
    Angle_Sensor0                            0x2000032c   Data          28  dfoc.o(.bss)
    Current_Sensor0                          0x20000348   Data          32  dfoc.o(.bss)
    __initial_sp                             0x20000768   Data           0  startup_stm32f10x_md.o(STACK)



==============================================================================

Memory Map of the image

  Image Entry point : 0x080000ed

  Load Region LR_IROM1 (Base: 0x08000000, Size: 0x00004794, Max: 0x00010000, ABSOLUTE, COMPRESSED[0x0000455c])

    Execution Region ER_IROM1 (Exec base: 0x08000000, Load base: 0x08000000, Size: 0x000044f0, Max: 0x00010000, ABSOLUTE)

    Exec Addr    Load Addr    Size         Type   Attr      Idx    E Section Name        Object

    0x08000000   0x08000000   0x000000ec   Data   RO            3    RESET               startup_stm32f10x_md.o
    0x080000ec   0x080000ec   0x00000000   Code   RO         4048  * .ARM.Collect$$$$00000000  mc_w.l(entry.o)
    0x080000ec   0x080000ec   0x00000004   Code   RO         4135    .ARM.Collect$$$$00000001  mc_w.l(entry2.o)
    0x080000f0   0x080000f0   0x00000004   Code   RO         4138    .ARM.Collect$$$$00000004  mc_w.l(entry5.o)
    0x080000f4   0x080000f4   0x00000000   Code   RO         4140    .ARM.Collect$$$$00000008  mc_w.l(entry7b.o)
    0x080000f4   0x080000f4   0x00000000   Code   RO         4142    .ARM.Collect$$$$0000000A  mc_w.l(entry8b.o)
    0x080000f4   0x080000f4   0x00000008   Code   RO         4143    .ARM.Collect$$$$0000000B  mc_w.l(entry9a.o)
    0x080000fc   0x080000fc   0x00000000   Code   RO         4145    .ARM.Collect$$$$0000000D  mc_w.l(entry10a.o)
    0x080000fc   0x080000fc   0x00000000   Code   RO         4147    .ARM.Collect$$$$0000000F  mc_w.l(entry11a.o)
    0x080000fc   0x080000fc   0x00000004   Code   RO         4136    .ARM.Collect$$$$00002712  mc_w.l(entry2.o)
    0x08000100   0x08000100   0x00000024   Code   RO            4    .text               startup_stm32f10x_md.o
    0x08000124   0x08000124   0x00000038   Code   RO         4079    .text               mc_w.l(__0sscanf.o)
    0x0800015c   0x0800015c   0x0000014c   Code   RO         4081    .text               mc_w.l(_scanf_int.o)
    0x080002a8   0x080002a8   0x000000b0   Code   RO         4083    .text               mf_w.l(fadd.o)
    0x08000358   0x08000358   0x00000064   Code   RO         4085    .text               mf_w.l(fmul.o)
    0x080003bc   0x080003bc   0x0000007c   Code   RO         4087    .text               mf_w.l(fdiv.o)
    0x08000438   0x08000438   0x000000e4   Code   RO         4089    .text               mf_w.l(dmul.o)
    0x0800051c   0x0800051c   0x00000012   Code   RO         4091    .text               mf_w.l(fflti.o)
    0x0800052e   0x0800052e   0x0000000a   Code   RO         4093    .text               mf_w.l(ffltui.o)
    0x08000538   0x08000538   0x00000028   Code   RO         4095    .text               mf_w.l(ffixui.o)
    0x08000560   0x08000560   0x00000026   Code   RO         4097    .text               mf_w.l(f2d.o)
    0x08000586   0x08000586   0x00000002   PAD
    0x08000588   0x08000588   0x00000030   Code   RO         4099    .text               mf_w.l(cdrcmple.o)
    0x080005b8   0x080005b8   0x00000038   Code   RO         4101    .text               mf_w.l(d2f.o)
    0x080005f0   0x080005f0   0x00000014   Code   RO         4103    .text               mf_w.l(cfcmple.o)
    0x08000604   0x08000604   0x00000014   Code   RO         4105    .text               mf_w.l(cfrcmple.o)
    0x08000618   0x08000618   0x0000002c   Code   RO         4150    .text               mc_w.l(uidiv.o)
    0x08000644   0x08000644   0x00000062   Code   RO         4152    .text               mc_w.l(uldiv.o)
    0x080006a6   0x080006a6   0x0000001c   Code   RO         4161    .text               mc_w.l(_chval.o)
    0x080006c2   0x080006c2   0x00000002   PAD
    0x080006c4   0x080006c4   0x00000028   Code   RO         4163    .text               mc_w.l(scanf_char.o)
    0x080006ec   0x080006ec   0x00000040   Code   RO         4165    .text               mc_w.l(_sgetc.o)
    0x0800072c   0x0800072c   0x00000000   Code   RO         4167    .text               mc_w.l(iusefp.o)
    0x0800072c   0x0800072c   0x0000006e   Code   RO         4168    .text               mf_w.l(fepilogue.o)
    0x0800079a   0x0800079a   0x000000ba   Code   RO         4170    .text               mf_w.l(depilogue.o)
    0x08000854   0x08000854   0x0000014e   Code   RO         4172    .text               mf_w.l(dadd.o)
    0x080009a2   0x080009a2   0x000000de   Code   RO         4174    .text               mf_w.l(ddiv.o)
    0x08000a80   0x08000a80   0x00000086   Code   RO         4176    .text               mf_w.l(drem.o)
    0x08000b06   0x08000b06   0x00000030   Code   RO         4178    .text               mf_w.l(dfixul.o)
    0x08000b36   0x08000b36   0x00000002   PAD
    0x08000b38   0x08000b38   0x00000024   Code   RO         4184    .text               mc_w.l(init.o)
    0x08000b5c   0x08000b5c   0x0000001e   Code   RO         4186    .text               mc_w.l(llshl.o)
    0x08000b7a   0x08000b7a   0x00000020   Code   RO         4188    .text               mc_w.l(llushr.o)
    0x08000b9a   0x08000b9a   0x00000024   Code   RO         4190    .text               mc_w.l(llsshr.o)
    0x08000bbe   0x08000bbe   0x0000000a   Code   RO         4192    .text               mc_w.l(isspace_c.o)
    0x08000bc8   0x08000bc8   0x0000032c   Code   RO         4194    .text               mc_w.l(_scanf.o)
    0x08000ef4   0x08000ef4   0x0000002e   Code   RO         4196    .text               mf_w.l(dscalb.o)
    0x08000f22   0x08000f22   0x00000022   Code   RO         4198    .text               mf_w.l(dflti.o)
    0x08000f44   0x08000f44   0x0000001a   Code   RO         4200    .text               mf_w.l(dfltui.o)
    0x08000f5e   0x08000f5e   0x0000003e   Code   RO         4202    .text               mf_w.l(dfixi.o)
    0x08000f9c   0x08000f9c   0x00000028   Code   RO         4204    .text               mc_w.l(ctype_c.o)
    0x08000fc4   0x08000fc4   0x00000056   Code   RO         4215    .text               mc_w.l(__dczerorl2.o)
    0x0800101a   0x0800101a   0x00000016   Code   RO          202    i.ADC_Cmd           stm32f10x_adc.o
    0x08001030   0x08001030   0x00000016   Code   RO          203    i.ADC_DMACmd        stm32f10x_adc.o
    0x08001046   0x08001046   0x00000014   Code   RO          210    i.ADC_GetCalibrationStatus  stm32f10x_adc.o
    0x0800105a   0x0800105a   0x00000014   Code   RO          216    i.ADC_GetResetCalibrationStatus  stm32f10x_adc.o
    0x0800106e   0x0800106e   0x00000002   PAD
    0x08001070   0x08001070   0x00000050   Code   RO          220    i.ADC_Init          stm32f10x_adc.o
    0x080010c0   0x080010c0   0x000000b8   Code   RO          224    i.ADC_RegularChannelConfig  stm32f10x_adc.o
    0x08001178   0x08001178   0x0000000a   Code   RO          225    i.ADC_ResetCalibration  stm32f10x_adc.o
    0x08001182   0x08001182   0x00000016   Code   RO          227    i.ADC_SoftwareStartConvCmd  stm32f10x_adc.o
    0x08001198   0x08001198   0x0000000a   Code   RO          229    i.ADC_StartCalibration  stm32f10x_adc.o
    0x080011a2   0x080011a2   0x00000002   PAD
    0x080011a4   0x080011a4   0x0000014c   Code   RO         3892    i.AD_Init           inlinecurrent.o
    0x080012f0   0x080012f0   0x00000050   Code   RO         3602    i.AS5600_GetRawData  as5600.o
    0x08001340   0x08001340   0x00000008   Code   RO         3603    i.AS5600_Init       as5600.o
    0x08001348   0x08001348   0x00000022   Code   RO         3605    i.AS5600_Sensor_Init  as5600.o
    0x0800136a   0x0800136a   0x00000004   Code   RO         3539    i.BusFault_Handler  stm32f10x_it.o
    0x0800136e   0x0800136e   0x00000002   PAD
    0x08001370   0x08001370   0x0000006c   Code   RO         3725    i.Check_Sensor      dfoc.o
    0x080013dc   0x080013dc   0x0000006c   Code   RO         3726    i.Check_Sensor_M1   dfoc.o
    0x08001448   0x08001448   0x0000006c   Code   RO         3727    i.Ctrl_Timer_Init   dfoc.o
    0x080014b4   0x080014b4   0x00000084   Code   RO         3893    i.CurrSense_Init    inlinecurrent.o
    0x08001538   0x08001538   0x00000018   Code   RO          911    i.DMA_Cmd           stm32f10x_dma.o
    0x08001550   0x08001550   0x0000003c   Code   RO          917    i.DMA_Init          stm32f10x_dma.o
    0x0800158c   0x0800158c   0x00000002   Code   RO         3540    i.DebugMon_Handler  stm32f10x_it.o
    0x0800158e   0x0800158e   0x00000018   Code   RO         3196    i.Delay_ms          delay.o
    0x080015a6   0x080015a6   0x0000002e   Code   RO         3198    i.Delay_us          delay.o
    0x080015d4   0x080015d4   0x0000008c   Code   RO         3894    i.DriftOffsets      inlinecurrent.o
    0x08001660   0x08001660   0x00000058   Code   RO         3729    i.FOC_Init          dfoc.o
    0x080016b8   0x080016b8   0x00000116   Code   RO         1347    i.GPIO_Init         stm32f10x_gpio.o
    0x080017ce   0x080017ce   0x00000012   Code   RO         1351    i.GPIO_ReadInputDataBit  stm32f10x_gpio.o
    0x080017e0   0x080017e0   0x00000004   Code   RO         1355    i.GPIO_SetBits      stm32f10x_gpio.o
    0x080017e4   0x080017e4   0x0000000a   Code   RO         1358    i.GPIO_WriteBit     stm32f10x_gpio.o
    0x080017ee   0x080017ee   0x00000002   PAD
    0x080017f0   0x080017f0   0x00000078   Code   RO         3606    i.GetAngle          as5600.o
    0x08001868   0x08001868   0x00000038   Code   RO         3607    i.GetAngle_NoTrack  as5600.o
    0x080018a0   0x080018a0   0x00000084   Code   RO         3895    i.GetPhaseCurrent   inlinecurrent.o
    0x08001924   0x08001924   0x000000c8   Code   RO         3608    i.GetVelocity       as5600.o
    0x080019ec   0x080019ec   0x00000004   Code   RO         3541    i.HardFault_Handler  stm32f10x_it.o
    0x080019f0   0x080019f0   0x0000001c   Code   RO         3609    i.I2C_R_SDA         as5600.o
    0x08001a0c   0x08001a0c   0x0000001e   Code   RO         3610    i.I2C_RecviveAck    as5600.o
    0x08001a2a   0x08001a2a   0x00000034   Code   RO         3611    i.I2C_RecviveData   as5600.o
    0x08001a5e   0x08001a5e   0x00000018   Code   RO         3612    i.I2C_SendAck       as5600.o
    0x08001a76   0x08001a76   0x0000002a   Code   RO         3613    i.I2C_SendByte      as5600.o
    0x08001aa0   0x08001aa0   0x0000001c   Code   RO         3614    i.I2C_Start         as5600.o
    0x08001abc   0x08001abc   0x00000016   Code   RO         3615    i.I2C_Stop          as5600.o
    0x08001ad2   0x08001ad2   0x00000002   PAD
    0x08001ad4   0x08001ad4   0x0000001c   Code   RO         3616    i.I2C_W_SCL         as5600.o
    0x08001af0   0x08001af0   0x0000001c   Code   RO         3617    i.I2C_W_SDA         as5600.o
    0x08001b0c   0x08001b0c   0x00000034   Code   RO         3232    i.LED_Init          led.o
    0x08001b40   0x08001b40   0x000000cc   Code   RO         3932    i.Lowpassfilter     lowpass_filter.o
    0x08001c0c   0x08001c0c   0x00000018   Code   RO         3976    i.M0_PWM_A          pwm.o
    0x08001c24   0x08001c24   0x00000018   Code   RO         3977    i.M0_PWM_B          pwm.o
    0x08001c3c   0x08001c3c   0x00000018   Code   RO         3978    i.M0_PWM_C          pwm.o
    0x08001c54   0x08001c54   0x00000054   Code   RO         3730    i.M0_Set_CurTorque  dfoc.o
    0x08001ca8   0x08001ca8   0x00000070   Code   RO         3731    i.M0_Set_Velocity   dfoc.o
    0x08001d18   0x08001d18   0x00000074   Code   RO         3732    i.M0_Set_Velocity_Angle  dfoc.o
    0x08001d8c   0x08001d8c   0x00000020   Code   RO         3734    i.M0_electricAngle  dfoc.o
    0x08001dac   0x08001dac   0x00000044   Code   RO         3735    i.M0_rawElectricAngle  dfoc.o
    0x08001df0   0x08001df0   0x00000018   Code   RO         3979    i.M1_PWM_A          pwm.o
    0x08001e08   0x08001e08   0x0000001c   Code   RO         3980    i.M1_PWM_B          pwm.o
    0x08001e24   0x08001e24   0x0000001c   Code   RO         3981    i.M1_PWM_C          pwm.o
    0x08001e40   0x08001e40   0x00000054   Code   RO         3736    i.M1_Set_CurTorque  dfoc.o
    0x08001e94   0x08001e94   0x00000070   Code   RO         3737    i.M1_Set_Velocity   dfoc.o
    0x08001f04   0x08001f04   0x00000074   Code   RO         3738    i.M1_Set_Velocity_Angle  dfoc.o
    0x08001f78   0x08001f78   0x00000020   Code   RO         3740    i.M1_electricAngle  dfoc.o
    0x08001f98   0x08001f98   0x00000044   Code   RO         3741    i.M1_rawElectricAngle  dfoc.o
    0x08001fdc   0x08001fdc   0x00000004   Code   RO         3542    i.MemManage_Handler  stm32f10x_it.o
    0x08001fe0   0x08001fe0   0x00000034   Code   RO         3742    i.Motor_en          dfoc.o
    0x08002014   0x08002014   0x00000038   Code   RO         3618    i.MyI2C_Init        as5600.o
    0x0800204c   0x0800204c   0x00000002   Code   RO         3543    i.NMI_Handler       stm32f10x_it.o
    0x0800204e   0x0800204e   0x00000002   PAD
    0x08002050   0x08002050   0x00000070   Code   RO          137    i.NVIC_Init         misc.o
    0x080020c0   0x080020c0   0x00000014   Code   RO          138    i.NVIC_PriorityGroupConfig  misc.o
    0x080020d4   0x080020d4   0x00000150   Code   RO         3958    i.PID_Controller    pid_control.o
    0x08002224   0x08002224   0x00000120   Code   RO         3982    i.PWM_Init          pwm.o
    0x08002344   0x08002344   0x00000002   Code   RO         3544    i.PendSV_Handler    stm32f10x_it.o
    0x08002346   0x08002346   0x00000002   PAD
    0x08002348   0x08002348   0x00000018   Code   RO         1773    i.RCC_ADCCLKConfig  stm32f10x_rcc.o
    0x08002360   0x08002360   0x00000020   Code   RO         1774    i.RCC_AHBPeriphClockCmd  stm32f10x_rcc.o
    0x08002380   0x08002380   0x00000020   Code   RO         1775    i.RCC_APB1PeriphClockCmd  stm32f10x_rcc.o
    0x080023a0   0x080023a0   0x00000020   Code   RO         1777    i.RCC_APB2PeriphClockCmd  stm32f10x_rcc.o
    0x080023c0   0x080023c0   0x000000d4   Code   RO         1785    i.RCC_GetClocksFreq  stm32f10x_rcc.o
    0x08002494   0x08002494   0x00000002   Code   RO         3545    i.SVC_Handler       stm32f10x_it.o
    0x08002496   0x08002496   0x00000002   PAD
    0x08002498   0x08002498   0x000000b8   Code   RO         3403    i.Serial_Init       serial.o
    0x08002550   0x08002550   0x00000024   Code   RO         3405    i.Serial_Printf     serial.o
    0x08002574   0x08002574   0x00000020   Code   RO         3407    i.Serial_SendByte   serial.o
    0x08002594   0x08002594   0x0000001a   Code   RO         3410    i.Serial_SendString  serial.o
    0x080025ae   0x080025ae   0x00000002   PAD
    0x080025b0   0x080025b0   0x000000f4   Code   RO         3743    i.SetPhaseVoltage   dfoc.o
    0x080026a4   0x080026a4   0x00000160   Code   RO         3744    i.SetPwm            dfoc.o
    0x08002804   0x08002804   0x00000008   Code   RO           24    i.SetSysClock       system_stm32f10x.o
    0x0800280c   0x0800280c   0x000000e0   Code   RO           25    i.SetSysClockTo72   system_stm32f10x.o
    0x080028ec   0x080028ec   0x0000002c   Code   RO         3619    i.Set_Ang_Sensor    as5600.o
    0x08002918   0x08002918   0x0000002c   Code   RO         3896    i.Set_Cur_Sensor    inlinecurrent.o
    0x08002944   0x08002944   0x00000002   Code   RO         3546    i.SysTick_Handler   stm32f10x_it.o
    0x08002946   0x08002946   0x00000002   PAD
    0x08002948   0x08002948   0x00000060   Code   RO           27    i.SystemInit        system_stm32f10x.o
    0x080029a8   0x080029a8   0x00000014   Code   RO         3199    i.Systick_CountMode  delay.o
    0x080029bc   0x080029bc   0x00000024   Code   RO         3745    i.TIM4_IRQHandler   dfoc.o
    0x080029e0   0x080029e0   0x00000006   Code   RO         2416    i.TIM_ClearITPendingBit  stm32f10x_tim.o
    0x080029e6   0x080029e6   0x00000018   Code   RO         2421    i.TIM_Cmd           stm32f10x_tim.o
    0x080029fe   0x080029fe   0x00000022   Code   RO         2442    i.TIM_GetITStatus   stm32f10x_tim.o
    0x08002a20   0x08002a20   0x00000012   Code   RO         2446    i.TIM_ITConfig      stm32f10x_tim.o
    0x08002a32   0x08002a32   0x0000000c   Code   RO         2448    i.TIM_InternalClockConfig  stm32f10x_tim.o
    0x08002a3e   0x08002a3e   0x00000002   PAD
    0x08002a40   0x08002a40   0x00000098   Code   RO         2450    i.TIM_OC1Init       stm32f10x_tim.o
    0x08002ad8   0x08002ad8   0x000000a4   Code   RO         2455    i.TIM_OC2Init       stm32f10x_tim.o
    0x08002b7c   0x08002b7c   0x000000a0   Code   RO         2460    i.TIM_OC3Init       stm32f10x_tim.o
    0x08002c1c   0x08002c1c   0x0000007c   Code   RO         2465    i.TIM_OC4Init       stm32f10x_tim.o
    0x08002c98   0x08002c98   0x00000014   Code   RO         2468    i.TIM_OCStructInit  stm32f10x_tim.o
    0x08002cac   0x08002cac   0x00000004   Code   RO         2482    i.TIM_SetCompare1   stm32f10x_tim.o
    0x08002cb0   0x08002cb0   0x00000004   Code   RO         2483    i.TIM_SetCompare2   stm32f10x_tim.o
    0x08002cb4   0x08002cb4   0x00000004   Code   RO         2484    i.TIM_SetCompare3   stm32f10x_tim.o
    0x08002cb8   0x08002cb8   0x00000006   Code   RO         2485    i.TIM_SetCompare4   stm32f10x_tim.o
    0x08002cbe   0x08002cbe   0x00000002   PAD
    0x08002cc0   0x08002cc0   0x000000a4   Code   RO         2492    i.TIM_TimeBaseInit  stm32f10x_tim.o
    0x08002d64   0x08002d64   0x000000a0   Code   RO         3411    i.USART1_IRQHandler  serial.o
    0x08002e04   0x08002e04   0x0000001e   Code   RO         2957    i.USART_ClearITPendingBit  stm32f10x_usart.o
    0x08002e22   0x08002e22   0x00000018   Code   RO         2960    i.USART_Cmd         stm32f10x_usart.o
    0x08002e3a   0x08002e3a   0x0000001a   Code   RO         2963    i.USART_GetFlagStatus  stm32f10x_usart.o
    0x08002e54   0x08002e54   0x00000054   Code   RO         2964    i.USART_GetITStatus  stm32f10x_usart.o
    0x08002ea8   0x08002ea8   0x0000004a   Code   RO         2966    i.USART_ITConfig    stm32f10x_usart.o
    0x08002ef2   0x08002ef2   0x00000002   PAD
    0x08002ef4   0x08002ef4   0x000000d8   Code   RO         2967    i.USART_Init        stm32f10x_usart.o
    0x08002fcc   0x08002fcc   0x0000000a   Code   RO         2974    i.USART_ReceiveData  stm32f10x_usart.o
    0x08002fd6   0x08002fd6   0x00000008   Code   RO         2977    i.USART_SendData    stm32f10x_usart.o
    0x08002fde   0x08002fde   0x00000004   Code   RO         3547    i.UsageFault_Handler  stm32f10x_it.o
    0x08002fe2   0x08002fe2   0x00000002   PAD
    0x08002fe4   0x08002fe4   0x00000024   Code   RO         4058    i.__0vsprintf       mc_w.l(printfa.o)
    0x08003008   0x08003008   0x00000028   Code   RO         4180    i.__ARM_fpclassify  m_ws.l(fpclassify.o)
    0x08003030   0x08003030   0x00000388   Code   RO         4124    i.__ieee754_rem_pio2  m_ws.l(rred.o)
    0x080033b8   0x080033b8   0x000000fc   Code   RO         4107    i.__kernel_cos      m_ws.l(cos_i.o)
    0x080034b4   0x080034b4   0x000000aa   Code   RO         4182    i.__kernel_poly     m_ws.l(poly.o)
    0x0800355e   0x0800355e   0x00000002   PAD
    0x08003560   0x08003560   0x000000ec   Code   RO         4129    i.__kernel_sin      m_ws.l(sin_i.o)
    0x0800364c   0x0800364c   0x00000006   Code   RO         4111    i.__mathlib_dbl_infnan  m_ws.l(dunder.o)
    0x08003652   0x08003652   0x0000000c   Code   RO         4113    i.__mathlib_dbl_invalid  m_ws.l(dunder.o)
    0x0800365e   0x0800365e   0x00000002   PAD
    0x08003660   0x08003660   0x00000010   Code   RO         4116    i.__mathlib_dbl_underflow  m_ws.l(dunder.o)
    0x08003670   0x08003670   0x0000000e   Code   RO         4209    i.__scatterload_copy  mc_w.l(handlers.o)
    0x0800367e   0x0800367e   0x00000002   Code   RO         4210    i.__scatterload_null  mc_w.l(handlers.o)
    0x08003680   0x08003680   0x0000000e   Code   RO         4211    i.__scatterload_zeroinit  mc_w.l(handlers.o)
    0x0800368e   0x0800368e   0x00000002   PAD
    0x08003690   0x08003690   0x0000000c   Code   RO         4156    i.__set_errno       mc_w.l(errno.o)
    0x0800369c   0x0800369c   0x00000184   Code   RO         4059    i._fp_digits        mc_w.l(printfa.o)
    0x08003820   0x08003820   0x000006dc   Code   RO         4060    i._printf_core      mc_w.l(printfa.o)
    0x08003efc   0x08003efc   0x00000024   Code   RO         4061    i._printf_post_padding  mc_w.l(printfa.o)
    0x08003f20   0x08003f20   0x0000002e   Code   RO         4062    i._printf_pre_padding  mc_w.l(printfa.o)
    0x08003f4e   0x08003f4e   0x0000000a   Code   RO         4064    i._sputc            mc_w.l(printfa.o)
    0x08003f58   0x08003f58   0x0000007c   Code   RO         3746    i.cal_Iq_Id         dfoc.o
    0x08003fd4   0x08003fd4   0x00000028   Code   RO         3747    i.constrain         dfoc.o
    0x08003ffc   0x08003ffc   0x0000009c   Code   RO         4025    i.cos               m_ws.l(cos.o)
    0x08004098   0x08004098   0x00000094   Code   RO         4033    i.fmod              m_ws.l(fmod.o)
    0x0800412c   0x0800412c   0x0000015c   Code   RO         3480    i.main              main.o
    0x08004288   0x08004288   0x00000044   Code   RO         3748    i.normalizeAngle    dfoc.o
    0x080042cc   0x080042cc   0x000000a0   Code   RO         4041    i.sin               m_ws.l(sin.o)
    0x0800436c   0x0800436c   0x00000004   PAD
    0x08004370   0x08004370   0x00000030   Data   RO         4108    .constdata          m_ws.l(cos_i.o)
    0x080043a0   0x080043a0   0x000000c8   Data   RO         4126    .constdata          m_ws.l(rred.o)
    0x08004468   0x08004468   0x00000028   Data   RO         4130    .constdata          m_ws.l(sin_i.o)
    0x08004490   0x08004490   0x00000040   Data   RO         4205    .constdata          mc_w.l(ctype_c.o)
    0x080044d0   0x080044d0   0x00000020   Data   RO         4207    Region$$Table       anon$$obj.o


    Execution Region RW_IRAM1 (Exec base: 0x20000000, Load base: 0x080044f0, Size: 0x00000768, Max: 0x00005000, ABSOLUTE, COMPRESSED[0x0000006c])

    Exec Addr    Load Addr    Size         Type   Attr      Idx    E Section Name        Object

    0x20000000   COMPRESSED   0x00000014   Data   RW         1805    .data               stm32f10x_rcc.o
    0x20000014   COMPRESSED   0x00000003   Data   RW         3414    .data               serial.o
    0x20000017   COMPRESSED   0x00000001   PAD
    0x20000018   COMPRESSED   0x00000030   Data   RW         3481    .data               main.o
    0x20000048   COMPRESSED   0x00000004   Data   RW         3620    .data               as5600.o
    0x2000004c   COMPRESSED   0x0000022a   Data   RW         3750    .data               dfoc.o
    0x20000276   COMPRESSED   0x00000002   PAD
    0x20000278   COMPRESSED   0x00000028   Data   RW         3897    .data               inlinecurrent.o
    0x200002a0   COMPRESSED   0x00000004   Data   RW         4157    .data               mc_w.l(errno.o)
    0x200002a4        -       0x00000064   Zero   RW         3413    .bss                serial.o
    0x20000308        -       0x00000060   Zero   RW         3749    .bss                dfoc.o
    0x20000368        -       0x00000400   Zero   RW            1    STACK               startup_stm32f10x_md.o


==============================================================================

Image component sizes


      Code (inc. data)   RO Data    RW Data    ZI Data      Debug   Object Name

       880         84          0          4          0      10118   as5600.o
         0          0          0          0          0       4500   core_cm3.o
        90          0          0          0          0       1338   delay.o
      2152        310          0        554         96      14749   dfoc.o
       780        108          0         40          0       3762   inlinecurrent.o
        52          6          0          0          0        463   led.o
       204         16          0          0          0       1532   lowpass_filter.o
       348         70          0         48          0       1164   main.o
       132         22          0          0          0     213743   misc.o
       336         18          0          0          0       1037   pid_control.o
       440         22          0          0          0       3509   pwm.o
       438         34          0          3        100       4068   serial.o
        36          8        236          0       1024        808   startup_stm32f10x_md.o
       390         10          0          0          0      17665   stm32f10x_adc.o
        84          0          0          0          0      12437   stm32f10x_dma.o
       310          0          0          0          0      11815   stm32f10x_gpio.o
        26          0          0          0          0       3710   stm32f10x_it.o
       332         44          0         20          0      13993   stm32f10x_rcc.o
       896         92          0          0          0      29263   stm32f10x_tim.o
       472          6          0          0          0      12455   stm32f10x_usart.o
       328         28          0          0          0      54997   system_stm32f10x.o

    ----------------------------------------------------------------------
      8754        878        268        672       1220     417126   Object Totals
         0          0         32          0          0          0   (incl. Generated)
        28          0          0          3          0          0   (incl. Padding)

    ----------------------------------------------------------------------

      Code (inc. data)   RO Data    RW Data    ZI Data      Debug   Library Member Name

       156          8          0          0          0        104   cos.o
       252         22         48          0          0        124   cos_i.o
        34          6          0          0          0        204   dunder.o
       148          4          0          0          0         88   fmod.o
        40          0          0          0          0         68   fpclassify.o
       170          0          0          0          0         96   poly.o
       904         76        200          0          0        140   rred.o
       160         10          0          0          0        108   sin.o
       236         12         40          0          0        128   sin_i.o
        56          8          0          0          0         84   __0sscanf.o
        86          0          0          0          0          0   __dczerorl2.o
        28          0          0          0          0         68   _chval.o
       812          4          0          0          0        112   _scanf.o
       332          0          0          0          0         96   _scanf_int.o
        64          0          0          0          0         84   _sgetc.o
        40          6         64          0          0         68   ctype_c.o
         0          0          0          0          0          0   entry.o
         0          0          0          0          0          0   entry10a.o
         0          0          0          0          0          0   entry11a.o
         8          4          0          0          0          0   entry2.o
         4          0          0          0          0          0   entry5.o
         0          0          0          0          0          0   entry7b.o
         0          0          0          0          0          0   entry8b.o
         8          4          0          0          0          0   entry9a.o
        12          6          0          4          0         68   errno.o
        30          0          0          0          0          0   handlers.o
        36          8          0          0          0         68   init.o
        10          0          0          0          0         68   isspace_c.o
         0          0          0          0          0          0   iusefp.o
        30          0          0          0          0         68   llshl.o
        36          0          0          0          0         68   llsshr.o
        32          0          0          0          0         68   llushr.o
      2272         86          0          0          0        516   printfa.o
        40          8          0          0          0         84   scanf_char.o
        44          0          0          0          0         80   uidiv.o
        98          0          0          0          0         92   uldiv.o
        48          0          0          0          0         68   cdrcmple.o
        20          0          0          0          0         68   cfcmple.o
        20          0          0          0          0         68   cfrcmple.o
        56          0          0          0          0         88   d2f.o
       334          0          0          0          0        148   dadd.o
       222          0          0          0          0        100   ddiv.o
       186          0          0          0          0        176   depilogue.o
        62          0          0          0          0         80   dfixi.o
        48          0          0          0          0         68   dfixul.o
        34          0          0          0          0         76   dflti.o
        26          0          0          0          0         76   dfltui.o
       228          0          0          0          0         96   dmul.o
       134          0          0          0          0         96   drem.o
        46          0          0          0          0         80   dscalb.o
        38          0          0          0          0         68   f2d.o
       176          0          0          0          0        140   fadd.o
       124          0          0          0          0         88   fdiv.o
       110          0          0          0          0        168   fepilogue.o
        40          0          0          0          0         68   ffixui.o
        18          0          0          0          0         68   fflti.o
        10          0          0          0          0         68   ffltui.o
       100          0          0          0          0         76   fmul.o

    ----------------------------------------------------------------------
      8274        276        352          4          0       4784   Library Totals
        16          4          0          0          0          0   (incl. Padding)

    ----------------------------------------------------------------------

      Code (inc. data)   RO Data    RW Data    ZI Data      Debug   Library Name

      2100        138        288          0          0       1060   m_ws.l
      4078        134         64          4          0       1692   mc_w.l
      2080          0          0          0          0       2032   mf_w.l

    ----------------------------------------------------------------------
      8274        276        352          4          0       4784   Library Totals

    ----------------------------------------------------------------------

==============================================================================


      Code (inc. data)   RO Data    RW Data    ZI Data      Debug   

     17028       1154        620        676       1220     413458   Grand Totals
     17028       1154        620        108       1220     413458   ELF Image Totals (compressed)
     17028       1154        620        108          0          0   ROM Totals

==============================================================================

    Total RO  Size (Code + RO Data)                17648 (  17.23kB)
    Total RW  Size (RW Data + ZI Data)              1896 (   1.85kB)
    Total ROM Size (Code + RO Data + RW Data)      17756 (  17.34kB)

==============================================================================

