<html>
<body>
<pre>
<h1>礦ision Build Log</h1>
<h2>Tool Versions:</h2>
IDE-Version: μVision V5.24.2.0
Copyright (C) 2017 ARM Ltd and ARM Germany GmbH. All rights reserved.
License Information: dao 1625708533@qq.com, dao, LIC=TIVNB-2UKMV-9UR4U-SQFNN-IMF38-PS9FL
 
Tool Versions:
Toolchain:       MDK-ARM Plus  Version: 5.24.1
Toolchain Path:  D:\keil5\ARM\ARMCC\Bin
C Compiler:      Armcc.exe V5.06 update 5 (build 528)
Assembler:       Armasm.exe V5.06 update 5 (build 528)
Linker/Locator:  ArmLink.exe V5.06 update 5 (build 528)
Library Manager: ArmAr.exe V5.06 update 5 (build 528)
Hex Converter:   FromElf.exe V5.06 update 5 (build 528)
CPU DLL:         SARMCM3.DLL V5.24.1
Dialog DLL:      DCM.DLL V1.16.0.0
Target DLL:      STLink\ST-LINKIII-KEIL_SWO.dll V3.0.1.0
Dialog DLL:      TCM.DLL V1.32.0.0
 
<h2>Project:</h2>
C:\Users\16257\Desktop\temporary\跟踪和平衡\主机程序\Projects\MDK-ARM\atk_h750.uvprojx
Project File Date:  05/24/2026

<h2>Output:</h2>
*** Using Compiler 'V5.06 update 5 (build 528)', folder: 'D:\keil5\ARM\ARMCC\Bin'
Rebuild target 'Template'
assembling startup_stm32h750xx.s...
compiling delay.c...
compiling stm32h7xx_it.c...
compiling MyTask.c...
compiling main.c...
compiling sys.c...
compiling system_stm32h7xx.c...
compiling usart.c...
compiling stm32h7xx_hal_dma_ex.c...
compiling stm32h7xx_hal_gpio.c...
compiling stm32h7xx_hal_cortex.c...
compiling stm32h7xx_hal.c...
compiling stm32h7xx_hal_pwr.c...
compiling stm32h7xx_hal_pwr_ex.c...
compiling stm32h7xx_hal_dma.c...
compiling stm32h7xx_hal_rcc.c...
compiling stm32h7xx_hal_uart_ex.c...
compiling stm32h7xx_hal_usart_ex.c...
compiling stm32h7xx_hal_rcc_ex.c...
compiling stm32h7xx_hal_usart.c...
compiling stm32h7xx_hal_uart.c...
compiling stm32h7xx_hal_mdma.c...
compiling stm32h7xx_hal_sram.c...
compiling stm32h7xx_ll_fmc.c...
compiling stm32h7xx_hal_dcmi.c...
compiling stm32h7xx_hal_tim_ex.c...
compiling stm32h7xx_hal_qspi.c...
compiling stm32h7xx_hal_dma2d.c...
compiling stm32h7xx_hal_tim.c...
compiling led.c...
compiling key.c...
compiling mpu.c...
compiling dcmi.c...
compiling sccb.c...
compiling lcd.c...
compiling ov5640.c...
compiling usart2.c...
compiling btim.c...
compiling usart4.c...
compiling vision.c...
..\..\Drivers\BSP\VISION\vision.c(22): warning:  #550-D: variable "s_last_dx"  was set but never used
  static int16_t s_last_dx = 0;
..\..\Drivers\BSP\VISION\vision.c(23): warning:  #550-D: variable "s_last_dy"  was set but never used
  static int16_t s_last_dy = 0;
..\..\Drivers\BSP\VISION\vision.c(24): warning:  #550-D: variable "s_last_dist2"  was set but never used
  static uint32_t s_last_dist2 = 0;
..\..\Drivers\BSP\VISION\vision.c(30): warning:  #550-D: variable "s_dir_x"  was set but never used
  static int8_t s_dir_x = 1;
..\..\Drivers\BSP\VISION\vision.c(31): warning:  #550-D: variable "s_dir_y"  was set but never used
  static int8_t s_dir_y = 1;
..\..\Drivers\BSP\VISION\vision.c(33): warning:  #550-D: variable "s_has_last"  was set but never used
  static uint8_t s_has_last = 0;
..\..\Drivers\BSP\VISION\vision.c: 6 warnings, 0 errors
compiling MPU6050.c...
compiling MyI2C.c...
compiling usmart.c...
compiling usmart_port.c...
compiling usmart_str.c...
compiling usmart_config.c...
linking...
Program Size: Code=60686 RO-data=25510 RW-data=592 ZI-data=3216  
FromELF: creating hex file...
"..\..\Output\atk_h750.axf" - 0 Error(s), 6 Warning(s).

<h2>Software Packages used:</h2>

Package Vendor: Keil
                https://www.keil.com/pack/Keil.STM32H7xx_DFP.4.1.3.pack
                Keil.STM32H7xx_DFP.4.1.3
                STMicroelectronics STM32H7 Series Device Support

<h2>Collection of Component include folders:</h2>
  .\RTE\_Template

<h2>Collection of Component Files used:</h2>
Build Time Elapsed:  00:00:07
</pre>
</body>
</html>
