Component: ARM Compiler 5.06 update 5 (build 528) Tool: armlink [4d35e2]

==============================================================================

Section Cross References

    startup_stm32h750xx.o(STACK) refers (Special) to heapauxi.o(.text) for __use_two_region_memory
    startup_stm32h750xx.o(HEAP) refers (Special) to heapauxi.o(.text) for __use_two_region_memory
    startup_stm32h750xx.o(RESET) refers (Special) to heapauxi.o(.text) for __use_two_region_memory
    startup_stm32h750xx.o(RESET) refers to startup_stm32h750xx.o(STACK) for __initial_sp
    startup_stm32h750xx.o(RESET) refers to startup_stm32h750xx.o(.text) for Reset_Handler
    startup_stm32h750xx.o(RESET) refers to stm32h7xx_it.o(i.NMI_Handler) for NMI_Handler
    startup_stm32h750xx.o(RESET) refers to stm32h7xx_it.o(i.HardFault_Handler) for HardFault_Handler
    startup_stm32h750xx.o(RESET) refers to mpu.o(i.MemManage_Handler) for MemManage_Handler
    startup_stm32h750xx.o(RESET) refers to stm32h7xx_it.o(i.BusFault_Handler) for BusFault_Handler
    startup_stm32h750xx.o(RESET) refers to stm32h7xx_it.o(i.UsageFault_Handler) for UsageFault_Handler
    startup_stm32h750xx.o(RESET) refers to stm32h7xx_it.o(i.SVC_Handler) for SVC_Handler
    startup_stm32h750xx.o(RESET) refers to stm32h7xx_it.o(i.DebugMon_Handler) for DebugMon_Handler
    startup_stm32h750xx.o(RESET) refers to stm32h7xx_it.o(i.PendSV_Handler) for PendSV_Handler
    startup_stm32h750xx.o(RESET) refers to stm32h7xx_it.o(i.SysTick_Handler) for SysTick_Handler
    startup_stm32h750xx.o(RESET) refers to dcmi.o(i.DMA1_Stream1_IRQHandler) for DMA1_Stream1_IRQHandler
    startup_stm32h750xx.o(RESET) refers to usmart_port.o(i.TIM4_IRQHandler) for TIM4_IRQHandler
    startup_stm32h750xx.o(RESET) refers to usart.o(i.USART1_IRQHandler) for USART1_IRQHandler
    startup_stm32h750xx.o(RESET) refers to usart2.o(i.USART2_IRQHandler) for USART2_IRQHandler
    startup_stm32h750xx.o(RESET) refers to stm32h7xx_it.o(i.UART4_IRQHandler) for UART4_IRQHandler
    startup_stm32h750xx.o(RESET) refers to btim.o(i.TIM6_DAC_IRQHandler) for TIM6_DAC_IRQHandler
    startup_stm32h750xx.o(RESET) refers to dcmi.o(i.DCMI_IRQHandler) for DCMI_IRQHandler
    startup_stm32h750xx.o(.text) refers (Special) to heapauxi.o(.text) for __use_two_region_memory
    startup_stm32h750xx.o(.text) refers to __main.o(!!!main) for __main
    startup_stm32h750xx.o(.text) refers to startup_stm32h750xx.o(HEAP) for Heap_Mem
    startup_stm32h750xx.o(.text) refers to startup_stm32h750xx.o(STACK) for Stack_Mem
    main.o(i.main) refers to sys.o(i.sys_cache_enable) for sys_cache_enable
    main.o(i.main) refers to stm32h7xx_hal.o(i.HAL_Init) for HAL_Init
    main.o(i.main) refers to sys.o(i.sys_stm32_clock_init) for sys_stm32_clock_init
    main.o(i.main) refers to delay.o(i.delay_init) for delay_init
    main.o(i.main) refers to usart.o(i.usart_init) for usart_init
    main.o(i.main) refers to mpu.o(i.mpu_memory_protection) for mpu_memory_protection
    main.o(i.main) refers to usart4.o(i.uart4_init) for uart4_init
    main.o(i.main) refers to led.o(i.led_init) for led_init
    main.o(i.main) refers to lcd.o(i.lcd_init) for lcd_init
    main.o(i.main) refers to key.o(i.key_init) for key_init
    main.o(i.main) refers to mpu6050.o(i.MPU6050_Init) for MPU6050_Init
    main.o(i.main) refers to btim.o(i.btim_timx_int_init) for btim_timx_int_init
    main.o(i.main) refers to lcd.o(i.lcd_show_string) for lcd_show_string
    main.o(i.main) refers to usart4.o(i.UART4_StartReceive_IT) for UART4_StartReceive_IT
    main.o(i.main) refers to delay.o(i.delay_ms) for delay_ms
    main.o(i.main) refers to lcd.o(i.lcd_fill) for lcd_fill
    main.o(i.main) refers to stm32h7xx_hal_gpio.o(i.HAL_GPIO_TogglePin) for HAL_GPIO_TogglePin
    main.o(i.main) refers to ov5640.o(i.ov5640_init) for ov5640_init
    main.o(i.main) refers to key.o(i.key_scan) for key_scan
    main.o(i.main) refers to mytask.o(i.balance_test) for balance_test
    main.o(i.main) refers to mytask.o(i.rgb565_test) for rgb565_test
    main.o(i.main) refers to mytask.o(.data) for g_ov_mode
    stm32h7xx_it.o(i.SysTick_Handler) refers to stm32h7xx_hal.o(i.HAL_IncTick) for HAL_IncTick
    stm32h7xx_it.o(i.UART4_IRQHandler) refers to stm32h7xx_hal_uart.o(i.HAL_UART_IRQHandler) for HAL_UART_IRQHandler
    stm32h7xx_it.o(i.UART4_IRQHandler) refers to usart4.o(.bss) for huart4
    system_stm32h7xx.o(i.SystemCoreClockUpdate) refers to system_stm32h7xx.o(.constdata) for D1CorePrescTable
    system_stm32h7xx.o(i.SystemCoreClockUpdate) refers to system_stm32h7xx.o(.data) for SystemD2Clock
    mytask.o(i.SimplePitch_ControlSend) refers to _printf_percent.o(.ARM.Collect$$_printf_percent$$00000000) for _printf_percent
    mytask.o(i.SimplePitch_ControlSend) refers to _printf_d.o(.ARM.Collect$$_printf_percent$$00000009) for _printf_d
    mytask.o(i.SimplePitch_ControlSend) refers to _printf_dec.o(.text) for _printf_int_dec
[...]
    TIM2_IRQHandler                          0x080003af   Thumb Code     0  startup_stm32h750xx.o(.text)
    TIM3_IRQHandler                          0x080003af   Thumb Code     0  startup_stm32h750xx.o(.text)
    TIM5_IRQHandler                          0x080003af   Thumb Code     0  startup_stm32h750xx.o(.text)
    TIM7_IRQHandler                          0x080003af   Thumb Code     0  startup_stm32h750xx.o(.text)
    TIM8_BRK_TIM12_IRQHandler                0x080003af   Thumb Code     0  startup_stm32h750xx.o(.text)
    TIM8_CC_IRQHandler                       0x080003af   Thumb Code     0  startup_stm32h750xx.o(.text)
    TIM8_TRG_COM_TIM14_IRQHandler            0x080003af   Thumb Code     0  startup_stm32h750xx.o(.text)
    TIM8_UP_TIM13_IRQHandler                 0x080003af   Thumb Code     0  startup_stm32h750xx.o(.text)
    UART5_IRQHandler                         0x080003af   Thumb Code     0  startup_stm32h750xx.o(.text)
    UART7_IRQHandler                         0x080003af   Thumb Code     0  startup_stm32h750xx.o(.text)
    UART8_IRQHandler                         0x080003af   Thumb Code     0  startup_stm32h750xx.o(.text)
    USART3_IRQHandler                        0x080003af   Thumb Code     0  startup_stm32h750xx.o(.text)
    USART6_IRQHandler                        0x080003af   Thumb Code     0  startup_stm32h750xx.o(.text)
    WAKEUP_PIN_IRQHandler                    0x080003af   Thumb Code     0  startup_stm32h750xx.o(.text)
    WWDG_IRQHandler                          0x080003af   Thumb Code     0  startup_stm32h750xx.o(.text)
    __user_initial_stackheap                 0x080003b1   Thumb Code     0  startup_stm32h750xx.o(.text)
    __use_no_semihosting                     0x080003d5   Thumb Code     2  use_no_semi_2.o(.text)
    __aeabi_uldivmod                         0x080003d7   Thumb Code     0  lludivv7m.o(.text)
    _ll_udiv                                 0x080003d7   Thumb Code   238  lludivv7m.o(.text)
    __use_two_region_memory                  0x080004c5   Thumb Code     2  heapauxi.o(.text)
    __rt_heap_escrow$2region                 0x080004c7   Thumb Code     2  heapauxi.o(.text)
    __rt_heap_expand$2region                 0x080004c9   Thumb Code     2  heapauxi.o(.text)
    __semihosting$guard                      0x080004cb   Thumb Code     0  use_no_semi.o(.text)
    __use_no_semihosting_swi                 0x080004cb   Thumb Code     2  use_no_semi.o(.text)
    __user_libspace                          0x080004cd   Thumb Code     8  libspace.o(.text)
    __user_perproc_libspace                  0x080004cd   Thumb Code     0  libspace.o(.text)
    __user_perthread_libspace                0x080004cd   Thumb Code     0  libspace.o(.text)
    __user_setup_stackheap                   0x080004d5   Thumb Code    74  sys_stackheap_outer.o(.text)
    exit                                     0x0800051f   Thumb Code    18  exit.o(.text)
    Long Thumb to Thumb Veneer to HAL_UART_Receive_IT 0x08000531   Thumb Code    10  anon$$obj.o(Veneer$$Code)
    Long Thumb to Thumb Veneer to __aeabi_memclr 0x0800053b   Thumb Code    10  anon$$obj.o(Veneer$$Code)
    Long Thumb to Thumb Veneer to HAL_UART_IRQHandler 0x08000545   Thumb Code    10  anon$$obj.o(Veneer$$Code)
    Long Thumb to Thumb Veneer to mpu_memory_protection 0x0800054f   Thumb Code    10  anon$$obj.o(Veneer$$Code)
    Long Thumb to Thumb Veneer to uart4_init 0x08000559   Thumb Code    10  anon$$obj.o(Veneer$$Code)
    Long Thumb to Thumb Veneer to led_init   0x08000563   Thumb Code    10  anon$$obj.o(Veneer$$Code)
    Long Thumb to Thumb Veneer to lcd_init   0x0800056d   Thumb Code    10  anon$$obj.o(Veneer$$Code)
    Long Thumb to Thumb Veneer to key_init   0x08000577   Thumb Code    10  anon$$obj.o(Veneer$$Code)
    Long Thumb to Thumb Veneer to MPU6050_Init 0x08000581   Thumb Code    10  anon$$obj.o(Veneer$$Code)
    Long Thumb to Thumb Veneer to btim_timx_int_init 0x0800058b   Thumb Code    10  anon$$obj.o(Veneer$$Code)
    Long Thumb to Thumb Veneer to lcd_show_string 0x08000595   Thumb Code    10  anon$$obj.o(Veneer$$Code)
    Long Thumb to Thumb Veneer to UART4_StartReceive_IT 0x0800059f   Thumb Code    10  anon$$obj.o(Veneer$$Code)
    Long Thumb to Thumb Veneer to lcd_fill   0x080005a9   Thumb Code    10  anon$$obj.o(Veneer$$Code)
    Long Thumb to Thumb Veneer to ov5640_init 0x080005b3   Thumb Code    10  anon$$obj.o(Veneer$$Code)
    Long Thumb to Thumb Veneer to key_scan   0x080005bd   Thumb Code    10  anon$$obj.o(Veneer$$Code)
    Long Thumb to Thumb Veneer to balance_test 0x080005c7   Thumb Code    10  anon$$obj.o(Veneer$$Code)
    Long Thumb to Thumb Veneer to rgb565_test 0x080005d1   Thumb Code    10  anon$$obj.o(Veneer$$Code)
    Long Thumb to Thumb Veneer to HAL_UART_Init 0x080005db   Thumb Code    10  anon$$obj.o(Veneer$$Code)
    BusFault_Handler                         0x080005e5   Thumb Code     4  stm32h7xx_it.o(i.BusFault_Handler)
    DebugMon_Handler                         0x08000c41   Thumb Code     2  stm32h7xx_it.o(i.DebugMon_Handler)
    HAL_DMAEx_MultiBufferStart               0x08000c45   Thumb Code   788  stm32h7xx_hal_dma_ex.o(i.HAL_DMAEx_MultiBufferStart)
    HAL_DMA_Abort                            0x08000f65   Thumb Code  1236  stm32h7xx_hal_dma.o(i.HAL_DMA_Abort)
    HAL_DMA_Abort_IT                         0x08001441   Thumb Code   906  stm32h7xx_hal_dma.o(i.HAL_DMA_Abort_IT)
    HAL_DMA_DeInit                           0x080017d9   Thumb Code   632  stm32h7xx_hal_dma.o(i.HAL_DMA_DeInit)
    HAL_DMA_Init                             0x08001a5d   Thumb Code  1304  stm32h7xx_hal_dma.o(i.HAL_DMA_Init)
    HAL_DMA_Start                            0x08001f7d   Thumb Code   470  stm32h7xx_hal_dma.o(i.HAL_DMA_Start)
    HAL_EnableCompensationCell               0x0800215d   Thumb Code    14  stm32h7xx_hal.o(i.HAL_EnableCompensationCell)
    HAL_GPIO_Init                            0x08002171   Thumb Code   456  stm32h7xx_hal_gpio.o(i.HAL_GPIO_Init)
    HAL_GPIO_ReadPin                         0x0800236d   Thumb Code    16  stm32h7xx_hal_gpio.o(i.HAL_GPIO_ReadPin)
    HAL_GPIO_TogglePin                       0x0800237d   Thumb Code    20  stm32h7xx_hal_gpio.o(i.HAL_GPIO_TogglePin)
    HAL_GPIO_WritePin                        0x08002391   Thumb Code    12  stm32h7xx_hal_gpio.o(i.HAL_GPIO_WritePin)
    HAL_GetREVID                             0x0800239d   Thumb Code     8  stm32h7xx_hal.o(i.HAL_GetREVID)
    HAL_GetTick                              0x080023a9   Thumb Code     6  stm32h7xx_hal.o(i.HAL_GetTick)
    HAL_IncTick                              0x080023b5   Thumb Code    16  stm32h7xx_hal.o(i.HAL_IncTick)
    HAL_Init                                 0x080023cd   Thumb Code    80  stm32h7xx_hal.o(i.HAL_Init)
    HAL_InitTick                             0x0800242d   Thumb Code    74  stm32h7xx_hal.o(i.HAL_InitTick)
    HAL_MPU_ConfigRegion                     0x08002485   Thumb Code    88  stm32h7xx_hal_cortex.o(i.HAL_MPU_ConfigRegion)
    HAL_MPU_Disable                          0x080024e1   Thumb Code    38  stm32h7xx_hal_cortex.o(i.HAL_MPU_Disable)
    HAL_MPU_Enable                           0x0800250d   Thumb Code    58  stm32h7xx_hal_cortex.o(i.HAL_MPU_Enable)
    HAL_MspInit                              0x0800254d   Thumb Code     2  stm32h7xx_hal.o(i.HAL_MspInit)
    HAL_NVIC_EnableIRQ                       0x0800254f   Thumb Code    40  stm32h7xx_hal_cortex.o(i.HAL_NVIC_EnableIRQ)
    HAL_NVIC_SetPriority                     0x08002577   Thumb Code   122  stm32h7xx_hal_cortex.o(i.HAL_NVIC_SetPriority)
    HAL_NVIC_SetPriorityGrouping             0x080025f1   Thumb Code    32  stm32h7xx_hal_cortex.o(i.HAL_NVIC_SetPriorityGrouping)
    HAL_PWREx_EnableUSBVoltageDetector       0x08002619   Thumb Code    14  stm32h7xx_hal_pwr_ex.o(i.HAL_PWREx_EnableUSBVoltageDetector)
    HAL_RCCEx_GetD3PCLK1Freq                 0x0800262d   Thumb Code    26  stm32h7xx_hal_rcc_ex.o(i.HAL_RCCEx_GetD3PCLK1Freq)
    HAL_RCCEx_GetPLL2ClockFreq               0x08002651   Thumb Code   536  stm32h7xx_hal_rcc_ex.o(i.HAL_RCCEx_GetPLL2ClockFreq)
    HAL_RCCEx_GetPLL3ClockFreq               0x08002881   Thumb Code   536  stm32h7xx_hal_rcc_ex.o(i.HAL_RCCEx_GetPLL3ClockFreq)
    HAL_RCCEx_PeriphCLKConfig                0x08002ab1   Thumb Code  3432  stm32h7xx_hal_rcc_ex.o(i.HAL_RCCEx_PeriphCLKConfig)
    HAL_RCC_ClockConfig                      0x08003819   Thumb Code   774  stm32h7xx_hal_rcc.o(i.HAL_RCC_ClockConfig)
    HAL_RCC_GetHCLKFreq                      0x08003b39   Thumb Code    60  stm32h7xx_hal_rcc.o(i.HAL_RCC_GetHCLKFreq)
    HAL_RCC_GetPCLK1Freq                     0x08003b85   Thumb Code    26  stm32h7xx_hal_rcc.o(i.HAL_RCC_GetPCLK1Freq)
    HAL_RCC_GetPCLK2Freq                     0x08003ba9   Thumb Code    26  stm32h7xx_hal_rcc.o(i.HAL_RCC_GetPCLK2Freq)
    HAL_RCC_GetSysClockFreq                  0x08003bcd   Thumb Code   524  stm32h7xx_hal_rcc.o(i.HAL_RCC_GetSysClockFreq)
    HAL_RCC_OscConfig                        0x08003df9   Thumb Code  2138  stm32h7xx_hal_rcc.o(i.HAL_RCC_OscConfig)
    HAL_SYSTICK_CLKSourceConfig              0x08004659   Thumb Code    40  stm32h7xx_hal_cortex.o(i.HAL_SYSTICK_CLKSourceConfig)
    HAL_SYSTICK_Config                       0x08004681   Thumb Code    52  stm32h7xx_hal_cortex.o(i.HAL_SYSTICK_Config)
    HAL_UART_MspInit                         0x080046b5   Thumb Code   180  usart.o(i.HAL_UART_MspInit)
    HAL_UART_RxCpltCallback                  0x08004775   Thumb Code   230  usart.o(i.HAL_UART_RxCpltCallback)
    HardFault_Handler                        0x08004889   Thumb Code     4  stm32h7xx_it.o(i.HardFault_Handler)
    NMI_Handler                              0x0800488d   Thumb Code     2  stm32h7xx_it.o(i.NMI_Handler)
    PendSV_Handler                           0x0800488f   Thumb Code     2  stm32h7xx_it.o(i.PendSV_Handler)
    SVC_Handler                              0x08004b59   Thumb Code     2  stm32h7xx_it.o(i.SVC_Handler)
    SysTick_Handler                          0x08004b5b   Thumb Code     8  stm32h7xx_it.o(i.SysTick_Handler)
    UART4_IRQHandler                         0x08004b65   Thumb Code    10  stm32h7xx_it.o(i.UART4_IRQHandler)
    USART1_IRQHandler                        0x08004b75   Thumb Code    10  usart.o(i.USART1_IRQHandler)
    UsageFault_Handler                       0x08004b85   Thumb Code     4  stm32h7xx_it.o(i.UsageFault_Handler)
    _sys_exit                                0x08004bc1   Thumb Code     4  usart.o(i._sys_exit)
    delay_init                               0x08004bc5   Thumb Code    16  delay.o(i.delay_init)
    delay_ms                                 0x08004bd9   Thumb Code    50  delay.o(i.delay_ms)
    delay_us                                 0x08004c0d   Thumb Code    72  delay.o(i.delay_us)
    fputc                                    0x08004c59   Thumb Code    22  usart.o(i.fputc)
    main                                     0x08004c75   Thumb Code   404  main.o(i.main)
    sys_cache_enable                         0x08004e69   Thumb Code   310  sys.o(i.sys_cache_enable)
    sys_qspi_enable_memmapmode               0x08004fa9   Thumb Code   434  sys.o(i.sys_qspi_enable_memmapmode)
    sys_stm32_clock_init                     0x08005181   Thumb Code   348  sys.o(i.sys_stm32_clock_init)
    usart_init                               0x080052ed   Thumb Code    44  usart.o(i.usart_init)
    _fp_init                                 0x08005325   Thumb Code    10  fpinit.o(x$fpl$fpinit)
    __fplib_config_fpu_vfp                   0x0800532d   Thumb Code     0  fpinit.o(x$fpl$fpinit)
    __fplib_config_pureend_doubles           0x0800532d   Thumb Code     0  fpinit.o(x$fpl$fpinit)
    D1CorePrescTable                         0x0800532e   Data          16  system_stm32h7xx.o(.constdata)
    Region$$Table$$Base                      0x08005348   Number         0  anon$$obj.o(Region$$Table)
    Region$$Table$$Limit                     0x08005368   Number         0  anon$$obj.o(Region$$Table)
    SystemCoreClock                          0x24000000   Data           4  system_stm32h7xx.o(.data)
    SystemD2Clock                            0x24000004   Data           4  system_stm32h7xx.o(.data)
    g_ov_mode                                0x24000008   Data           1  mytask.o(.data)
    g_curline                                0x2400000a   Data           2  mytask.o(.data)
    g_yoffset                                0x2400000c   Data           2  mytask.o(.data)
    EFFECTS_TBL                              0x24000028   Data          24  mytask.o(.data)
    __stdout                                 0x24000044   Data           4  usart.o(.data)
    g_usart_rx_sta                           0x24000048   Data           2  usart.o(.data)
    g_rx_buffer                              0x2400004a   Data           1  usart.o(.data)
    uwTick                                   0x2400004c   Data           4  stm32h7xx_hal.o(.data)
    uwTickPrio                               0x24000050   Data           4  stm32h7xx_hal.o(.data)
    uwTickFreq                               0x24000054   Data           1  stm32h7xx_hal.o(.data)
    g_point_color                            0x24000058   Data           4  lcd.o(.data)
    g_back_color                             0x2400005c   Data           4  lcd.o(.data)
    g_ov_frame                               0x24000060   Data           1  dcmi.o(.data)
    dcmi_rx_callback                         0x24000064   Data           4  dcmi.o(.data)
    g_usart2_rx_buf                          0x24000068   Data           7  usart2.o(.data)
    g_usart2_rx_cnt                          0x2400006f   Data           1  usart2.o(.data)
    uart4_rx_byte                            0x24000070   Data           1  usart4.o(.data)
    uart4_rx_index                           0x24000072   Data           2  usart4.o(.data)
    uart4_rx_finish_flag                     0x24000074   Data           1  usart4.o(.data)
    sys_cmd_tab                              0x24000088   Data          28  usmart.o(.data)
    usmart_nametab                           0x240000a4   Data         176  usmart_config.o(.data)
    usmart_dev                               0x24000154   Data         244  usmart_config.o(.data)
    g_usart_rx_buf                           0x24000248   Data         200  usart.o(.bss)
    g_uart1_handle                           0x24000310   Data         148  usart.o(.bss)
    g_sram_handle                            0x240003a4   Data          76  lcd.o(.bss)
    lcddev                                   0x240003f0   Data          14  lcd.o(.bss)
    g_dcmi_handle                            0x24000400   Data          80  dcmi.o(.bss)
    g_dma_dcmi_handle                        0x24000450   Data         120  dcmi.o(.bss)
    g_timx_handle                            0x240004c8   Data          76  btim.o(.bss)
    huart4                                   0x24000514   Data         148  usart4.o(.bss)
    uart4_rx_buf                             0x240005a8   Data         128  usart4.o(.bss)
    g_timx_usmart_handle                     0x24000628   Data          76  usmart_port.o(.bss)
    __libspace_start                         0x24000674   Data          96  libspace.o(.bss)
    __temporary_stack_top$libspace           0x240006d4   Data           0  libspace.o(.bss)
    _printf_d                                0x90000001   Thumb Code     0  _printf_d.o(.ARM.Collect$$_printf_percent$$00000009)
    _printf_percent                          0x90000001   Thumb Code     0  _printf_percent.o(.ARM.Collect$$_printf_percent$$00000000)
    _printf_u                                0x90000007   Thumb Code     0  _printf_u.o(.ARM.Collect$$_printf_percent$$0000000A)
    _printf_x                                0x9000000d   Thumb Code     0  _printf_x.o(.ARM.Collect$$_printf_percent$$0000000C)
    _printf_c                                0x90000013   Thumb Code     0  _printf_c.o(.ARM.Collect$$_printf_percent$$00000013)
    _printf_s                                0x90000019   Thumb Code     0  _printf_s.o(.ARM.Collect$$_printf_percent$$00000014)
    _printf_percent_end                      0x9000001f   Thumb Code     0  _printf_percent_end.o(.ARM.Collect$$_printf_percent$$00000017)
    __2printf                                0x90000025   Thumb Code    20  noretval__2printf.o(.text)
    __2sprintf                               0x9000003d   Thumb Code    34  noretval__2sprintf.o(.text)
    _printf_pre_padding                      0x90000065   Thumb Code    44  _printf_pad.o(.text)
    _printf_post_padding                     0x90000091   Thumb Code    34  _printf_pad.o(.text)
    _printf_str                              0x900000b3   Thumb Code    82  _printf_str.o(.text)
    _printf_int_dec                          0x90000105   Thumb Code   104  _printf_dec.o(.text)
    _printf_int_hex                          0x9000017d   Thumb Code    84  _printf_hex_int.o(.text)
    _printf_longlong_hex                     0x9000017d   Thumb Code     0  _printf_hex_int.o(.text)
    __printf                                 0x900001d5   Thumb Code   388  __printf_flags_ss_wp.o(.text)
    strlen                                   0x9000035d   Thumb Code    62  strlen.o(.text)
    __aeabi_memclr                           0x9000039b   Thumb Code     0  rt_memclr.o(.text)
    __rt_memclr                              0x9000039b   Thumb Code    68  rt_memclr.o(.text)
    _memset                                  0x9000039f   Thumb Code     0  rt_memclr.o(.text)
    __aeabi_memclr4                          0x900003df   Thumb Code     0  rt_memclr_w.o(.text)
    __aeabi_memclr8                          0x900003df   Thumb Code     0  rt_memclr_w.o(.text)
    __rt_memclr_w                            0x900003df   Thumb Code    78  rt_memclr_w.o(.text)
    _memset_w                                0x900003e3   Thumb Code     0  rt_memclr_w.o(.text)
    _printf_int_common                       0x9000042d   Thumb Code   178  _printf_intcommon.o(.text)
    _printf_char_common                      0x900004eb   Thumb Code    32  _printf_char_common.o(.text)
    _sputc                                   0x90000511   Thumb Code    10  _sputc.o(.text)
    _printf_cs_common                        0x9000051b   Thumb Code    20  _printf_char.o(.text)
    _printf_char                             0x9000052f   Thumb Code    16  _printf_char.o(.text)
    _printf_string                           0x9000053f   Thumb Code     8  _printf_char.o(.text)
    _printf_char_file                        0x90000549   Thumb Code    32  _printf_char_file.o(.text)
    ferror                                   0x9000056d   Thumb Code     8  ferror.o(.text)
    Long Thumb to Thumb Veneer to HAL_GPIO_TogglePin 0x90000575   Thumb Code    10  anon$$obj.o(Veneer$$Code)
    Long Thumb to Thumb Veneer to HAL_DMA_Abort_IT 0x9000057f   Thumb Code    10  anon$$obj.o(Veneer$$Code)
    Long Thumb to Thumb Veneer to HAL_GPIO_Init 0x90000589   Thumb Code    10  anon$$obj.o(Veneer$$Code)
    Long Thumb to Thumb Veneer to HAL_NVIC_SetPriority 0x90000593   Thumb Code    10  anon$$obj.o(Veneer$$Code)
    Long Thumb to Thumb Veneer to HAL_NVIC_EnableIRQ 0x9000059d   Thumb Code    10  anon$$obj.o(Veneer$$Code)
    Long Thumb to Thumb Veneer to HAL_DMA_Abort 0x900005a7   Thumb Code    10  anon$$obj.o(Veneer$$Code)
    Long Thumb to Thumb Veneer to HAL_UART_MspInit 0x900005b1   Thumb Code    10  anon$$obj.o(Veneer$$Code)
    Long Thumb to Thumb Veneer to HAL_GetTick 0x900005bb   Thumb Code    10  anon$$obj.o(Veneer$$Code)
    Long Thumb to Thumb Veneer to HAL_GPIO_WritePin 0x900005c5   Thumb Code    10  anon$$obj.o(Veneer$$Code)
    Long Thumb to Thumb Veneer to delay_ms   0x900005cf   Thumb Code    10  anon$$obj.o(Veneer$$Code)
    Long Thumb to Thumb Veneer to HAL_GPIO_ReadPin 0x900005d9   Thumb Code    10  anon$$obj.o(Veneer$$Code)
    Long Thumb to Thumb Veneer to delay_us   0x900005e3   Thumb Code    10  anon$$obj.o(Veneer$$Code)
    Long Thumb to Thumb Veneer to HAL_UART_RxCpltCallback 0x900005ed   Thumb Code    10  anon$$obj.o(Veneer$$Code)
    Long Thumb to Thumb Veneer to HAL_RCCEx_GetD3PCLK1Freq 0x900005f7   Thumb Code    10  anon$$obj.o(Veneer$$Code)
    Long Thumb to Thumb Veneer to HAL_RCCEx_GetPLL2ClockFreq 0x90000601   Thumb Code    10  anon$$obj.o(Veneer$$Code)
    Long Thumb to Thumb Veneer to HAL_RCCEx_GetPLL3ClockFreq 0x9000060b   Thumb Code    10  anon$$obj.o(Veneer$$Code)
    Long Thumb to Thumb Veneer to __aeabi_uldivmod 0x90000615   Thumb Code    10  anon$$obj.o(Veneer$$Code)
    Long Thumb to Thumb Veneer to HAL_RCC_GetPCLK1Freq 0x9000061f   Thumb Code    10  anon$$obj.o(Veneer$$Code)
    Long Thumb to Thumb Veneer to HAL_RCC_GetPCLK2Freq 0x90000629   Thumb Code    10  anon$$obj.o(Veneer$$Code)
    Long Thumb to Thumb Veneer to HAL_DMA_DeInit 0x90000633   Thumb Code    10  anon$$obj.o(Veneer$$Code)
    Long Thumb to Thumb Veneer to HAL_DMA_Init 0x9000063d   Thumb Code    10  anon$$obj.o(Veneer$$Code)
    Long Thumb to Thumb Veneer to HAL_DMA_Start 0x90000647   Thumb Code    10  anon$$obj.o(Veneer$$Code)
    Long Thumb to Thumb Veneer to HAL_DMAEx_MultiBufferStart 0x90000651   Thumb Code    10  anon$$obj.o(Veneer$$Code)
    Long Thumb to Thumb Veneer to HAL_MPU_Disable 0x9000065b   Thumb Code    10  anon$$obj.o(Veneer$$Code)
    Long Thumb to Thumb Veneer to HAL_MPU_ConfigRegion 0x90000665   Thumb Code    10  anon$$obj.o(Veneer$$Code)
    Long Thumb to Thumb Veneer to HAL_MPU_Enable 0x9000066f   Thumb Code    10  anon$$obj.o(Veneer$$Code)
    DCMI_IRQHandler                          0x9000069d   Thumb Code    10  dcmi.o(i.DCMI_IRQHandler)
    DMA1_Stream1_IRQHandler                  0x900006ad   Thumb Code   206  dcmi.o(i.DMA1_Stream1_IRQHandler)
    FMC_NORSRAM_Extended_Timing_Init         0x90000791   Thumb Code    62  stm32h7xx_ll_fmc.o(i.FMC_NORSRAM_Extended_Timing_Init)
    FMC_NORSRAM_Init                         0x900007d5   Thumb Code   160  stm32h7xx_ll_fmc.o(i.FMC_NORSRAM_Init)
    FMC_NORSRAM_Timing_Init                  0x90000879   Thumb Code   102  stm32h7xx_ll_fmc.o(i.FMC_NORSRAM_Timing_Init)
    FindBall_RGB565                          0x900008df   Thumb Code   274  vision.o(i.FindBall_RGB565)
    HAL_DCMI_DeInit                          0x900009f1   Thumb Code    28  stm32h7xx_hal_dcmi.o(i.HAL_DCMI_DeInit)
    HAL_DCMI_ErrorCallback                   0x90000a0d   Thumb Code     2  stm32h7xx_hal_dcmi.o(i.HAL_DCMI_ErrorCallback)
    HAL_DCMI_FrameEventCallback              0x90000a11   Thumb Code    48  dcmi.o(i.HAL_DCMI_FrameEventCallback)
    HAL_DCMI_IRQHandler                      0x90000a4d   Thumb Code   176  stm32h7xx_hal_dcmi.o(i.HAL_DCMI_IRQHandler)
    HAL_DCMI_Init                            0x90000b01   Thumb Code   156  stm32h7xx_hal_dcmi.o(i.HAL_DCMI_Init)
    HAL_DCMI_LineEventCallback               0x90000ba1   Thumb Code     2  stm32h7xx_hal_dcmi.o(i.HAL_DCMI_LineEventCallback)
    HAL_DCMI_MspDeInit                       0x90000ba3   Thumb Code     2  stm32h7xx_hal_dcmi.o(i.HAL_DCMI_MspDeInit)
    HAL_DCMI_MspInit                         0x90000ba5   Thumb Code     2  stm32h7xx_hal_dcmi.o(i.HAL_DCMI_MspInit)
    HAL_DCMI_VsyncEventCallback              0x90000ba7   Thumb Code     2  stm32h7xx_hal_dcmi.o(i.HAL_DCMI_VsyncEventCallback)
    HAL_SRAM_Init                            0x90000ba9   Thumb Code   106  stm32h7xx_hal_sram.o(i.HAL_SRAM_Init)
    HAL_SRAM_MspInit                         0x90000c19   Thumb Code   140  lcd.o(i.HAL_SRAM_MspInit)
    HAL_TIMEx_Break2Callback                 0x90000cb1   Thumb Code     2  stm32h7xx_hal_tim_ex.o(i.HAL_TIMEx_Break2Callback)
    HAL_TIMEx_BreakCallback                  0x90000cb3   Thumb Code     2  stm32h7xx_hal_tim_ex.o(i.HAL_TIMEx_BreakCallback)
    HAL_TIMEx_CommutCallback                 0x90000cb5   Thumb Code     2  stm32h7xx_hal_tim_ex.o(i.HAL_TIMEx_CommutCallback)
    HAL_TIM_Base_Init                        0x90000cb7   Thumb Code   110  stm32h7xx_hal_tim.o(i.HAL_TIM_Base_Init)
    HAL_TIM_Base_MspInit                     0x90000d25   Thumb Code    62  btim.o(i.HAL_TIM_Base_MspInit)
    HAL_TIM_Base_Start_IT                    0x90000d6d   Thumb Code   146  stm32h7xx_hal_tim.o(i.HAL_TIM_Base_Start_IT)
    HAL_TIM_IC_CaptureCallback               0x90000e21   Thumb Code     2  stm32h7xx_hal_tim.o(i.HAL_TIM_IC_CaptureCallback)
    HAL_TIM_IRQHandler                       0x90000e23   Thumb Code   440  stm32h7xx_hal_tim.o(i.HAL_TIM_IRQHandler)
    HAL_TIM_OC_DelayElapsedCallback          0x90000fdb   Thumb Code     2  stm32h7xx_hal_tim.o(i.HAL_TIM_OC_DelayElapsedCallback)
    HAL_TIM_PWM_PulseFinishedCallback        0x90000fdd   Thumb Code     2  stm32h7xx_hal_tim.o(i.HAL_TIM_PWM_PulseFinishedCallback)
    HAL_TIM_PeriodElapsedCallback            0x90000fe1   Thumb Code    26  btim.o(i.HAL_TIM_PeriodElapsedCallback)
    HAL_TIM_TriggerCallback                  0x90001005   Thumb Code     2  stm32h7xx_hal_tim.o(i.HAL_TIM_TriggerCallback)
    HAL_UARTEx_RxEventCallback               0x90001007   Thumb Code     2  stm32h7xx_hal_uart.o(i.HAL_UARTEx_RxEventCallback)
    HAL_UARTEx_RxFifoFullCallback            0x90001009   Thumb Code     2  stm32h7xx_hal_uart_ex.o(i.HAL_UARTEx_RxFifoFullCallback)
    HAL_UARTEx_TxFifoEmptyCallback           0x9000100b   Thumb Code     2  stm32h7xx_hal_uart_ex.o(i.HAL_UARTEx_TxFifoEmptyCallback)
    HAL_UARTEx_WakeupCallback                0x9000100d   Thumb Code     2  stm32h7xx_hal_uart_ex.o(i.HAL_UARTEx_WakeupCallback)
    HAL_UART_ErrorCallback                   0x9000100f   Thumb Code     2  stm32h7xx_hal_uart.o(i.HAL_UART_ErrorCallback)
    HAL_UART_IRQHandler                      0x90001011   Thumb Code  1172  stm32h7xx_hal_uart.o(i.HAL_UART_IRQHandler)
    HAL_UART_Init                            0x900014a5   Thumb Code   120  stm32h7xx_hal_uart.o(i.HAL_UART_Init)
    HAL_UART_Receive_IT                      0x9000151d   Thumb Code    88  stm32h7xx_hal_uart.o(i.HAL_UART_Receive_IT)
    HAL_UART_Transmit                        0x90001579   Thumb Code   194  stm32h7xx_hal_uart.o(i.HAL_UART_Transmit)
    HAL_UART_TxCpltCallback                  0x9000163b   Thumb Code     2  stm32h7xx_hal_uart.o(i.HAL_UART_TxCpltCallback)
    LCD_DrawBallOverlay                      0x9000163d   Thumb Code   292  vision.o(i.LCD_DrawBallOverlay)
    MPU6050_GetData                          0x90001835   Thumb Code   172  mpu6050.o(i.MPU6050_GetData)
    MPU6050_Init                             0x900018e1   Thumb Code    60  mpu6050.o(i.MPU6050_Init)
    MPU6050_ReadReg                          0x9000191d   Thumb Code    62  mpu6050.o(i.MPU6050_ReadReg)
    MPU6050_WriteReg                         0x9000195b   Thumb Code    46  mpu6050.o(i.MPU6050_WriteReg)
    MemManage_Handler                        0x90001989   Thumb Code   102  mpu.o(i.MemManage_Handler)
    MyI2C_Init                               0x90001a29   Thumb Code   140  myi2c.o(i.MyI2C_Init)
    MyI2C_R_SDA                              0x90001ac1   Thumb Code    30  myi2c.o(i.MyI2C_R_SDA)
    MyI2C_ReceiveAck                         0x90001ae5   Thumb Code    30  myi2c.o(i.MyI2C_ReceiveAck)
    MyI2C_ReceiveByte                        0x90001b03   Thumb Code    50  myi2c.o(i.MyI2C_ReceiveByte)
    MyI2C_SendAck                            0x90001b35   Thumb Code    24  myi2c.o(i.MyI2C_SendAck)
    MyI2C_SendByte                           0x90001b4d   Thumb Code    50  myi2c.o(i.MyI2C_SendByte)
    MyI2C_Start                              0x90001b7f   Thumb Code    28  myi2c.o(i.MyI2C_Start)
    MyI2C_Stop                               0x90001b9b   Thumb Code    22  myi2c.o(i.MyI2C_Stop)
    MyI2C_W_SCL                              0x90001bb1   Thumb Code    32  myi2c.o(i.MyI2C_W_SCL)
    MyI2C_W_SDA                              0x90001bd5   Thumb Code    30  myi2c.o(i.MyI2C_W_SDA)
    TIM4_IRQHandler                          0x90001ed5   Thumb Code    58  usmart_port.o(i.TIM4_IRQHandler)
    TIM6_DAC_IRQHandler                      0x90001f19   Thumb Code    10  btim.o(i.TIM6_DAC_IRQHandler)
    TIM_Base_SetConfig                       0x90001f29   Thumb Code   170  stm32h7xx_hal_tim.o(i.TIM_Base_SetConfig)
    TrackControl_Reset                       0x90001ff5   Thumb Code    36  vision.o(i.TrackControl_Reset)
    TrackControl_UpdateAndSend               0x90002035   Thumb Code   454  vision.o(i.TrackControl_UpdateAndSend)
    UART4_SendString                         0x9000222d   Thumb Code    28  usart4.o(i.UART4_SendString)
    UART4_StartReceive_IT                    0x9000224d   Thumb Code    14  usart4.o(i.UART4_StartReceive_IT)
    UART_AdvFeatureConfig                    0x90002265   Thumb Code   248  stm32h7xx_hal_uart.o(i.UART_AdvFeatureConfig)
    UART_CheckIdleState                      0x9000235d   Thumb Code   234  stm32h7xx_hal_uart.o(i.UART_CheckIdleState)
    UART_SetConfig                           0x90002af9   Thumb Code  1402  stm32h7xx_hal_uart.o(i.UART_SetConfig)
    UART_Start_Receive_IT                    0x90003085   Thumb Code   332  stm32h7xx_hal_uart.o(i.UART_Start_Receive_IT)
    UART_WaitOnFlagUntilTimeout              0x900031e1   Thumb Code   162  stm32h7xx_hal_uart.o(i.UART_WaitOnFlagUntilTimeout)
    USART2_IRQHandler                        0x90003285   Thumb Code   276  usart2.o(i.USART2_IRQHandler)
    __ARM_fpclassifyf                        0x900033bd   Thumb Code    38  fpclassifyf.o(i.__ARM_fpclassifyf)
    __hardfp_atan2f                          0x900033e5   Thumb Code   502  atan2f.o(i.__hardfp_atan2f)
    __mathlib_flt_infnan2                    0x9000363d   Thumb Code     6  funder.o(i.__mathlib_flt_infnan2)
    __mathlib_flt_underflow                  0x90003645   Thumb Code    10  funder.o(i.__mathlib_flt_underflow)
    _is_digit                                0x90003655   Thumb Code    14  __printf_wp.o(i._is_digit)
    balance_test                             0x90003665   Thumb Code   498  mytask.o(i.balance_test)
    btim_timx_int_init                       0x900038e1   Thumb Code    34  btim.o(i.btim_timx_int_init)
    dcmi_cr_set                              0x9000390d   Thumb Code    62  dcmi.o(i.dcmi_cr_set)
    dcmi_dma_init                            0x90003955   Thumb Code   630  dcmi.o(i.dcmi_dma_init)
    dcmi_init                                0x90003be5   Thumb Code   342  dcmi.o(i.dcmi_init)
    dcmi_set_window                          0x90003d59   Thumb Code   298  dcmi.o(i.dcmi_set_window)
    dcmi_start                               0x90003e95   Thumb Code   250  dcmi.o(i.dcmi_start)
    dcmi_stop                                0x90003fa1   Thumb Code   250  dcmi.o(i.dcmi_stop)
    jpeg_data_process                        0x900040ad   Thumb Code    16  mytask.o(i.jpeg_data_process)
    key_init                                 0x900040bd   Thumb Code   120  key.o(i.key_init)
    key_scan                                 0x9000413d   Thumb Code   122  key.o(i.key_scan)
    lcd_clear                                0x900041c1   Thumb Code    42  lcd.o(i.lcd_clear)
    lcd_display_dir                          0x900041f5   Thumb Code   360  lcd.o(i.lcd_display_dir)
    lcd_draw_hline                           0x90004361   Thumb Code    52  lcd.o(i.lcd_draw_hline)
    lcd_draw_line                            0x90004399   Thumb Code   172  lcd.o(i.lcd_draw_line)
    lcd_draw_point                           0x90004445   Thumb Code    26  lcd.o(i.lcd_draw_point)
    lcd_ex_ili9341_reginit                   0x90004465   Thumb Code   556  lcd.o(i.lcd_ex_ili9341_reginit)
    lcd_ex_ili9806_reginit                   0x90004691   Thumb Code   832  lcd.o(i.lcd_ex_ili9806_reginit)
    lcd_ex_nt35310_reginit                   0x900049d1   Thumb Code  3826  lcd.o(i.lcd_ex_nt35310_reginit)
    lcd_ex_nt35510_reginit                   0x900058c3   Thumb Code  3836  lcd.o(i.lcd_ex_nt35510_reginit)
    lcd_ex_ssd1963_reginit                   0x900067bf   Thumb Code   366  lcd.o(i.lcd_ex_ssd1963_reginit)
    lcd_ex_st7789_reginit                    0x9000692d   Thumb Code   424  lcd.o(i.lcd_ex_st7789_reginit)
    lcd_ex_st7796_reginit                    0x90006ad5   Thumb Code   454  lcd.o(i.lcd_ex_st7796_reginit)
    lcd_fill                                 0x90006c9d   Thumb Code    80  lcd.o(i.lcd_fill)
    lcd_init                                 0x90006cf1   Thumb Code  1312  lcd.o(i.lcd_init)
    lcd_read_point                           0x90007241   Thumb Code   148  lcd.o(i.lcd_read_point)
    lcd_scan_dir                             0x900072d9   Thumb Code   568  lcd.o(i.lcd_scan_dir)
    lcd_set_cursor                           0x90007515   Thumb Code   282  lcd.o(i.lcd_set_cursor)
    lcd_set_window                           0x90007635   Thumb Code   362  lcd.o(i.lcd_set_window)
    lcd_show_char                            0x900077a5   Thumb Code   294  lcd.o(i.lcd_show_char)
    lcd_show_string                          0x90007a05   Thumb Code   106  lcd.o(i.lcd_show_string)
    lcd_ssd_backlight_set                    0x90007a71   Thumb Code    72  lcd.o(i.lcd_ssd_backlight_set)
    lcd_wr_data                              0x90007ac1   Thumb Code    18  lcd.o(i.lcd_wr_data)
    lcd_wr_regno                             0x90007ad9   Thumb Code    18  lcd.o(i.lcd_wr_regno)
    lcd_write_ram_prepare                    0x90007af1   Thumb Code    10  lcd.o(i.lcd_write_ram_prepare)
    lcd_write_reg                            0x90007b05   Thumb Code    10  lcd.o(i.lcd_write_reg)
    led_init                                 0x90007b15   Thumb Code   142  led.o(i.led_init)
    mpu_memory_protection                    0x90007bad   Thumb Code   186  mpu.o(i.mpu_memory_protection)
    mpu_set_protection                       0x90007c67   Thumb Code    94  mpu.o(i.mpu_set_protection)
    ov5640_brightness                        0x90007cc5   Thumb Code    90  ov5640.o(i.ov5640_brightness)
    ov5640_color_saturation                  0x90007d21   Thumb Code   120  ov5640.o(i.ov5640_color_saturation)
    ov5640_contrast                          0x90007d9d   Thumb Code   120  ov5640.o(i.ov5640_contrast)
    ov5640_exposure                          0x90007e15   Thumb Code   154  ov5640.o(i.ov5640_exposure)
    ov5640_flash_ctrl                        0x90007eb5   Thumb Code    50  ov5640.o(i.ov5640_flash_ctrl)
    ov5640_focus_constant                    0x90007ee7   Thumb Code   124  ov5640.o(i.ov5640_focus_constant)
    ov5640_focus_init                        0x90007f65   Thumb Code   180  ov5640.o(i.ov5640_focus_init)
    ov5640_focus_single                      0x9000801d   Thumb Code    60  ov5640.o(i.ov5640_focus_single)
    ov5640_image_window_set                  0x90008059   Thumb Code   160  ov5640.o(i.ov5640_image_window_set)
    ov5640_init                              0x900080f9   Thumb Code   310  ov5640.o(i.ov5640_init)
    ov5640_light_mode                        0x90008249   Thumb Code    66  ov5640.o(i.ov5640_light_mode)
    ov5640_outsize_set                       0x90008291   Thumb Code   128  ov5640.o(i.ov5640_outsize_set)
    ov5640_read_reg                          0x90008311   Thumb Code    60  ov5640.o(i.ov5640_read_reg)
    ov5640_rgb565_mode                       0x9000834d   Thumb Code    36  ov5640.o(i.ov5640_rgb565_mode)
    ov5640_sharpness                         0x90008375   Thumb Code   122  ov5640.o(i.ov5640_sharpness)
    ov5640_special_effects                   0x900083f1   Thumb Code    98  ov5640.o(i.ov5640_special_effects)
    ov5640_test_pattern                      0x90008459   Thumb Code    50  ov5640.o(i.ov5640_test_pattern)
    ov5640_write_reg                         0x9000848b   Thumb Code    60  ov5640.o(i.ov5640_write_reg)
    read_addr                                0x900084c7   Thumb Code     6  usmart.o(i.read_addr)
    rgb565_test                              0x900084cd   Thumb Code   606  mytask.o(i.rgb565_test)
    sccb_init                                0x900087b9   Thumb Code   126  sccb.o(i.sccb_init)
    sccb_nack                                0x90008841   Thumb Code    60  sccb.o(i.sccb_nack)
    sccb_read_byte                           0x90008881   Thumb Code    78  sccb.o(i.sccb_read_byte)
    sccb_send_byte                           0x900088d5   Thumb Code   164  sccb.o(i.sccb_send_byte)
    sccb_start                               0x9000897d   Thumb Code    76  sccb.o(i.sccb_start)
    sccb_stop                                0x900089cd   Thumb Code    60  sccb.o(i.sccb_stop)
    uart4_init                               0x90008a0d   Thumb Code   208  usart4.o(i.uart4_init)
    usmart_cmd_rec                           0x90008aed   Thumb Code   170  usmart.o(i.usmart_cmd_rec)
    usmart_exe                               0x90008b9d   Thumb Code   632  usmart.o(i.usmart_exe)
    usmart_get_aparm                         0x90008e71   Thumb Code   212  usmart_str.o(i.usmart_get_aparm)
    usmart_get_cmdname                       0x90008f45   Thumb Code    54  usmart_str.o(i.usmart_get_cmdname)
    usmart_get_fname                         0x90008f7d   Thumb Code   440  usmart_str.o(i.usmart_get_fname)
    usmart_get_fparam                        0x9000913d   Thumb Code   262  usmart_str.o(i.usmart_get_fparam)
    usmart_get_input_string                  0x90009249   Thumb Code    30  usmart_port.o(i.usmart_get_input_string)
    usmart_get_parmpos                       0x90009271   Thumb Code    26  usmart_str.o(i.usmart_get_parmpos)
    usmart_init                              0x90009291   Thumb Code    36  usmart.o(i.usmart_init)
    usmart_pow                               0x900092b9   Thumb Code    22  usmart_str.o(i.usmart_pow)
    usmart_scan                              0x900092d1   Thumb Code   106  usmart.o(i.usmart_scan)
    usmart_search_nextc                      0x90009379   Thumb Code    22  usmart_str.o(i.usmart_search_nextc)
    usmart_str2num                           0x9000938f   Thumb Code   262  usmart_str.o(i.usmart_str2num)
    usmart_strcmp                            0x90009495   Thumb Code    34  usmart_str.o(i.usmart_strcmp)
    usmart_strcopy                           0x900094b7   Thumb Code    22  usmart_str.o(i.usmart_strcopy)
    usmart_strlen                            0x900094cd   Thumb Code    24  usmart_str.o(i.usmart_strlen)
    usmart_sys_cmd_exe                       0x900094e5   Thumb Code  1570  usmart.o(i.usmart_sys_cmd_exe)
    usmart_timx_get_time                     0x90009bd9   Thumb Code    58  usmart_port.o(i.usmart_timx_get_time)
    usmart_timx_init                         0x90009c1d   Thumb Code    84  usmart_port.o(i.usmart_timx_init)
    usmart_timx_reset_time                   0x90009c7d   Thumb Code    44  usmart_port.o(i.usmart_timx_reset_time)
    write_addr                               0x90009cb1   Thumb Code     4  usmart.o(i.write_addr)
    UARTPrescTable                           0x90009cb4   Data          24  stm32h7xx_hal_uart.o(.constdata)
    __I$use$fp                               0x90009cb4   Number         0  usenofp.o(x$fpl$usenofp)
    asc2_1206                                0x90009ccc   Data        1140  lcd.o(.constdata)
    asc2_1608                                0x9000a140   Data        1520  lcd.o(.constdata)
    asc2_2412                                0x9000a730   Data        3420  lcd.o(.constdata)
    asc2_3216                                0x9000b48c   Data       12160  lcd.o(.constdata)
    OV5640_AF_Config                         0x9000e40c   Data        4077  ov5640.o(.constdata)
    OV5640_jpeg_reg_tbl                      0x9000f3fa   Data         164  ov5640.o(.constdata)
    ov5640_rgb565_reg_tbl                    0x9000f49e   Data         180  ov5640.o(.constdata)
    ov5640_init_reg_tbl                      0x9000f552   Data         828  ov5640.o(.constdata)



==============================================================================

Memory Map of the image

  Image Entry point : 0x08000299

  Load Region LR_m_stmflash (Base: 0x08000000, Size: 0x000055b0, Max: 0x00020000, ABSOLUTE, COMPRESSED[0x0000544c])

    Execution Region ER_m_stmflash (Exec base: 0x08000000, Load base: 0x08000000, Size: 0x00005368, Max: 0x00020000, ABSOLUTE)

    Exec Addr    Load Addr    Size         Type   Attr      Idx    E Section Name        Object

    0x08000000   0x08000000   0x00000298   Data   RO            3    RESET               startup_stm32h750xx.o
    0x08000298   0x08000298   0x00000008   Code   RO         6641  * !!!main             c_w.l(__main.o)
    0x080002a0   0x080002a0   0x00000034   Code   RO         6856    !!!scatter          c_w.l(__scatter.o)
    0x080002d4   0x080002d4   0x0000005a   Code   RO         6854    !!dczerorl2         c_w.l(__dczerorl2.o)
    0x0800032e   0x0800032e   0x00000002   PAD
    0x08000330   0x08000330   0x0000001c   Code   RO         6858    !!handler_zi        c_w.l(__scatter_zi.o)
    0x0800034c   0x0800034c   0x00000002   Code   RO         6736    .ARM.Collect$$libinit$$00000000  c_w.l(libinit.o)
    0x0800034e   0x0800034e   0x00000004   Code   RO         6745    .ARM.Collect$$libinit$$00000001  c_w.l(libinit2.o)
    0x08000352   0x08000352   0x00000000   Code   RO         6748    .ARM.Collect$$libinit$$00000004  c_w.l(libinit2.o)
    0x08000352   0x08000352   0x00000000   Code   RO         6751    .ARM.Collect$$libinit$$0000000A  c_w.l(libinit2.o)
    0x08000352   0x08000352   0x00000000   Code   RO         6753    .ARM.Collect$$libinit$$0000000C  c_w.l(libinit2.o)
    0x08000352   0x08000352   0x00000000   Code   RO         6755    .ARM.Collect$$libinit$$0000000E  c_w.l(libinit2.o)
    0x08000352   0x08000352   0x00000000   Code   RO         6758    .ARM.Collect$$libinit$$00000011  c_w.l(libinit2.o)
    0x08000352   0x08000352   0x00000000   Code   RO         6760    .ARM.Collect$$libinit$$00000013  c_w.l(libinit2.o)
    0x08000352   0x08000352   0x00000000   Code   RO         6762    .ARM.Collect$$libinit$$00000015  c_w.l(libinit2.o)
    0x08000352   0x08000352   0x00000000   Code   RO         6764    .ARM.Collect$$libinit$$00000017  c_w.l(libinit2.o)
    0x08000352   0x08000352   0x00000000   Code   RO         6766    .ARM.Collect$$libinit$$00000019  c_w.l(libinit2.o)
    0x08000352   0x08000352   0x00000000   Code   RO         6768    .ARM.Collect$$libinit$$0000001B  c_w.l(libinit2.o)
    0x08000352   0x08000352   0x00000000   Code   RO         6770    .ARM.Collect$$libinit$$0000001D  c_w.l(libinit2.o)
    0x08000352   0x08000352   0x00000000   Code   RO         6772    .ARM.Collect$$libinit$$0000001F  c_w.l(libinit2.o)
    0x08000352   0x08000352   0x00000000   Code   RO         6774    .ARM.Collect$$libinit$$00000021  c_w.l(libinit2.o)
    0x08000352   0x08000352   0x00000000   Code   RO         6776    .ARM.Collect$$libinit$$00000023  c_w.l(libinit2.o)
    0x08000352   0x08000352   0x00000000   Code   RO         6778    .ARM.Collect$$libinit$$00000025  c_w.l(libinit2.o)
    0x08000352   0x08000352   0x00000000   Code   RO         6782    .ARM.Collect$$libinit$$0000002C  c_w.l(libinit2.o)
    0x08000352   0x08000352   0x00000000   Code   RO         6784    .ARM.Collect$$libinit$$0000002E  c_w.l(libinit2.o)
    0x08000352   0x08000352   0x00000000   Code   RO         6786    .ARM.Collect$$libinit$$00000030  c_w.l(libinit2.o)
    0x08000352   0x08000352   0x00000000   Code   RO         6788    .ARM.Collect$$libinit$$00000032  c_w.l(libinit2.o)
    0x08000352   0x08000352   0x00000002   Code   RO         6789    .ARM.Collect$$libinit$$00000033  c_w.l(libinit2.o)
    0x08000354   0x08000354   0x00000002   Code   RO         6813    .ARM.Collect$$libshutdown$$00000000  c_w.l(libshutdown.o)
    0x08000356   0x08000356   0x00000000   Code   RO         6837    .ARM.Collect$$libshutdown$$00000002  c_w.l(libshutdown2.o)
    0x08000356   0x08000356   0x00000000   Code   RO         6839    .ARM.Collect$$libshutdown$$00000004  c_w.l(libshutdown2.o)
    0x08000356   0x08000356   0x00000000   Code   RO         6842    .ARM.Collect$$libshutdown$$00000007  c_w.l(libshutdown2.o)
    0x08000356   0x08000356   0x00000000   Code   RO         6845    .ARM.Collect$$libshutdown$$0000000A  c_w.l(libshutdown2.o)
    0x08000356   0x08000356   0x00000000   Code   RO         6847    .ARM.Collect$$libshutdown$$0000000C  c_w.l(libshutdown2.o)
    0x08000356   0x08000356   0x00000000   Code   RO         6850    .ARM.Collect$$libshutdown$$0000000F  c_w.l(libshutdown2.o)
    0x08000356   0x08000356   0x00000002   Code   RO         6851    .ARM.Collect$$libshutdown$$00000010  c_w.l(libshutdown2.o)
    0x08000358   0x08000358   0x00000000   Code   RO         6657    .ARM.Collect$$rtentry$$00000000  c_w.l(__rtentry.o)
    0x08000358   0x08000358   0x00000000   Code   RO         6693    .ARM.Collect$$rtentry$$00000002  c_w.l(__rtentry2.o)
    0x08000358   0x08000358   0x00000006   Code   RO         6705    .ARM.Collect$$rtentry$$00000004  c_w.l(__rtentry4.o)
    0x0800035e   0x0800035e   0x00000000   Code   RO         6695    .ARM.Collect$$rtentry$$00000009  c_w.l(__rtentry2.o)
    0x0800035e   0x0800035e   0x00000004   Code   RO         6696    .ARM.Collect$$rtentry$$0000000A  c_w.l(__rtentry2.o)
    0x08000362   0x08000362   0x00000000   Code   RO         6698    .ARM.Collect$$rtentry$$0000000C  c_w.l(__rtentry2.o)
    0x08000362   0x08000362   0x00000008   Code   RO         6699    .ARM.Collect$$rtentry$$0000000D  c_w.l(__rtentry2.o)
    0x0800036a   0x0800036a   0x00000002   Code   RO         6737    .ARM.Collect$$rtexit$$00000000  c_w.l(rtexit.o)
    0x0800036c   0x0800036c   0x00000000   Code   RO         6791    .ARM.Collect$$rtexit$$00000002  c_w.l(rtexit2.o)
    0x0800036c   0x0800036c   0x00000004   Code   RO         6792    .ARM.Collect$$rtexit$$00000003  c_w.l(rtexit2.o)
    0x08000370   0x08000370   0x00000006   Code   RO         6793    .ARM.Collect$$rtexit$$00000004  c_w.l(rtexit2.o)
    0x08000376   0x08000376   0x00000002   PAD
    0x08000378   0x08000378   0x0000005c   Code   RO            4    .text               startup_stm32h750xx.o
    0x080003d4   0x080003d4   0x00000002   Code   RO         6566    .text               c_w.l(use_no_semi_2.o)
    0x080003d6   0x080003d6   0x000000ee   Code   RO         6568    .text               c_w.l(lludivv7m.o)
    0x080004c4   0x080004c4   0x00000006   Code   RO         6639    .text               c_w.l(heapauxi.o)
    0x080004ca   0x080004ca   0x00000002   Code   RO         6655    .text               c_w.l(use_no_semi.o)
    0x080004cc   0x080004cc   0x00000008   Code   RO         6720    .text               c_w.l(libspace.o)
    0x080004d4   0x080004d4   0x0000004a   Code   RO         6723    .text               c_w.l(sys_stackheap_outer.o)
    0x0800051e   0x0800051e   0x00000012   Code   RO         6725    .text               c_w.l(exit.o)
    0x08000530   0x08000530   0x0000000a   Ven    RO         6860    Veneer$$Code        anon$$obj.o
    0x0800053a   0x0800053a   0x0000000a   Ven    RO         6861    Veneer$$Code        anon$$obj.o
    0x08000544   0x08000544   0x0000000a   Ven    RO         6862    Veneer$$Code        anon$$obj.o
    0x0800054e   0x0800054e   0x0000000a   Ven    RO         6863    Veneer$$Code        anon$$obj.o
    0x08000558   0x08000558   0x0000000a   Ven    RO         6864    Veneer$$Code        anon$$obj.o
    0x08000562   0x08000562   0x0000000a   Ven    RO         6865    Veneer$$Code        anon$$obj.o
    0x0800056c   0x0800056c   0x0000000a   Ven    RO         6866    Veneer$$Code        anon$$obj.o
    0x08000576   0x08000576   0x0000000a   Ven    RO         6867    Veneer$$Code        anon$$obj.o
    0x08000580   0x08000580   0x0000000a   Ven    RO         6868    Veneer$$Code        anon$$obj.o
    0x0800058a   0x0800058a   0x0000000a   Ven    RO         6869    Veneer$$Code        anon$$obj.o
    0x08000594   0x08000594   0x0000000a   Ven    RO         6870    Veneer$$Code        anon$$obj.o
    0x0800059e   0x0800059e   0x0000000a   Ven    RO         6871    Veneer$$Code        anon$$obj.o
    0x080005a8   0x080005a8   0x0000000a   Ven    RO         6872    Veneer$$Code        anon$$obj.o
    0x080005b2   0x080005b2   0x0000000a   Ven    RO         6873    Veneer$$Code        anon$$obj.o
    0x080005bc   0x080005bc   0x0000000a   Ven    RO         6874    Veneer$$Code        anon$$obj.o
    0x080005c6   0x080005c6   0x0000000a   Ven    RO         6875    Veneer$$Code        anon$$obj.o
    0x080005d0   0x080005d0   0x0000000a   Ven    RO         6876    Veneer$$Code        anon$$obj.o
    0x080005da   0x080005da   0x0000000a   Ven    RO         6877    Veneer$$Code        anon$$obj.o
    0x080005e4   0x080005e4   0x00000004   Code   RO          412    i.BusFault_Handler  stm32h7xx_it.o
    0x080005e8   0x080005e8   0x000000ec   Code   RO         1494    i.DMA_CalcBaseAndBitshift  stm32h7xx_hal_dma.o
    0x080006d4   0x080006d4   0x000000c4   Code   RO         1495    i.DMA_CalcDMAMUXChannelBaseAndMask  stm32h7xx_hal_dma.o
    0x08000798   0x08000798   0x00000098   Code   RO         1496    i.DMA_CalcDMAMUXRequestGenBaseAndMask  stm32h7xx_hal_dma.o
    0x08000830   0x08000830   0x000000ae   Code   RO         1497    i.DMA_CheckFifoParam  stm32h7xx_hal_dma.o
    0x080008de   0x080008de   0x00000002   PAD
    0x080008e0   0x080008e0   0x000000ec   Code   RO         1610    i.DMA_MultiBufferSetConfig  stm32h7xx_hal_dma_ex.o
    0x080009cc   0x080009cc   0x00000274   Code   RO         1498    i.DMA_SetConfig     stm32h7xx_hal_dma.o
    0x08000c40   0x08000c40   0x00000002   Code   RO          413    i.DebugMon_Handler  stm32h7xx_it.o
    0x08000c42   0x08000c42   0x00000002   PAD
    0x08000c44   0x08000c44   0x00000320   Code   RO         1617    i.HAL_DMAEx_MultiBufferStart  stm32h7xx_hal_dma_ex.o
    0x08000f64   0x08000f64   0x000004dc   Code   RO         1499    i.HAL_DMA_Abort     stm32h7xx_hal_dma.o
    0x08001440   0x08001440   0x00000398   Code   RO         1500    i.HAL_DMA_Abort_IT  stm32h7xx_hal_dma.o
    0x080017d8   0x080017d8   0x00000284   Code   RO         1501    i.HAL_DMA_DeInit    stm32h7xx_hal_dma.o
    0x08001a5c   0x08001a5c   0x00000520   Code   RO         1505    i.HAL_DMA_Init      stm32h7xx_hal_dma.o
    0x08001f7c   0x08001f7c   0x000001e0   Code   RO         1508    i.HAL_DMA_Start     stm32h7xx_hal_dma.o
    0x0800215c   0x0800215c   0x00000014   Code   RO         1050    i.HAL_EnableCompensationCell  stm32h7xx_hal.o
    0x08002170   0x08002170   0x000001fc   Code   RO         1684    i.HAL_GPIO_Init     stm32h7xx_hal_gpio.o
    0x0800236c   0x0800236c   0x00000010   Code   RO         1686    i.HAL_GPIO_ReadPin  stm32h7xx_hal_gpio.o
    0x0800237c   0x0800237c   0x00000014   Code   RO         1687    i.HAL_GPIO_TogglePin  stm32h7xx_hal_gpio.o
    0x08002390   0x08002390   0x0000000c   Code   RO         1688    i.HAL_GPIO_WritePin  stm32h7xx_hal_gpio.o
    0x0800239c   0x0800239c   0x0000000c   Code   RO         1054    i.HAL_GetREVID      stm32h7xx_hal.o
    0x080023a8   0x080023a8   0x0000000c   Code   RO         1055    i.HAL_GetTick       stm32h7xx_hal.o
    0x080023b4   0x080023b4   0x00000018   Code   RO         1061    i.HAL_IncTick       stm32h7xx_hal.o
    0x080023cc   0x080023cc   0x00000060   Code   RO         1062    i.HAL_Init          stm32h7xx_hal.o
    0x0800242c   0x0800242c   0x00000058   Code   RO         1063    i.HAL_InitTick      stm32h7xx_hal.o
    0x08002484   0x08002484   0x0000005c   Code   RO         1349    i.HAL_MPU_ConfigRegion  stm32h7xx_hal_cortex.o
    0x080024e0   0x080024e0   0x0000002c   Code   RO         1350    i.HAL_MPU_Disable   stm32h7xx_hal_cortex.o
    0x0800250c   0x0800250c   0x00000040   Code   RO         1351    i.HAL_MPU_Enable    stm32h7xx_hal_cortex.o
    0x0800254c   0x0800254c   0x00000002   Code   RO         1065    i.HAL_MspInit       stm32h7xx_hal.o
    0x0800254e   0x0800254e   0x00000028   Code   RO         1354    i.HAL_NVIC_EnableIRQ  stm32h7xx_hal_cortex.o
    0x08002576   0x08002576   0x0000007a   Code   RO         1360    i.HAL_NVIC_SetPriority  stm32h7xx_hal_cortex.o
    0x080025f0   0x080025f0   0x00000028   Code   RO         1361    i.HAL_NVIC_SetPriorityGrouping  stm32h7xx_hal_cortex.o
    0x08002618   0x08002618   0x00000014   Code   RO         1889    i.HAL_PWREx_EnableUSBVoltageDetector  stm32h7xx_hal_pwr_ex.o
    0x0800262c   0x0800262c   0x00000024   Code   RO         2241    i.HAL_RCCEx_GetD3PCLK1Freq  stm32h7xx_hal_rcc_ex.o
    0x08002650   0x08002650   0x00000230   Code   RO         2243    i.HAL_RCCEx_GetPLL2ClockFreq  stm32h7xx_hal_rcc_ex.o
    0x08002880   0x08002880   0x00000230   Code   RO         2244    i.HAL_RCCEx_GetPLL3ClockFreq  stm32h7xx_hal_rcc_ex.o
    0x08002ab0   0x08002ab0   0x00000d68   Code   RO         2250    i.HAL_RCCEx_PeriphCLKConfig  stm32h7xx_hal_rcc_ex.o
    0x08003818   0x08003818   0x00000320   Code   RO         2126    i.HAL_RCC_ClockConfig  stm32h7xx_hal_rcc.o
    0x08003b38   0x08003b38   0x0000004c   Code   RO         2131    i.HAL_RCC_GetHCLKFreq  stm32h7xx_hal_rcc.o
    0x08003b84   0x08003b84   0x00000024   Code   RO         2133    i.HAL_RCC_GetPCLK1Freq  stm32h7xx_hal_rcc.o
    0x08003ba8   0x08003ba8   0x00000024   Code   RO         2134    i.HAL_RCC_GetPCLK2Freq  stm32h7xx_hal_rcc.o
    0x08003bcc   0x08003bcc   0x0000022c   Code   RO         2135    i.HAL_RCC_GetSysClockFreq  stm32h7xx_hal_rcc.o
    0x08003df8   0x08003df8   0x00000860   Code   RO         2138    i.HAL_RCC_OscConfig  stm32h7xx_hal_rcc.o
    0x08004658   0x08004658   0x00000028   Code   RO         1363    i.HAL_SYSTICK_CLKSourceConfig  stm32h7xx_hal_cortex.o
    0x08004680   0x08004680   0x00000034   Code   RO         1365    i.HAL_SYSTICK_Config  stm32h7xx_hal_cortex.o
    0x080046b4   0x080046b4   0x000000c0   Code   RO          952    i.HAL_UART_MspInit  usart.o
    0x08004774   0x08004774   0x00000114   Code   RO          953    i.HAL_UART_RxCpltCallback  usart.o
    0x08004888   0x08004888   0x00000004   Code   RO          414    i.HardFault_Handler  stm32h7xx_it.o
    0x0800488c   0x0800488c   0x00000002   Code   RO          415    i.NMI_Handler       stm32h7xx_it.o
    0x0800488e   0x0800488e   0x00000002   Code   RO          416    i.PendSV_Handler    stm32h7xx_it.o
    0x08004890   0x08004890   0x00000164   Code   RO         2253    i.RCCEx_PLL2_Config  stm32h7xx_hal_rcc_ex.o
    0x080049f4   0x080049f4   0x00000164   Code   RO         2254    i.RCCEx_PLL3_Config  stm32h7xx_hal_rcc_ex.o
    0x08004b58   0x08004b58   0x00000002   Code   RO          417    i.SVC_Handler       stm32h7xx_it.o
    0x08004b5a   0x08004b5a   0x00000008   Code   RO          418    i.SysTick_Handler   stm32h7xx_it.o
    0x08004b62   0x08004b62   0x00000002   PAD
    0x08004b64   0x08004b64   0x00000010   Code   RO          419    i.UART4_IRQHandler  stm32h7xx_it.o
    0x08004b74   0x08004b74   0x00000010   Code   RO          954    i.USART1_IRQHandler  usart.o
    0x08004b84   0x08004b84   0x00000004   Code   RO          420    i.UsageFault_Handler  stm32h7xx_it.o
    0x08004b88   0x08004b88   0x00000010   Code   RO         1367    i.__NVIC_GetPriorityGrouping  stm32h7xx_hal_cortex.o
    0x08004b98   0x08004b98   0x00000028   Code   RO         1368    i.__NVIC_SetPriority  stm32h7xx_hal_cortex.o
    0x08004bc0   0x08004bc0   0x00000004   Code   RO          956    i._sys_exit         usart.o
    0x08004bc4   0x08004bc4   0x00000014   Code   RO          836    i.delay_init        delay.o
    0x08004bd8   0x08004bd8   0x00000032   Code   RO          837    i.delay_ms          delay.o
    0x08004c0a   0x08004c0a   0x00000002   PAD
    0x08004c0c   0x08004c0c   0x0000004c   Code   RO          838    i.delay_us          delay.o
    0x08004c58   0x08004c58   0x0000001c   Code   RO          958    i.fputc             usart.o
    0x08004c74   0x08004c74   0x000001f4   Code   RO           13    i.main              main.o
    0x08004e68   0x08004e68   0x00000140   Code   RO          879    i.sys_cache_enable  sys.o
    0x08004fa8   0x08004fa8   0x000001d8   Code   RO          884    i.sys_qspi_enable_memmapmode  sys.o
    0x08005180   0x08005180   0x0000016c   Code   RO          885    i.sys_stm32_clock_init  sys.o
    0x080052ec   0x080052ec   0x00000038   Code   RO          959    i.usart_init        usart.o
    0x08005324   0x08005324   0x0000000a   Code   RO         6803    x$fpl$fpinit        fz_wv.l(fpinit.o)
    0x0800532e   0x0800532e   0x00000010   Data   RO          726    .constdata          system_stm32h7xx.o
    0x0800533e   0x0800533e   0x00000008   Data   RO         1511    .constdata          stm32h7xx_hal_dma.o
    0x08005346   0x08005346   0x00000002   PAD
    0x08005348   0x08005348   0x00000020   Data   RO         6852    Region$$Table       anon$$obj.o


    Execution Region RW_m_stmsram (Exec base: 0x24000000, Load base: 0x08005368, Size: 0x00000ed8, Max: 0x00080000, ABSOLUTE, COMPRESSED[0x000000e4])

    Exec Addr    Load Addr    Size         Type   Attr      Idx    E Section Name        Object

    0x24000000   COMPRESSED   0x00000008   Data   RW          727    .data               system_stm32h7xx.o
    0x24000008   COMPRESSED   0x00000038   Data   RW          771    .data               mytask.o
    0x24000040   COMPRESSED   0x00000004   Data   RW          839    .data               delay.o
    0x24000044   COMPRESSED   0x00000007   Data   RW          961    .data               usart.o
    0x2400004b   COMPRESSED   0x00000001   PAD
    0x2400004c   COMPRESSED   0x00000009   Data   RW         1084    .data               stm32h7xx_hal.o
    0x24000055   COMPRESSED   0x00000001   Data   RW         5390    .data               key.o
    0x24000056   COMPRESSED   0x00000002   PAD
    0x24000058   COMPRESSED   0x00000008   Data   RW         5505    .data               lcd.o
    0x24000060   COMPRESSED   0x00000008   Data   RW         5737    .data               dcmi.o
    0x24000068   COMPRESSED   0x00000008   Data   RW         6009    .data               usart2.o
    0x24000070   COMPRESSED   0x00000005   Data   RW         6099    .data               usart4.o
    0x24000075   COMPRESSED   0x00000003   PAD
    0x24000078   COMPRESSED   0x00000010   Data   RW         6160    .data               vision.o
    0x24000088   COMPRESSED   0x0000001c   Data   RW         6348    .data               usmart.o
    0x240000a4   COMPRESSED   0x000001a4   Data   RW         6543    .data               usmart_config.o
    0x24000248        -       0x0000015c   Zero   RW          960    .bss                usart.o
    0x240003a4        -       0x0000005a   Zero   RW         5503    .bss                lcd.o
    0x240003fe   COMPRESSED   0x00000002   PAD
    0x24000400        -       0x000000c8   Zero   RW         5736    .bss                dcmi.o
    0x240004c8        -       0x0000004c   Zero   RW         6051    .bss                btim.o
    0x24000514        -       0x00000114   Zero   RW         6098    .bss                usart4.o
    0x24000628        -       0x0000004c   Zero   RW         6496    .bss                usmart_port.o
    0x24000674        -       0x00000060   Zero   RW         6721    .bss                c_w.l(libspace.o)
    0x240006d4   COMPRESSED   0x00000004   PAD
    0x240006d8        -       0x00000000   Zero   RW            2    HEAP                startup_stm32h750xx.o
    0x240006d8        -       0x00000800   Zero   RW            1    STACK               startup_stm32h750xx.o



  Load Region LR_m_qspiflash (Base: 0x90000000, Size: 0x0000fd88, Max: 0x00800000, ABSOLUTE)

    Execution Region ER_m_qspiflash (Exec base: 0x90000000, Load base: 0x90000000, Size: 0x0000fd88, Max: 0x00800000, ABSOLUTE)

    Exec Addr    Load Addr    Size         Type   Attr      Idx    E Section Name        Object

    0x90000000   0x90000000   0x00000000   Code   RO         6632    .ARM.Collect$$_printf_percent$$00000000  c_w.l(_printf_percent.o)
    0x90000000   0x90000000   0x00000006   Code   RO         6630    .ARM.Collect$$_printf_percent$$00000009  c_w.l(_printf_d.o)
    0x90000006   0x90000006   0x00000006   Code   RO         6631    .ARM.Collect$$_printf_percent$$0000000A  c_w.l(_printf_u.o)
    0x9000000c   0x9000000c   0x00000006   Code   RO         6629    .ARM.Collect$$_printf_percent$$0000000C  c_w.l(_printf_x.o)
    0x90000012   0x90000012   0x00000006   Code   RO         6627    .ARM.Collect$$_printf_percent$$00000013  c_w.l(_printf_c.o)
    0x90000018   0x90000018   0x00000006   Code   RO         6628    .ARM.Collect$$_printf_percent$$00000014  c_w.l(_printf_s.o)
    0x9000001e   0x9000001e   0x00000004   Code   RO         6674    .ARM.Collect$$_printf_percent$$00000017  c_w.l(_printf_percent_end.o)
    0x90000022   0x90000022   0x00000002   PAD
    0x90000024   0x90000024   0x00000018   Code   RO         6574    .text               c_w.l(noretval__2printf.o)
    0x9000003c   0x9000003c   0x00000028   Code   RO         6576    .text               c_w.l(noretval__2sprintf.o)
    0x90000064   0x90000064   0x0000004e   Code   RO         6580    .text               c_w.l(_printf_pad.o)
    0x900000b2   0x900000b2   0x00000052   Code   RO         6582    .text               c_w.l(_printf_str.o)
    0x90000104   0x90000104   0x00000078   Code   RO         6584    .text               c_w.l(_printf_dec.o)
    0x9000017c   0x9000017c   0x00000058   Code   RO         6589    .text               c_w.l(_printf_hex_int.o)
    0x900001d4   0x900001d4   0x00000188   Code   RO         6624    .text               c_w.l(__printf_flags_ss_wp.o)
    0x9000035c   0x9000035c   0x0000003e   Code   RO         6633    .text               c_w.l(strlen.o)
    0x9000039a   0x9000039a   0x00000044   Code   RO         6635    .text               c_w.l(rt_memclr.o)
    0x900003de   0x900003de   0x0000004e   Code   RO         6637    .text               c_w.l(rt_memclr_w.o)
    0x9000042c   0x9000042c   0x000000b2   Code   RO         6664    .text               c_w.l(_printf_intcommon.o)
    0x900004de   0x900004de   0x00000002   PAD
    0x900004e0   0x900004e0   0x00000030   Code   RO         6666    .text               c_w.l(_printf_char_common.o)
    0x90000510   0x90000510   0x0000000a   Code   RO         6668    .text               c_w.l(_sputc.o)
    0x9000051a   0x9000051a   0x0000002c   Code   RO         6670    .text               c_w.l(_printf_char.o)
    0x90000546   0x90000546   0x00000002   PAD
    0x90000548   0x90000548   0x00000024   Code   RO         6672    .text               c_w.l(_printf_char_file.o)
    0x9000056c   0x9000056c   0x00000008   Code   RO         6716    .text               c_w.l(ferror.o)
    0x90000574   0x90000574   0x0000000a   Ven    RO         6878    Veneer$$Code        anon$$obj.o
    0x9000057e   0x9000057e   0x0000000a   Ven    RO         6879    Veneer$$Code        anon$$obj.o
    0x90000588   0x90000588   0x0000000a   Ven    RO         6880    Veneer$$Code        anon$$obj.o
    0x90000592   0x90000592   0x0000000a   Ven    RO         6881    Veneer$$Code        anon$$obj.o
    0x9000059c   0x9000059c   0x0000000a   Ven    RO         6882    Veneer$$Code        anon$$obj.o
    0x900005a6   0x900005a6   0x0000000a   Ven    RO         6883    Veneer$$Code        anon$$obj.o
    0x900005b0   0x900005b0   0x0000000a   Ven    RO         6884    Veneer$$Code        anon$$obj.o
    0x900005ba   0x900005ba   0x0000000a   Ven    RO         6885    Veneer$$Code        anon$$obj.o
    0x900005c4   0x900005c4   0x0000000a   Ven    RO         6886    Veneer$$Code        anon$$obj.o
    0x900005ce   0x900005ce   0x0000000a   Ven    RO         6887    Veneer$$Code        anon$$obj.o
    0x900005d8   0x900005d8   0x0000000a   Ven    RO         6888    Veneer$$Code        anon$$obj.o
    0x900005e2   0x900005e2   0x0000000a   Ven    RO         6889    Veneer$$Code        anon$$obj.o
    0x900005ec   0x900005ec   0x0000000a   Ven    RO         6890    Veneer$$Code        anon$$obj.o
    0x900005f6   0x900005f6   0x0000000a   Ven    RO         6891    Veneer$$Code        anon$$obj.o
    0x90000600   0x90000600   0x0000000a   Ven    RO         6892    Veneer$$Code        anon$$obj.o
    0x9000060a   0x9000060a   0x0000000a   Ven    RO         6893    Veneer$$Code        anon$$obj.o
    0x90000614   0x90000614   0x0000000a   Ven    RO         6894    Veneer$$Code        anon$$obj.o
    0x9000061e   0x9000061e   0x0000000a   Ven    RO         6895    Veneer$$Code        anon$$obj.o
    0x90000628   0x90000628   0x0000000a   Ven    RO         6896    Veneer$$Code        anon$$obj.o
    0x90000632   0x90000632   0x0000000a   Ven    RO         6897    Veneer$$Code        anon$$obj.o
    0x9000063c   0x9000063c   0x0000000a   Ven    RO         6898    Veneer$$Code        anon$$obj.o
    0x90000646   0x90000646   0x0000000a   Ven    RO         6899    Veneer$$Code        anon$$obj.o
    0x90000650   0x90000650   0x0000000a   Ven    RO         6900    Veneer$$Code        anon$$obj.o
    0x9000065a   0x9000065a   0x0000000a   Ven    RO         6901    Veneer$$Code        anon$$obj.o
    0x90000664   0x90000664   0x0000000a   Ven    RO         6902    Veneer$$Code        anon$$obj.o
    0x9000066e   0x9000066e   0x0000000a   Ven    RO         6903    Veneer$$Code        anon$$obj.o
    0x90000678   0x90000678   0x00000024   Code   RO         4773    i.DCMI_DMAError     stm32h7xx_hal_dcmi.o
    0x9000069c   0x9000069c   0x00000010   Code   RO         5727    i.DCMI_IRQHandler   dcmi.o
    0x900006ac   0x900006ac   0x000000e4   Code   RO         5728    i.DMA1_Stream1_IRQHandler  dcmi.o
    0x90000790   0x90000790   0x00000044   Code   RO         4631    i.FMC_NORSRAM_Extended_Timing_Init  stm32h7xx_ll_fmc.o
    0x900007d4   0x900007d4   0x000000a4   Code   RO         4632    i.FMC_NORSRAM_Init  stm32h7xx_ll_fmc.o
    0x90000878   0x90000878   0x00000066   Code   RO         4633    i.FMC_NORSRAM_Timing_Init  stm32h7xx_ll_fmc.o
    0x900008de   0x900008de   0x00000112   Code   RO         6156    i.FindBall_RGB565   vision.o
    0x900009f0   0x900009f0   0x0000001c   Code   RO         4777    i.HAL_DCMI_DeInit   stm32h7xx_hal_dcmi.o
    0x90000a0c   0x90000a0c   0x00000002   Code   RO         4780    i.HAL_DCMI_ErrorCallback  stm32h7xx_hal_dcmi.o
    0x90000a0e   0x90000a0e   0x00000002   PAD
    0x90000a10   0x90000a10   0x0000003c   Code   RO         5729    i.HAL_DCMI_FrameEventCallback  dcmi.o
    0x90000a4c   0x90000a4c   0x000000b4   Code   RO         4784    i.HAL_DCMI_IRQHandler  stm32h7xx_hal_dcmi.o
    0x90000b00   0x90000b00   0x000000a0   Code   RO         4785    i.HAL_DCMI_Init     stm32h7xx_hal_dcmi.o
    0x90000ba0   0x90000ba0   0x00000002   Code   RO         4786    i.HAL_DCMI_LineEventCallback  stm32h7xx_hal_dcmi.o
    0x90000ba2   0x90000ba2   0x00000002   Code   RO         4787    i.HAL_DCMI_MspDeInit  stm32h7xx_hal_dcmi.o
    0x90000ba4   0x90000ba4   0x00000002   Code   RO         4788    i.HAL_DCMI_MspInit  stm32h7xx_hal_dcmi.o
    0x90000ba6   0x90000ba6   0x00000002   Code   RO         4793    i.HAL_DCMI_VsyncEventCallback  stm32h7xx_hal_dcmi.o
    0x90000ba8   0x90000ba8   0x00000070   Code   RO         3474    i.HAL_SRAM_Init     stm32h7xx_hal_sram.o
    0x90000c18   0x90000c18   0x00000098   Code   RO         5466    i.HAL_SRAM_MspInit  lcd.o
    0x90000cb0   0x90000cb0   0x00000002   Code   RO         4332    i.HAL_TIMEx_Break2Callback  stm32h7xx_hal_tim_ex.o
    0x90000cb2   0x90000cb2   0x00000002   Code   RO         4333    i.HAL_TIMEx_BreakCallback  stm32h7xx_hal_tim_ex.o
    0x90000cb4   0x90000cb4   0x00000002   Code   RO         4334    i.HAL_TIMEx_CommutCallback  stm32h7xx_hal_tim_ex.o
    0x90000cb6   0x90000cb6   0x0000006e   Code   RO         3607    i.HAL_TIM_Base_Init  stm32h7xx_hal_tim.o
    0x90000d24   0x90000d24   0x00000048   Code   RO         6047    i.HAL_TIM_Base_MspInit  btim.o
    0x90000d6c   0x90000d6c   0x000000b4   Code   RO         3612    i.HAL_TIM_Base_Start_IT  stm32h7xx_hal_tim.o
    0x90000e20   0x90000e20   0x00000002   Code   RO         3641    i.HAL_TIM_IC_CaptureCallback  stm32h7xx_hal_tim.o
    0x90000e22   0x90000e22   0x000001b8   Code   RO         3655    i.HAL_TIM_IRQHandler  stm32h7xx_hal_tim.o
    0x90000fda   0x90000fda   0x00000002   Code   RO         3658    i.HAL_TIM_OC_DelayElapsedCallback  stm32h7xx_hal_tim.o
    0x90000fdc   0x90000fdc   0x00000002   Code   RO         3685    i.HAL_TIM_PWM_PulseFinishedCallback  stm32h7xx_hal_tim.o
    0x90000fde   0x90000fde   0x00000002   PAD
    0x90000fe0   0x90000fe0   0x00000024   Code   RO         6048    i.HAL_TIM_PeriodElapsedCallback  btim.o
    0x90001004   0x90001004   0x00000002   Code   RO         3698    i.HAL_TIM_TriggerCallback  stm32h7xx_hal_tim.o
    0x90001006   0x90001006   0x00000002   Code   RO         2420    i.HAL_UARTEx_RxEventCallback  stm32h7xx_hal_uart.o
    0x90001008   0x90001008   0x00000002   Code   RO         2844    i.HAL_UARTEx_RxFifoFullCallback  stm32h7xx_hal_uart_ex.o
    0x9000100a   0x9000100a   0x00000002   Code   RO         2848    i.HAL_UARTEx_TxFifoEmptyCallback  stm32h7xx_hal_uart_ex.o
    0x9000100c   0x9000100c   0x00000002   Code   RO         2849    i.HAL_UARTEx_WakeupCallback  stm32h7xx_hal_uart_ex.o
    0x9000100e   0x9000100e   0x00000002   Code   RO         2436    i.HAL_UART_ErrorCallback  stm32h7xx_hal_uart.o
    0x90001010   0x90001010   0x00000494   Code   RO         2439    i.HAL_UART_IRQHandler  stm32h7xx_hal_uart.o
    0x900014a4   0x900014a4   0x00000078   Code   RO         2440    i.HAL_UART_Init     stm32h7xx_hal_uart.o
    0x9000151c   0x9000151c   0x0000005c   Code   RO         2445    i.HAL_UART_Receive_IT  stm32h7xx_hal_uart.o
    0x90001578   0x90001578   0x000000c2   Code   RO         2449    i.HAL_UART_Transmit  stm32h7xx_hal_uart.o
    0x9000163a   0x9000163a   0x00000002   Code   RO         2452    i.HAL_UART_TxCpltCallback  stm32h7xx_hal_uart.o
    0x9000163c   0x9000163c   0x00000170   Code   RO         6157    i.LCD_DrawBallOverlay  vision.o
    0x900017ac   0x900017ac   0x00000088   Code   RO         6203    i.MPU6050_GPIO_Init  mpu6050.o
    0x90001834   0x90001834   0x000000ac   Code   RO         6204    i.MPU6050_GetData   mpu6050.o
    0x900018e0   0x900018e0   0x0000003c   Code   RO         6206    i.MPU6050_Init      mpu6050.o
    0x9000191c   0x9000191c   0x0000003e   Code   RO         6207    i.MPU6050_ReadReg   mpu6050.o
    0x9000195a   0x9000195a   0x0000002e   Code   RO         6208    i.MPU6050_WriteReg  mpu6050.o
    0x90001988   0x90001988   0x000000a0   Code   RO         5419    i.MemManage_Handler  mpu.o
    0x90001a28   0x90001a28   0x00000098   Code   RO         6262    i.MyI2C_Init        myi2c.o
    0x90001ac0   0x90001ac0   0x00000024   Code   RO         6263    i.MyI2C_R_SDA       myi2c.o
    0x90001ae4   0x90001ae4   0x0000001e   Code   RO         6264    i.MyI2C_ReceiveAck  myi2c.o
    0x90001b02   0x90001b02   0x00000032   Code   RO         6265    i.MyI2C_ReceiveByte  myi2c.o
    0x90001b34   0x90001b34   0x00000018   Code   RO         6266    i.MyI2C_SendAck     myi2c.o
    0x90001b4c   0x90001b4c   0x00000032   Code   RO         6267    i.MyI2C_SendByte    myi2c.o
    0x90001b7e   0x90001b7e   0x0000001c   Code   RO         6268    i.MyI2C_Start       myi2c.o
    0x90001b9a   0x90001b9a   0x00000016   Code   RO         6269    i.MyI2C_Stop        myi2c.o
    0x90001bb0   0x90001bb0   0x00000024   Code   RO         6270    i.MyI2C_W_SCL       myi2c.o
    0x90001bd4   0x90001bd4   0x00000024   Code   RO         6271    i.MyI2C_W_SDA       myi2c.o
    0x90001bf8   0x90001bf8   0x000000b8   Code   RO          761    i.SimplePitch_ControlSend  mytask.o
    0x90001cb0   0x90001cb0   0x000000cc   Code   RO          762    i.SimplePitch_Init  mytask.o
    0x90001d7c   0x90001d7c   0x00000138   Code   RO          763    i.SimplePitch_Update  mytask.o
    0x90001eb4   0x90001eb4   0x00000020   Code   RO          764    i.Simple_Limit      mytask.o
    0x90001ed4   0x90001ed4   0x00000044   Code   RO         6491    i.TIM4_IRQHandler   usmart_port.o
    0x90001f18   0x90001f18   0x00000010   Code   RO         6049    i.TIM6_DAC_IRQHandler  btim.o
    0x90001f28   0x90001f28   0x000000cc   Code   RO         3700    i.TIM_Base_SetConfig  stm32h7xx_hal_tim.o
    0x90001ff4   0x90001ff4   0x00000040   Code   RO         6158    i.TrackControl_Reset  vision.o
    0x90002034   0x90002034   0x000001f8   Code   RO         6159    i.TrackControl_UpdateAndSend  vision.o
    0x9000222c   0x9000222c   0x00000020   Code   RO         6095    i.UART4_SendString  usart4.o
    0x9000224c   0x9000224c   0x00000018   Code   RO         6096    i.UART4_StartReceive_IT  usart4.o
    0x90002264   0x90002264   0x000000f8   Code   RO         2454    i.UART_AdvFeatureConfig  stm32h7xx_hal_uart.o
    0x9000235c   0x9000235c   0x000000ea   Code   RO         2455    i.UART_CheckIdleState  stm32h7xx_hal_uart.o
    0x90002446   0x90002446   0x00000018   Code   RO         2456    i.UART_DMAAbortOnError  stm32h7xx_hal_uart.o
    0x9000245e   0x9000245e   0x00000002   PAD
    0x90002460   0x90002460   0x0000006c   Code   RO         2466    i.UART_EndRxTransfer  stm32h7xx_hal_uart.o
    0x900024cc   0x900024cc   0x00000030   Code   RO         2467    i.UART_EndTransmit_IT  stm32h7xx_hal_uart.o
    0x900024fc   0x900024fc   0x00000104   Code   RO         2469    i.UART_RxISR_16BIT  stm32h7xx_hal_uart.o
    0x90002600   0x90002600   0x000001fc   Code   RO         2470    i.UART_RxISR_16BIT_FIFOEN  stm32h7xx_hal_uart.o
    0x900027fc   0x900027fc   0x00000104   Code   RO         2471    i.UART_RxISR_8BIT   stm32h7xx_hal_uart.o
    0x90002900   0x90002900   0x000001f8   Code   RO         2472    i.UART_RxISR_8BIT_FIFOEN  stm32h7xx_hal_uart.o
    0x90002af8   0x90002af8   0x0000058c   Code   RO         2473    i.UART_SetConfig    stm32h7xx_hal_uart.o
    0x90003084   0x90003084   0x0000015c   Code   RO         2475    i.UART_Start_Receive_IT  stm32h7xx_hal_uart.o
    0x900031e0   0x900031e0   0x000000a2   Code   RO         2480    i.UART_WaitOnFlagUntilTimeout  stm32h7xx_hal_uart.o
    0x90003282   0x90003282   0x00000002   PAD
    0x90003284   0x90003284   0x00000138   Code   RO         6006    i.USART2_IRQHandler  usart2.o
    0x900033bc   0x900033bc   0x00000026   Code   RO         6676    i.__ARM_fpclassifyf  m_wv.l(fpclassifyf.o)
    0x900033e2   0x900033e2   0x00000002   PAD
    0x900033e4   0x900033e4   0x00000258   Code   RO         6643    i.__hardfp_atan2f   m_wv.l(atan2f.o)
    0x9000363c   0x9000363c   0x00000006   Code   RO         6680    i.__mathlib_flt_infnan2  m_wv.l(funder.o)
    0x90003642   0x90003642   0x00000002   PAD
    0x90003644   0x90003644   0x00000010   Code   RO         6684    i.__mathlib_flt_underflow  m_wv.l(funder.o)
    0x90003654   0x90003654   0x0000000e   Code   RO         6617    i._is_digit         c_w.l(__printf_wp.o)
    0x90003662   0x90003662   0x00000002   PAD
    0x90003664   0x90003664   0x0000027c   Code   RO          765    i.balance_test      mytask.o
    0x900038e0   0x900038e0   0x0000002c   Code   RO         6050    i.btim_timx_int_init  btim.o
    0x9000390c   0x9000390c   0x00000048   Code   RO         5730    i.dcmi_cr_set       dcmi.o
    0x90003954   0x90003954   0x00000290   Code   RO         5731    i.dcmi_dma_init     dcmi.o
    0x90003be4   0x90003be4   0x00000174   Code   RO         5732    i.dcmi_init         dcmi.o
    0x90003d58   0x90003d58   0x0000013c   Code   RO         5733    i.dcmi_set_window   dcmi.o
    0x90003e94   0x90003e94   0x0000010c   Code   RO         5734    i.dcmi_start        dcmi.o
    0x90003fa0   0x90003fa0   0x0000010c   Code   RO         5735    i.dcmi_stop         dcmi.o
    0x900040ac   0x900040ac   0x00000010   Code   RO          766    i.jpeg_data_process  mytask.o
    0x900040bc   0x900040bc   0x00000080   Code   RO         5388    i.key_init          key.o
    0x9000413c   0x9000413c   0x00000084   Code   RO         5389    i.key_scan          key.o
    0x900041c0   0x900041c0   0x00000034   Code   RO         5467    i.lcd_clear         lcd.o
    0x900041f4   0x900041f4   0x0000016c   Code   RO         5469    i.lcd_display_dir   lcd.o
    0x90004360   0x90004360   0x00000038   Code   RO         5473    i.lcd_draw_hline    lcd.o
    0x90004398   0x90004398   0x000000ac   Code   RO         5474    i.lcd_draw_line     lcd.o
    0x90004444   0x90004444   0x00000020   Code   RO         5475    i.lcd_draw_point    lcd.o
    0x90004464   0x90004464   0x0000022c   Code   RO         5477    i.lcd_ex_ili9341_reginit  lcd.o
    0x90004690   0x90004690   0x00000340   Code   RO         5478    i.lcd_ex_ili9806_reginit  lcd.o
    0x900049d0   0x900049d0   0x00000ef2   Code   RO         5479    i.lcd_ex_nt35310_reginit  lcd.o
    0x900058c2   0x900058c2   0x00000efc   Code   RO         5480    i.lcd_ex_nt35510_reginit  lcd.o
    0x900067be   0x900067be   0x0000016e   Code   RO         5481    i.lcd_ex_ssd1963_reginit  lcd.o
    0x9000692c   0x9000692c   0x000001a8   Code   RO         5482    i.lcd_ex_st7789_reginit  lcd.o
    0x90006ad4   0x90006ad4   0x000001c6   Code   RO         5483    i.lcd_ex_st7796_reginit  lcd.o
    0x90006c9a   0x90006c9a   0x00000002   PAD
    0x90006c9c   0x90006c9c   0x00000054   Code   RO         5484    i.lcd_fill          lcd.o
    0x90006cf0   0x90006cf0   0x0000052c   Code   RO         5486    i.lcd_init          lcd.o
    0x9000721c   0x9000721c   0x0000000c   Code   RO         5487    i.lcd_opt_delay     lcd.o
    0x90007228   0x90007228   0x00000018   Code   RO         5489    i.lcd_rd_data       lcd.o
    0x90007240   0x90007240   0x00000098   Code   RO         5490    i.lcd_read_point    lcd.o
    0x900072d8   0x900072d8   0x0000023c   Code   RO         5491    i.lcd_scan_dir      lcd.o
    0x90007514   0x90007514   0x00000120   Code   RO         5492    i.lcd_set_cursor    lcd.o
    0x90007634   0x90007634   0x00000170   Code   RO         5493    i.lcd_set_window    lcd.o
    0x900077a4   0x900077a4   0x00000140   Code   RO         5494    i.lcd_show_char     lcd.o
    0x900078e4   0x900078e4   0x00000120   Code   RO          768    i.lcd_show_mpu6050_overlay  mytask.o
    0x90007a04   0x90007a04   0x0000006a   Code   RO         5496    i.lcd_show_string   lcd.o
    0x90007a6e   0x90007a6e   0x00000002   PAD
    0x90007a70   0x90007a70   0x00000050   Code   RO         5498    i.lcd_ssd_backlight_set  lcd.o
    0x90007ac0   0x90007ac0   0x00000018   Code   RO         5499    i.lcd_wr_data       lcd.o
    0x90007ad8   0x90007ad8   0x00000018   Code   RO         5500    i.lcd_wr_regno      lcd.o
    0x90007af0   0x90007af0   0x00000014   Code   RO         5501    i.lcd_write_ram_prepare  lcd.o
    0x90007b04   0x90007b04   0x00000010   Code   RO         5502    i.lcd_write_reg     lcd.o
    0x90007b14   0x90007b14   0x00000098   Code   RO         5364    i.led_init          led.o
    0x90007bac   0x90007bac   0x000000ba   Code   RO         5420    i.mpu_memory_protection  mpu.o
    0x90007c66   0x90007c66   0x0000005e   Code   RO         5421    i.mpu_set_protection  mpu.o
    0x90007cc4   0x90007cc4   0x0000005a   Code   RO         5865    i.ov5640_brightness  ov5640.o
    0x90007d1e   0x90007d1e   0x00000002   PAD
    0x90007d20   0x90007d20   0x0000007c   Code   RO         5866    i.ov5640_color_saturation  ov5640.o
    0x90007d9c   0x90007d9c   0x00000078   Code   RO         5867    i.ov5640_contrast   ov5640.o
    0x90007e14   0x90007e14   0x000000a0   Code   RO         5868    i.ov5640_exposure   ov5640.o
    0x90007eb4   0x90007eb4   0x00000032   Code   RO         5869    i.ov5640_flash_ctrl  ov5640.o
    0x90007ee6   0x90007ee6   0x0000007c   Code   RO         5870    i.ov5640_focus_constant  ov5640.o
    0x90007f62   0x90007f62   0x00000002   PAD
    0x90007f64   0x90007f64   0x000000b8   Code   RO         5871    i.ov5640_focus_init  ov5640.o
    0x9000801c   0x9000801c   0x0000003c   Code   RO         5872    i.ov5640_focus_single  ov5640.o
    0x90008058   0x90008058   0x000000a0   Code   RO         5873    i.ov5640_image_window_set  ov5640.o
    0x900080f8   0x900080f8   0x00000150   Code   RO         5874    i.ov5640_init       ov5640.o
    0x90008248   0x90008248   0x00000048   Code   RO         5876    i.ov5640_light_mode  ov5640.o
    0x90008290   0x90008290   0x00000080   Code   RO         5877    i.ov5640_outsize_set  ov5640.o
    0x90008310   0x90008310   0x0000003c   Code   RO         5878    i.ov5640_read_reg   ov5640.o
    0x9000834c   0x9000834c   0x00000028   Code   RO         5879    i.ov5640_rgb565_mode  ov5640.o
    0x90008374   0x90008374   0x0000007a   Code   RO         5880    i.ov5640_sharpness  ov5640.o
    0x900083ee   0x900083ee   0x00000002   PAD
    0x900083f0   0x900083f0   0x00000068   Code   RO         5881    i.ov5640_special_effects  ov5640.o
    0x90008458   0x90008458   0x00000032   Code   RO         5882    i.ov5640_test_pattern  ov5640.o
    0x9000848a   0x9000848a   0x0000003c   Code   RO         5883    i.ov5640_write_reg  ov5640.o
    0x900084c6   0x900084c6   0x00000006   Code   RO         6340    i.read_addr         usmart.o
    0x900084cc   0x900084cc   0x000002e0   Code   RO          769    i.rgb565_test       mytask.o
    0x900087ac   0x900087ac   0x0000000a   Code   RO         5806    i.sccb_delay        sccb.o
    0x900087b6   0x900087b6   0x00000002   PAD
    0x900087b8   0x900087b8   0x00000088   Code   RO         5807    i.sccb_init         sccb.o
    0x90008840   0x90008840   0x00000040   Code   RO         5808    i.sccb_nack         sccb.o
    0x90008880   0x90008880   0x00000054   Code   RO         5809    i.sccb_read_byte    sccb.o
    0x900088d4   0x900088d4   0x000000a8   Code   RO         5810    i.sccb_send_byte    sccb.o
    0x9000897c   0x9000897c   0x00000050   Code   RO         5811    i.sccb_start        sccb.o
    0x900089cc   0x900089cc   0x00000040   Code   RO         5812    i.sccb_stop         sccb.o
    0x90008a0c   0x90008a0c   0x000000e0   Code   RO         6097    i.uart4_init        usart4.o
    0x90008aec   0x90008aec   0x000000b0   Code   RO         6341    i.usmart_cmd_rec    usmart.o
    0x90008b9c   0x90008b9c   0x000002d4   Code   RO         6342    i.usmart_exe        usmart.o
    0x90008e70   0x90008e70   0x000000d4   Code   RO         6407    i.usmart_get_aparm  usmart_str.o
    0x90008f44   0x90008f44   0x00000036   Code   RO         6408    i.usmart_get_cmdname  usmart_str.o
    0x90008f7a   0x90008f7a   0x00000002   PAD
    0x90008f7c   0x90008f7c   0x000001c0   Code   RO         6409    i.usmart_get_fname  usmart_str.o
    0x9000913c   0x9000913c   0x0000010c   Code   RO         6410    i.usmart_get_fparam  usmart_str.o
    0x90009248   0x90009248   0x00000028   Code   RO         6492    i.usmart_get_input_string  usmart_port.o
    0x90009270   0x90009270   0x00000020   Code   RO         6411    i.usmart_get_parmpos  usmart_str.o
    0x90009290   0x90009290   0x00000028   Code   RO         6343    i.usmart_init       usmart.o
    0x900092b8   0x900092b8   0x00000016   Code   RO         6412    i.usmart_pow        usmart_str.o
    0x900092ce   0x900092ce   0x00000002   PAD
    0x900092d0   0x900092d0   0x000000a8   Code   RO         6344    i.usmart_scan       usmart.o
    0x90009378   0x90009378   0x00000016   Code   RO         6413    i.usmart_search_nextc  usmart_str.o
    0x9000938e   0x9000938e   0x00000106   Code   RO         6414    i.usmart_str2num    usmart_str.o
    0x90009494   0x90009494   0x00000022   Code   RO         6415    i.usmart_strcmp     usmart_str.o
    0x900094b6   0x900094b6   0x00000016   Code   RO         6416    i.usmart_strcopy    usmart_str.o
    0x900094cc   0x900094cc   0x00000018   Code   RO         6417    i.usmart_strlen     usmart_str.o
    0x900094e4   0x900094e4   0x000006f4   Code   RO         6345    i.usmart_sys_cmd_exe  usmart.o
    0x90009bd8   0x90009bd8   0x00000044   Code   RO         6493    i.usmart_timx_get_time  usmart_port.o
    0x90009c1c   0x90009c1c   0x00000060   Code   RO         6494    i.usmart_timx_init  usmart_port.o
    0x90009c7c   0x90009c7c   0x00000034   Code   RO         6495    i.usmart_timx_reset_time  usmart_port.o
    0x90009cb0   0x90009cb0   0x00000004   Code   RO         6346    i.write_addr        usmart.o
    0x90009cb4   0x90009cb4   0x00000000   Code   RO         6675    x$fpl$usenofp       fz_wv.l(usenofp.o)
    0x90009cb4   0x90009cb4   0x00000018   Data   RO         2481    .constdata          stm32h7xx_hal_uart.o
    0x90009ccc   0x90009ccc   0x00004740   Data   RO         5504    .constdata          lcd.o
    0x9000e40c   0x9000e40c   0x0000150b   Data   RO         5884    .constdata          ov5640.o
    0x9000f917   0x9000f917   0x00000028   Data   RO         6590    .constdata          c_w.l(_printf_hex_int.o)
    0x9000f93f   0x9000f93f   0x00000011   Data   RO         6625    .constdata          c_w.l(__printf_flags_ss_wp.o)
    0x9000f950   0x9000f950   0x00000035   Data   RO          770    .conststring        mytask.o
    0x9000f985   0x9000f985   0x00000003   PAD
    0x9000f988   0x9000f988   0x00000028   Data   RO         6347    .conststring        usmart.o
    0x9000f9b0   0x9000f9b0   0x000003d7   Data   RO         6542    .conststring        usmart_config.o


==============================================================================

Image component sizes


      Code (inc. data)   RO Data    RW Data    ZI Data      Debug   Object Name

       168         36          0          0         76       3102   btim.o
      2256        160          0          8        200       7277   dcmi.o
       146          8          0          4          0       2123   delay.o
       260         18          0          1          0       1746   key.o
     14536        200      18240          8         90      29973   lcd.o
       152         10          0          0          0       1015   led.o
       500         96          0          0          0    1328343   main.o
       440         58          0          0          0      37960   mpu.o
       476         12          0          0          0       4214   mpu6050.o
       464         28          0          0          0       6638   myi2c.o
      2408        430         53         56          0       7241   mytask.o
      2044         64       5387          0          0      14682   ov5640.o
       606         32          0          0          0       4603   sccb.o
        92         26        664          0       2048       1004   startup_stm32h750xx.o
       254         54          0          9          0      24127   stm32h7xx_hal.o
       550         38          0          0          0      43339   stm32h7xx_hal_cortex.o
       414          8          0          0          0       6464   stm32h7xx_hal_dcmi.o
      5986        144          8          0          0      12243   stm32h7xx_hal_dma.o
      1036         22          0          0          0       2677   stm32h7xx_hal_dma_ex.o
       556         52          0          0          0       3656   stm32h7xx_hal_gpio.o
        20          6          0          0          0        613   stm32h7xx_hal_pwr_ex.o
      3648        114          0          0          0       7208   stm32h7xx_hal_rcc.o
      5300        108          0          0          0       7589   stm32h7xx_hal_rcc_ex.o
       112          6          0          0          0       1304   stm32h7xx_hal_sram.o
       942         68          0          0          0       6367   stm32h7xx_hal_tim.o
         6          0          0          0          0       2368   stm32h7xx_hal_tim_ex.o
      5708        204         24          0          0      39342   stm32h7xx_hal_uart.o
         6          0          0          0          0       2385   stm32h7xx_hal_uart_ex.o
        44          6          0          0          0       4561   stm32h7xx_it.o
       334         10          0          0          0       3896   stm32h7xx_ll_fmc.o
      1156         64          0          0          0      39282   sys.o
         0          0         16          8          0        917   system_stm32h7xx.o
       572         82          0          7        348       6225   usart.o
       312         36          0          8          0       1762   usart2.o
       280         30          0          5        276       2820   usart4.o
      2898       1308         40         28          0       6326   usmart.o
         0          0        983        420          0       1700   usmart_config.o
       324         50          0          0         76       3742   usmart_port.o
      1400         20          0          0          0       9849   usmart_str.o
      1210        154          0         16          0       5846   vision.o

    ----------------------------------------------------------------------
     58088       3762      25453        584       3116    1696529   Object Totals
       440          0         32          0          0          0   (incl. Generated)
        32          0          6          6          2          0   (incl. Padding)

    ----------------------------------------------------------------------

      Code (inc. data)   RO Data    RW Data    ZI Data      Debug   Library Member Name

        90          0          0          0          0          0   __dczerorl2.o
         8          0          0          0          0         68   __main.o
       392          4         17          0          0         92   __printf_flags_ss_wp.o
        14          0          0          0          0         68   __printf_wp.o
         0          0          0          0          0          0   __rtentry.o
        12          0          0          0          0          0   __rtentry2.o
         6          0          0          0          0          0   __rtentry4.o
        52          8          0          0          0          0   __scatter.o
        28          0          0          0          0          0   __scatter_zi.o
         6          0          0          0          0          0   _printf_c.o
        44          0          0          0          0        108   _printf_char.o
        48          6          0          0          0         96   _printf_char_common.o
        36          4          0          0          0         80   _printf_char_file.o
         6          0          0          0          0          0   _printf_d.o
       120         16          0          0          0         92   _printf_dec.o
        88          4         40          0          0         88   _printf_hex_int.o
       178          0          0          0          0         88   _printf_intcommon.o
        78          0          0          0          0        108   _printf_pad.o
         0          0          0          0          0          0   _printf_percent.o
         4          0          0          0          0          0   _printf_percent_end.o
         6          0          0          0          0          0   _printf_s.o
        82          0          0          0          0         80   _printf_str.o
         6          0          0          0          0          0   _printf_u.o
         6          0          0          0          0          0   _printf_x.o
        10          0          0          0          0         68   _sputc.o
        18          0          0          0          0         80   exit.o
         8          0          0          0          0         68   ferror.o
         6          0          0          0          0        152   heapauxi.o
         2          0          0          0          0          0   libinit.o
         6          0          0          0          0          0   libinit2.o
         2          0          0          0          0          0   libshutdown.o
         2          0          0          0          0          0   libshutdown2.o
         8          4          0          0         96         68   libspace.o
       238          0          0          0          0        100   lludivv7m.o
        24          4          0          0          0         84   noretval__2printf.o
        40          6          0          0          0         84   noretval__2sprintf.o
        68          0          0          0          0         68   rt_memclr.o
        78          0          0          0          0         80   rt_memclr_w.o
         2          0          0          0          0          0   rtexit.o
        10          0          0          0          0          0   rtexit2.o
        62          0          0          0          0         76   strlen.o
        74          0          0          0          0         80   sys_stackheap_outer.o
         2          0          0          0          0         68   use_no_semi.o
         2          0          0          0          0         68   use_no_semi_2.o
        10          0          0          0          0        116   fpinit.o
         0          0          0          0          0          0   usenofp.o
       600         98          0          0          0        184   atan2f.o
        38          0          0          0          0        116   fpclassifyf.o
        22          6          0          0          0        232   funder.o

    ----------------------------------------------------------------------
      2658        160         57          0        100       2760   Library Totals
        16          0          0          0          4          0   (incl. Padding)

    ----------------------------------------------------------------------

      Code (inc. data)   RO Data    RW Data    ZI Data      Debug   Library Name

      1972         56         57          0         96       2112   c_w.l
        10          0          0          0          0        116   fz_wv.l
       660        104          0          0          0        532   m_wv.l

    ----------------------------------------------------------------------
      2658        160         57          0        100       2760   Library Totals

    ----------------------------------------------------------------------

==============================================================================


      Code (inc. data)   RO Data    RW Data    ZI Data      Debug   

     60746       3922      25510        584       3216    1674697   Grand Totals
     60746       3922      25510        228       3216    1674697   ELF Image Totals (compressed)
     60746       3922      25510        228          0          0   ROM Totals

==============================================================================

    Total RO  Size (Code + RO Data)                86256 (  84.23kB)
    Total RW  Size (RW Data + ZI Data)              3800 (   3.71kB)
    Total ROM Size (Code + RO Data + RW Data)      86484 (  84.46kB)

==============================================================================

